     VMA      LMA     Size Align Out     In      Symbol
       0        0        0     1 PROVIDE ( NonMaskableInt = DefaultHandler )
       0        0        0     1 PROVIDE ( MemoryManagement = DefaultHandler )
       0        0        0     1 PROVIDE ( BusFault = DefaultHandler )
       0        0        0     1 PROVIDE ( UsageFault = DefaultHandler )
       0        0        0     1 PROVIDE ( SVCall = DefaultHandler )
       0        0        0     1 PROVIDE ( DebugMonitor = DefaultHandler )
       0        0        0     1 PROVIDE ( __pre_init = DefaultPreInit )
       0        0        0     1 PROVIDE ( _ram_end = ORIGIN ( RAM ) + LENGTH ( RAM ) )
       0        0        0     1 PROVIDE ( _stack_start = _ram_end )
 8000000  8000000      1c4     4 .vector_table
 8000000  8000000        0     1         __vector_table = .
 8000000  8000000        4     1         LONG ( _stack_start & 0xFFFFFFF8 )
 8000004  8000004        4     4         /Users/janjongen/Documents/workspace/threadx-rust/threadx-app/cross/target/thumbv7em-none-eabihf/release/deps/executor-c48acb0da55042e0.executor.efb52103ba10d4f3-cgu.0.rcgu.o:(.vector_table.reset_vector)
 8000004  8000004        4     1                 __RESET_VECTOR
 8000008  8000008        0     1         __exceptions = .
 8000008  8000008       38     4         /Users/janjongen/Documents/workspace/threadx-rust/threadx-app/cross/target/thumbv7em-none-eabihf/release/deps/executor-c48acb0da55042e0.executor.efb52103ba10d4f3-cgu.0.rcgu.o:(.vector_table.exceptions)
 8000008  8000008       38     1                 __EXCEPTIONS
 8000040  8000040        0     1         __eexceptions = .
 8000040  8000040      184     4         /Users/janjongen/Documents/workspace/threadx-rust/threadx-app/cross/target/thumbv7em-none-eabihf/release/deps/executor-c48acb0da55042e0.executor.efb52103ba10d4f3-cgu.0.rcgu.o:(.vector_table.interrupts)
 8000040  8000040      184     1                 __INTERRUPTS
 80001c4  80001c4        0     1 PROVIDE ( _stext = ADDR ( .vector_table ) + SIZEOF ( .vector_table ) )
 80001c4  80001c4     ffe8    16 .text
 80001c4  80001c4        0     1         __stext = .
 80001c4  80001c4       58     4         /Users/janjongen/Documents/workspace/threadx-rust/threadx-app/cross/target/thumbv7em-none-eabihf/release/deps/executor-c48acb0da55042e0.executor.efb52103ba10d4f3-cgu.0.rcgu.o:(.Reset)
 80001c4  80001c4        0     1                 $t
 80001c5  80001c5       3e     1                 Reset
 8000204  8000204        0     1                 $d
 800021c  800021c     117a     4         /Users/janjongen/Documents/workspace/threadx-rust/threadx-app/cross/target/thumbv7em-none-eabihf/release/deps/executor-c48acb0da55042e0.executor.efb52103ba10d4f3-cgu.0.rcgu.o:(.text._ZN107_$LT$embedded_graphics..text..text..Text$LT$S$GT$$u20$as$u20$embedded_graphics_core..drawable..Drawable$GT$4draw17h27b03ce8e7d6c1cbE)
 800021c  800021c        0     1                 $t
 800021d  800021d     117a     1                 _$LT$embedded_graphics..text..text..Text$LT$S$GT$$u20$as$u20$embedded_graphics_core..drawable..Drawable$GT$::draw::h27b03ce8e7d6c1cb
 8000638  8000638        0     1                 $d
 800063c  800063c        0     1                 $t
 8000bf2  8000bf2        0     1                 $d
 8000bf6  8000bf6        0     1                 $t
 8000f22  8000f22        0     1                 $d
 8000f26  8000f26        0     1                 $t
 8001288  8001288        0     1                 $d
 800128c  800128c        0     1                 $t
 8001346  8001346        0     1                 $d
 800134a  800134a        0     1                 $t
 8001398  8001398      140     4         /Users/janjongen/Documents/workspace/threadx-rust/threadx-app/cross/target/thumbv7em-none-eabihf/release/deps/executor-c48acb0da55042e0.executor.efb52103ba10d4f3-cgu.0.rcgu.o:(.text._ZN22embedded_graphics_core11draw_target10DrawTarget10fill_solid17h6667b2820e39223cE)
 8001398  8001398        0     1                 $t
 8001399  8001399      140     1                 embedded_graphics_core::draw_target::DrawTarget::fill_solid::h6667b2820e39223c
 8001452  8001452        0     1                 $d
 8001456  8001456        0     1                 $t
 80014d8  80014d8        e     2         /Users/janjongen/Documents/workspace/threadx-rust/threadx-app/cross/target/thumbv7em-none-eabihf/release/deps/executor-c48acb0da55042e0.executor.efb52103ba10d4f3-cgu.0.rcgu.o:(.text._ZN4core3fmt5Write9write_fmt17hfaae68cdfc43aa43E)
 80014d8  80014d8        0     1                 $t
 80014d9  80014d9        e     1                 core::fmt::Write::write_fmt::hfaae68cdfc43aa43
 80014e6  80014e6      20e     2         /Users/janjongen/Documents/workspace/threadx-rust/threadx-app/cross/target/thumbv7em-none-eabihf/release/deps/executor-c48acb0da55042e0.executor.efb52103ba10d4f3-cgu.0.rcgu.o:(.text._ZN4core3ops8function6FnOnce40call_once$u7b$$u7b$vtable.shim$u7d$$u7d$17h39e93bae1b7726d4E)
 80014e6  80014e6        0     1                 $t
 80014e7  80014e7      20e     1                 core::ops::function::FnOnce::call_once$u7b$$u7b$vtable.shim$u7d$$u7d$::h39e93bae1b7726d4
 80016f4  80016f4      792     4         /Users/janjongen/Documents/workspace/threadx-rust/threadx-app/cross/target/thumbv7em-none-eabihf/release/deps/executor-c48acb0da55042e0.executor.efb52103ba10d4f3-cgu.0.rcgu.o:(.text._ZN4core3ops8function6FnOnce40call_once$u7b$$u7b$vtable.shim$u7d$$u7d$17h7bf5185a0fd3deceE)
 80016f4  80016f4        0     1                 $t
 80016f5  80016f5      792     1                 core::ops::function::FnOnce::call_once$u7b$$u7b$vtable.shim$u7d$$u7d$::h7bf5185a0fd3dece
 800196c  800196c        0     1                 $d
 8001970  8001970        0     1                 $t
 80019ac  80019ac        0     1                 $d
 80019b0  80019b0        0     1                 $t
 8001e88  8001e88      922     4         /Users/janjongen/Documents/workspace/threadx-rust/threadx-app/cross/target/thumbv7em-none-eabihf/release/deps/executor-c48acb0da55042e0.executor.efb52103ba10d4f3-cgu.0.rcgu.o:(.text._ZN4core3ops8function6FnOnce40call_once$u7b$$u7b$vtable.shim$u7d$$u7d$17hfc026e0bd2c883ddE)
 8001e88  8001e88        0     1                 $t
 8001e89  8001e89      922     1                 core::ops::function::FnOnce::call_once$u7b$$u7b$vtable.shim$u7d$$u7d$::hfc026e0bd2c883dd
 80021b8  80021b8        0     1                 $d
 80021c4  80021c4        0     1                 $t
 800244c  800244c        0     1                 $d
 8002454  8002454        0     1                 $t
 80027ac  80027ac      af0     4         /Users/janjongen/Documents/workspace/threadx-rust/threadx-app/cross/target/thumbv7em-none-eabihf/release/deps/executor-c48acb0da55042e0.executor.efb52103ba10d4f3-cgu.0.rcgu.o:(.text._ZN4core3ops8function6FnOnce9call_once17h1752fd4ecd1e585bE)
 80027ac  80027ac        0     1                 $t
 80027ad  80027ad      aea     1                 core::ops::function::FnOnce::call_once::h1752fd4ecd1e585b
 8003298  8003298        0     1                 $d
 800329c  800329c      5a2     2         /Users/janjongen/Documents/workspace/threadx-rust/threadx-app/cross/target/thumbv7em-none-eabihf/release/deps/executor-c48acb0da55042e0.executor.efb52103ba10d4f3-cgu.0.rcgu.o:(.text._ZN4core3ops8function6FnOnce9call_once17h2a9a371de724ffaeE)
 800329c  800329c        0     1                 $t
 800329d  800329d      5a2     1                 core::ops::function::FnOnce::call_once::h2a9a371de724ffae
 800383e  800383e       7e     2         /Users/janjongen/Documents/workspace/threadx-rust/threadx-app/cross/target/thumbv7em-none-eabihf/release/deps/executor-c48acb0da55042e0.executor.efb52103ba10d4f3-cgu.0.rcgu.o:(.text._ZN4core3ptr113drop_in_place$LT$threadx_rs..mutex..MutexGuard$LT$$u5b$threadx_rs..executor..SignalState$u3b$$u20$31$u5d$$GT$$GT$17hca5a20de30cede8eE)
 800383e  800383e        0     1                 $t
 800383f  800383f       7e     1                 core::ptr::drop_in_place$LT$threadx_rs..mutex..MutexGuard$LT$$u5b$threadx_rs..executor..SignalState$u3b$$u20$31$u5d$$GT$$GT$::hca5a20de30cede8e
 80038bc  80038bc        2     2         /Users/janjongen/Documents/workspace/threadx-rust/threadx-app/cross/target/thumbv7em-none-eabihf/release/deps/executor-c48acb0da55042e0.executor.efb52103ba10d4f3-cgu.0.rcgu.o:(.text._ZN4core3ptr61drop_in_place$LT$heapless..string..String$LT$64_usize$GT$$GT$17h9ed76756968fb36dE)
 80038bc  80038bc        0     1                 $t
 80038bd  80038bd        2     1                 core::ptr::drop_in_place$LT$heapless..string..String$LT$64_usize$GT$$GT$::h9ed76756968fb36d
 80038be  80038be       22     2         /Users/janjongen/Documents/workspace/threadx-rust/threadx-app/cross/target/thumbv7em-none-eabihf/release/deps/executor-c48acb0da55042e0.executor.efb52103ba10d4f3-cgu.0.rcgu.o:(.text._ZN5alloc4task9raw_waker10drop_waker17hc88bccea92b06391E)
 80038be  80038be        0     1                 $t
 80038bf  80038bf       22     1                 alloc::task::raw_waker::drop_waker::hc88bccea92b06391
 80038e0  80038e0       26     2         /Users/janjongen/Documents/workspace/threadx-rust/threadx-app/cross/target/thumbv7em-none-eabihf/release/deps/executor-c48acb0da55042e0.executor.efb52103ba10d4f3-cgu.0.rcgu.o:(.text._ZN5alloc4task9raw_waker11clone_waker17hd2f658244f333302E)
 80038e0  80038e0        0     1                 $t
 80038e1  80038e1       26     1                 alloc::task::raw_waker::clone_waker::hd2f658244f333302
 8003906  8003906       3a     2         /Users/janjongen/Documents/workspace/threadx-rust/threadx-app/cross/target/thumbv7em-none-eabihf/release/deps/executor-c48acb0da55042e0.executor.efb52103ba10d4f3-cgu.0.rcgu.o:(.text._ZN5alloc4task9raw_waker11wake_by_ref17h98802a68a6583442E)
 8003906  8003906        0     1                 $t
 8003907  8003907       3a     1                 alloc::task::raw_waker::wake_by_ref::h98802a68a6583442
 8003940  8003940       66     2         /Users/janjongen/Documents/workspace/threadx-rust/threadx-app/cross/target/thumbv7em-none-eabihf/release/deps/executor-c48acb0da55042e0.executor.efb52103ba10d4f3-cgu.0.rcgu.o:(.text._ZN5alloc4task9raw_waker4wake17h2d85023de768b68cE)
 8003940  8003940        0     1                 $t
 8003941  8003941       66     1                 alloc::task::raw_waker::wake::h2d85023de768b68c
 80039a6  80039a6       32     2         /Users/janjongen/Documents/workspace/threadx-rust/threadx-app/cross/target/thumbv7em-none-eabihf/release/deps/executor-c48acb0da55042e0.executor.efb52103ba10d4f3-cgu.0.rcgu.o:(.text._ZN63_$LT$threadx_rs..error..TxError$u20$as$u20$core..fmt..Debug$GT$3fmt17hd14508b63b6df65aE)
 80039a6  80039a6        0     1                 $t
 80039a7  80039a7       32     1                 _$LT$threadx_rs..error..TxError$u20$as$u20$core..fmt..Debug$GT$::fmt::hd14508b63b6df65a
 80039d8  80039d8       2c     2         /Users/janjongen/Documents/workspace/threadx-rust/threadx-app/cross/target/thumbv7em-none-eabihf/release/deps/executor-c48acb0da55042e0.executor.efb52103ba10d4f3-cgu.0.rcgu.o:(.text._ZN68_$LT$display_interface..DisplayError$u20$as$u20$core..fmt..Debug$GT$3fmt17hc632bea7fb4ae0ceE)
 80039d8  80039d8        0     1                 $t
 80039d9  80039d9       2c     1                 _$LT$display_interface..DisplayError$u20$as$u20$core..fmt..Debug$GT$::fmt::hc632bea7fb4ae0ce
 8003a04  8003a04      142     2         /Users/janjongen/Documents/workspace/threadx-rust/threadx-app/cross/target/thumbv7em-none-eabihf/release/deps/executor-c48acb0da55042e0.executor.efb52103ba10d4f3-cgu.0.rcgu.o:(.text._ZN70_$LT$heapless..string..String$LT$_$GT$$u20$as$u20$core..fmt..Write$GT$10write_char17h1838ad9c079360baE)
 8003a04  8003a04        0     1                 $t
 8003a05  8003a05      142     1                 _$LT$heapless..string..String$LT$_$GT$$u20$as$u20$core..fmt..Write$GT$::write_char::h1838ad9c079360ba
 8003b46  8003b46       a6     2         /Users/janjongen/Documents/workspace/threadx-rust/threadx-app/cross/target/thumbv7em-none-eabihf/release/deps/executor-c48acb0da55042e0.executor.efb52103ba10d4f3-cgu.0.rcgu.o:(.text._ZN70_$LT$heapless..string..String$LT$_$GT$$u20$as$u20$core..fmt..Write$GT$9write_str17h813084303edb7b25E)
 8003b46  8003b46        0     1                 $t
 8003b47  8003b47       a6     1                 _$LT$heapless..string..String$LT$_$GT$$u20$as$u20$core..fmt..Write$GT$::write_str::h813084303edb7b25
 8003bec  8003bec      17a     4         /Users/janjongen/Documents/workspace/threadx-rust/threadx-app/cross/target/thumbv7em-none-eabihf/release/deps/executor-c48acb0da55042e0.executor.efb52103ba10d4f3-cgu.0.rcgu.o:(.text._ZN70_$LT$stm32f4xx_hal..i2c..common..Error$u20$as$u20$core..fmt..Debug$GT$3fmt17hf4f46bcdd58e014aE)
 8003bec  8003bec        0     1                 $t
 8003bed  8003bed      17a     1                 _$LT$stm32f4xx_hal..i2c..common..Error$u20$as$u20$core..fmt..Debug$GT$::fmt::hf4f46bcdd58e014a
 8003c08  8003c08        0     1                 $d
 8003c0e  8003c0e        0     1                 $t
 8003d66  8003d66       2c     2         /Users/janjongen/Documents/workspace/threadx-rust/threadx-app/cross/target/thumbv7em-none-eabihf/release/deps/executor-c48acb0da55042e0.executor.efb52103ba10d4f3-cgu.0.rcgu.o:(.text._ZN72_$LT$threadx_rs..executor..ExecutorError$u20$as$u20$core..fmt..Debug$GT$3fmt17h2601997875409f3eE)
 8003d66  8003d66        0     1                 $t
 8003d67  8003d67       2c     1                 _$LT$threadx_rs..executor..ExecutorError$u20$as$u20$core..fmt..Debug$GT$::fmt::h2601997875409f3e
 8003d92  8003d92       62     2         /Users/janjongen/Documents/workspace/threadx-rust/threadx-app/cross/target/thumbv7em-none-eabihf/release/deps/executor-c48acb0da55042e0.executor.efb52103ba10d4f3-cgu.0.rcgu.o:(.text.__rust_dealloc)
 8003d92  8003d92        0     1                 $t
 8003d93  8003d93       62     1                 __rust_dealloc
 8003df4  8003df4        8     2         /Users/janjongen/Documents/workspace/threadx-rust/threadx-app/cross/target/thumbv7em-none-eabihf/release/deps/executor-c48acb0da55042e0.executor.efb52103ba10d4f3-cgu.0.rcgu.o:(.text.main)
 8003df4  8003df4        0     1                 $t
 8003df5  8003df5        8     1                 main
 8003dfc  8003dfc       48     2         /Users/janjongen/Documents/workspace/threadx-rust/threadx-app/cross/target/thumbv7em-none-eabihf/release/deps/executor-c48acb0da55042e0.executor.efb52103ba10d4f3-cgu.0.rcgu.o:(.text._ZN8executor18__cortex_m_rt_main17h2f2c94869c0fd1b8E)
 8003dfc  8003dfc        0     1                 $t
 8003dfd  8003dfd       48     1                 executor::__cortex_m_rt_main::h2f2c94869c0fd1b8
 8003e44  8003e44        8     2         /Users/janjongen/Documents/workspace/threadx-rust/threadx-app/cross/target/thumbv7em-none-eabihf/release/deps/executor-c48acb0da55042e0.executor.efb52103ba10d4f3-cgu.0.rcgu.o:(.text.unlikely._ZN5alloc5alloc18handle_alloc_error17h8a0f364cc9a28125E)
 8003e44  8003e44        0     1                 $t
 8003e45  8003e45        8     1                 alloc::alloc::handle_alloc_error::h8a0f364cc9a28125
 8003e4c  8003e4c       36     2         /Users/janjongen/Documents/workspace/threadx-rust/threadx-app/cross/target/thumbv7em-none-eabihf/release/deps/executor-c48acb0da55042e0.executor.efb52103ba10d4f3-cgu.0.rcgu.o:(.text.__rdl_oom)
 8003e4c  8003e4c        0     1                 $t
 8003e4d  8003e4d       36     1                 __rdl_oom
 8003e82  8003e82      43e     2         /Users/janjongen/Documents/workspace/threadx-rust/threadx-app/cross/target/thumbv7em-none-eabihf/release/deps/executor-c48acb0da55042e0.executor.efb52103ba10d4f3-cgu.0.rcgu.o:(.text._ZN56_$LT$board..I2CBus$u20$as$u20$embedded_hal..i2c..I2c$GT$11transaction17h4e8e03311ec25abbE)
 8003e82  8003e82        0     1                 $t
 8003e83  8003e83      43e     1                 _$LT$board..I2CBus$u20$as$u20$embedded_hal..i2c..I2c$GT$::transaction::h4e8e03311ec25abb
 80042c0  80042c0      136     2         /Users/janjongen/Documents/workspace/threadx-rust/threadx-app/cross/target/thumbv7em-none-eabihf/release/deps/executor-c48acb0da55042e0.executor.efb52103ba10d4f3-cgu.0.rcgu.o:(.text._ZN13stm32f4xx_hal3i2c14I2c$LT$I2C$GT$12prepare_read17h73114229b4270fc8E)
 80042c0  80042c0        0     1                 $t
 80042c1  80042c1      136     1                 stm32f4xx_hal::i2c::I2c$LT$I2C$GT$::prepare_read::h73114229b4270fc8
 80043f6  80043f6       c0     2         /Users/janjongen/Documents/workspace/threadx-rust/threadx-app/cross/target/thumbv7em-none-eabihf/release/deps/executor-c48acb0da55042e0.executor.efb52103ba10d4f3-cgu.0.rcgu.o:(.text._ZN13stm32f4xx_hal3i2c14I2c$LT$I2C$GT$11write_bytes17he074a2bdde8c2ec5E)
 80043f6  80043f6        0     1                 $t
 80043f7  80043f7       c0     1                 stm32f4xx_hal::i2c::I2c$LT$I2C$GT$::write_bytes::he074a2bdde8c2ec5
 80044b8  80044b8      25e     4         /Users/janjongen/Documents/workspace/threadx-rust/threadx-app/cross/target/thumbv7em-none-eabihf/release/deps/executor-c48acb0da55042e0.executor.efb52103ba10d4f3-cgu.0.rcgu.o:(.text._ZN7ssd13067command7Command4send17he2cd65150d1e1d9dE)
 80044b8  80044b8        0     1                 $t
 80044b9  80044b9      25e     1                 ssd1306::command::Command::send::he2cd65150d1e1d9d
 80044d4  80044d4        0     1                 $d
 800450a  800450a        0     1                 $t
 8004716  8004716       2c     2         /Users/janjongen/Documents/workspace/threadx-rust/threadx-app/cross/target/thumbv7em-none-eabihf/release/deps/executor-c48acb0da55042e0.executor.efb52103ba10d4f3-cgu.0.rcgu.o:(.text._ZN68_$LT$display_interface..DisplayError$u20$as$u20$core..fmt..Debug$GT$3fmt17hc632bea7fb4ae0ceE.129)
 8004716  8004716        0     1                 $t
 8004717  8004717       2c     1                 _$LT$display_interface..DisplayError$u20$as$u20$core..fmt..Debug$GT$::fmt::hc632bea7fb4ae0ce (.129)
 8004744  8004744      17a     4         /Users/janjongen/Documents/workspace/threadx-rust/threadx-app/cross/target/thumbv7em-none-eabihf/release/deps/executor-c48acb0da55042e0.executor.efb52103ba10d4f3-cgu.0.rcgu.o:(.text._ZN70_$LT$stm32f4xx_hal..i2c..common..Error$u20$as$u20$core..fmt..Debug$GT$3fmt17hf4f46bcdd58e014aE.130)
 8004744  8004744        0     1                 $t
 8004745  8004745      17a     1                 _$LT$stm32f4xx_hal..i2c..common..Error$u20$as$u20$core..fmt..Debug$GT$::fmt::hf4f46bcdd58e014a (.130)
 8004760  8004760        0     1                 $d
 8004766  8004766        0     1                 $t
 80048be  80048be       8e     2         /Users/janjongen/Documents/workspace/threadx-rust/threadx-app/cross/target/thumbv7em-none-eabihf/release/deps/executor-c48acb0da55042e0.executor.efb52103ba10d4f3-cgu.0.rcgu.o:(.text.EXTI4)
 80048be  80048be        0     1                 $t
 80048bf  80048bf       8e     1                 EXTI4
 800494c  800494c       90     2         /Users/janjongen/Documents/workspace/threadx-rust/threadx-app/cross/target/thumbv7em-none-eabihf/release/deps/executor-c48acb0da55042e0.executor.efb52103ba10d4f3-cgu.0.rcgu.o:(.text.EXTI15_10)
 800494c  800494c        0     1                 $t
 800494d  800494d       90     1                 EXTI15_10
 80049dc  80049dc        8     2         /Users/janjongen/Documents/workspace/threadx-rust/threadx-app/cross/target/thumbv7em-none-eabihf/release/deps/executor-c48acb0da55042e0.executor.efb52103ba10d4f3-cgu.0.rcgu.o:(.text.unlikely._ZN4core5slice5index26slice_start_index_len_fail17h51b68e2ea9882740E)
 80049dc  80049dc        0     1                 $t
 80049dd  80049dd        8     1                 core::slice::index::slice_start_index_len_fail::h51b68e2ea9882740
 80049e4  80049e4       3c     4         /Users/janjongen/Documents/workspace/threadx-rust/threadx-app/cross/target/thumbv7em-none-eabihf/release/deps/executor-c48acb0da55042e0.executor.efb52103ba10d4f3-cgu.0.rcgu.o:(.text.unlikely._ZN4core9panicking18panic_bounds_check17h20e4c1b49b310f5fE)
 80049e4  80049e4        0     1                 $t
 80049e5  80049e5       3c     1                 core::panicking::panic_bounds_check::h20e4c1b49b310f5f
 8004a18  8004a18        0     1                 $d
 8004a20  8004a20       f2     2         /Users/janjongen/Documents/workspace/threadx-rust/threadx-app/cross/target/thumbv7em-none-eabihf/release/deps/executor-c48acb0da55042e0.executor.efb52103ba10d4f3-cgu.0.rcgu.o:(.text._ZN4core3fmt3num3imp52_$LT$impl$u20$core..fmt..Display$u20$for$u20$u32$GT$3fmt17h4de600dcb1473deaE)
 8004a20  8004a20        0     1                 $t
 8004a21  8004a21       f2     1                 core::fmt::num::imp::_$LT$impl$u20$core..fmt..Display$u20$for$u20$u32$GT$::fmt::h4de600dcb1473dea
 8004b12  8004b12       16     2         /Users/janjongen/Documents/workspace/threadx-rust/threadx-app/cross/target/thumbv7em-none-eabihf/release/deps/executor-c48acb0da55042e0.executor.efb52103ba10d4f3-cgu.0.rcgu.o:(.text.unlikely._ZN4core9panicking9panic_fmt17h16b5cf925bfec85bE)
 8004b12  8004b12        0     1                 $t
 8004b13  8004b13       16     1                 core::panicking::panic_fmt::h16b5cf925bfec85b
 8004b28  8004b28      216     2         /Users/janjongen/Documents/workspace/threadx-rust/threadx-app/cross/target/thumbv7em-none-eabihf/release/deps/executor-c48acb0da55042e0.executor.efb52103ba10d4f3-cgu.0.rcgu.o:(.text._ZN4core3fmt9Formatter12pad_integral17hd4f59c0c0632e3aaE)
 8004b28  8004b28        0     1                 $t
 8004b29  8004b29      216     1                 core::fmt::Formatter::pad_integral::hd4f59c0c0632e3aa
 8004d3e  8004d3e      486     2         /Users/janjongen/Documents/workspace/threadx-rust/threadx-app/cross/target/thumbv7em-none-eabihf/release/deps/executor-c48acb0da55042e0.executor.efb52103ba10d4f3-cgu.0.rcgu.o:(.text._ZN4core3str5count14do_count_chars17h2063d98b0b92f856E)
 8004d3e  8004d3e        0     1                 $t
 8004d3f  8004d3f      486     1                 core::str::count::do_count_chars::h2063d98b0b92f856
 80051c4  80051c4       46     2         /Users/janjongen/Documents/workspace/threadx-rust/threadx-app/cross/target/thumbv7em-none-eabihf/release/deps/executor-c48acb0da55042e0.executor.efb52103ba10d4f3-cgu.0.rcgu.o:(.text._ZN4core3fmt9Formatter12pad_integral12write_prefix17hcecf46879cbe59f2E)
 80051c4  80051c4        0     1                 $t
 80051c5  80051c5       46     1                 core::fmt::Formatter::pad_integral::write_prefix::hcecf46879cbe59f2
 800520a  800520a       46     2         /Users/janjongen/Documents/workspace/threadx-rust/threadx-app/cross/target/thumbv7em-none-eabihf/release/deps/executor-c48acb0da55042e0.executor.efb52103ba10d4f3-cgu.0.rcgu.o:(.text._ZN4core5slice5index26slice_start_index_len_fail8do_panic7runtime17h6e6e146111cd2a9fE)
 800520a  800520a        0     1                 $t
 800520b  800520b       46     1                 core::slice::index::slice_start_index_len_fail::do_panic::runtime::h6e6e146111cd2a9f
 8005250  8005250        8     2         /Users/janjongen/Documents/workspace/threadx-rust/threadx-app/cross/target/thumbv7em-none-eabihf/release/deps/executor-c48acb0da55042e0.executor.efb52103ba10d4f3-cgu.0.rcgu.o:(.text.unlikely._ZN4core5slice5index24slice_end_index_len_fail17ha1a587df2956486eE)
 8005250  8005250        0     1                 $t
 8005251  8005251        8     1                 core::slice::index::slice_end_index_len_fail::ha1a587df2956486e
 8005258  8005258       3e     2         /Users/janjongen/Documents/workspace/threadx-rust/threadx-app/cross/target/thumbv7em-none-eabihf/release/deps/executor-c48acb0da55042e0.executor.efb52103ba10d4f3-cgu.0.rcgu.o:(.text._ZN4core5slice5index24slice_end_index_len_fail8do_panic7runtime17hc9a3d4cdf5565fb4E)
 8005258  8005258        0     1                 $t
 8005259  8005259       3e     1                 core::slice::index::slice_end_index_len_fail::do_panic::runtime::hc9a3d4cdf5565fb4
 8005296  8005296       26     2         /Users/janjongen/Documents/workspace/threadx-rust/threadx-app/cross/target/thumbv7em-none-eabihf/release/deps/executor-c48acb0da55042e0.executor.efb52103ba10d4f3-cgu.0.rcgu.o:(.text.unlikely._ZN4core9panicking5panic17h3ebd9fe1fd833a19E)
 8005296  8005296        0     1                 $t
 8005297  8005297       26     1                 core::panicking::panic::h3ebd9fe1fd833a19
 80052bc  80052bc       10     2         /Users/janjongen/Documents/workspace/threadx-rust/threadx-app/cross/target/thumbv7em-none-eabihf/release/deps/executor-c48acb0da55042e0.executor.efb52103ba10d4f3-cgu.0.rcgu.o:(.text.unlikely._ZN4core9panicking13assert_failed17hb034f48548bf1c41E)
 80052bc  80052bc        0     1                 $t
 80052bd  80052bd       10     1                 core::panicking::assert_failed::hb034f48548bf1c41
 80052cc  80052cc       a4     4         /Users/janjongen/Documents/workspace/threadx-rust/threadx-app/cross/target/thumbv7em-none-eabihf/release/deps/executor-c48acb0da55042e0.executor.efb52103ba10d4f3-cgu.0.rcgu.o:(.text.unlikely._ZN4core9panicking19assert_failed_inner17hf2c24ceff2a668a3E)
 80052cc  80052cc        0     1                 $t
 80052cd  80052cd       a4     1                 core::panicking::assert_failed_inner::hf2c24ceff2a668a3
 8005350  8005350        0     1                 $d
 8005370  8005370      24a     2         /Users/janjongen/Documents/workspace/threadx-rust/threadx-app/cross/target/thumbv7em-none-eabihf/release/deps/executor-c48acb0da55042e0.executor.efb52103ba10d4f3-cgu.0.rcgu.o:(.text._ZN44_$LT$$RF$T$u20$as$u20$core..fmt..Display$GT$3fmt17hc29b2a2df913f64cE)
 8005370  8005370        0     1                 $t
 8005371  8005371      24a     1                 _$LT$$RF$T$u20$as$u20$core..fmt..Display$GT$::fmt::hc29b2a2df913f64c
 80055ba  80055ba        8     2         /Users/janjongen/Documents/workspace/threadx-rust/threadx-app/cross/target/thumbv7em-none-eabihf/release/deps/executor-c48acb0da55042e0.executor.efb52103ba10d4f3-cgu.0.rcgu.o:(.text._ZN42_$LT$$RF$T$u20$as$u20$core..fmt..Debug$GT$3fmt17h1a5cab425ce3253cE)
 80055ba  80055ba        0     1                 $t
 80055bb  80055bb        8     1                 _$LT$$RF$T$u20$as$u20$core..fmt..Debug$GT$::fmt::h1a5cab425ce3253c
 80055c2  80055c2        a     2         /Users/janjongen/Documents/workspace/threadx-rust/threadx-app/cross/target/thumbv7em-none-eabihf/release/deps/executor-c48acb0da55042e0.executor.efb52103ba10d4f3-cgu.0.rcgu.o:(.text._ZN59_$LT$core..fmt..Arguments$u20$as$u20$core..fmt..Display$GT$3fmt17h9ba4f515a72e7d47E)
 80055c2  80055c2        0     1                 $t
 80055c3  80055c3        a     1                 _$LT$core..fmt..Arguments$u20$as$u20$core..fmt..Display$GT$::fmt::h9ba4f515a72e7d47
 80055cc  80055cc      184     2         /Users/janjongen/Documents/workspace/threadx-rust/threadx-app/cross/target/thumbv7em-none-eabihf/release/deps/executor-c48acb0da55042e0.executor.efb52103ba10d4f3-cgu.0.rcgu.o:(.text._ZN4core3fmt5write17h0f60ad57bb70412fE)
 80055cc  80055cc        0     1                 $t
 80055cd  80055cd      184     1                 core::fmt::write::h0f60ad57bb70412f
 8005750  8005750      2a0     2         /Users/janjongen/Documents/workspace/threadx-rust/threadx-app/cross/target/thumbv7em-none-eabihf/release/deps/executor-c48acb0da55042e0.executor.efb52103ba10d4f3-cgu.0.rcgu.o:(.text._ZN42_$LT$$RF$T$u20$as$u20$core..fmt..Debug$GT$3fmt17h3e7877cb4077f877E)
 8005750  8005750        0     1                 $t
 8005751  8005751      2a0     1                 _$LT$$RF$T$u20$as$u20$core..fmt..Debug$GT$::fmt::h3e7877cb4077f877
 80059f0  80059f0      854     2         /Users/janjongen/Documents/workspace/threadx-rust/threadx-app/cross/target/thumbv7em-none-eabihf/release/deps/executor-c48acb0da55042e0.executor.efb52103ba10d4f3-cgu.0.rcgu.o:(.text._ZN4core3num7flt2dec8strategy6dragon9mul_pow1017h57728696ccf5ed57E)
 80059f0  80059f0        0     1                 $t
 80059f1  80059f1      854     1                 core::num::flt2dec::strategy::dragon::mul_pow10::h57728696ccf5ed57
 8006244  8006244      21c     2         /Users/janjongen/Documents/workspace/threadx-rust/threadx-app/cross/target/thumbv7em-none-eabihf/release/deps/executor-c48acb0da55042e0.executor.efb52103ba10d4f3-cgu.0.rcgu.o:(.text._ZN4core3num6bignum8Big32x4010mul_digits17h5ed72290b8cdc963E)
 8006244  8006244        0     1                 $t
 8006245  8006245      21c     1                 core::num::bignum::Big32x40::mul_digits::h5ed72290b8cdc963
 8006460  8006460      186     2         /Users/janjongen/Documents/workspace/threadx-rust/threadx-app/cross/target/thumbv7em-none-eabihf/release/deps/executor-c48acb0da55042e0.executor.efb52103ba10d4f3-cgu.0.rcgu.o:(.text._ZN4core3num6bignum8Big32x408mul_pow217h1f174aaa9d5c5983E)
 8006460  8006460        0     1                 $t
 8006461  8006461      186     1                 core::num::bignum::Big32x40::mul_pow2::h1f174aaa9d5c5983
 80065e6  80065e6       26     2         /Users/janjongen/Documents/workspace/threadx-rust/threadx-app/cross/target/thumbv7em-none-eabihf/release/deps/executor-c48acb0da55042e0.executor.efb52103ba10d4f3-cgu.0.rcgu.o:(.text.unlikely._ZN4core9panicking11panic_const23panic_const_div_by_zero17h4f947e8263ffbb87E)
 80065e6  80065e6        0     1                 $t
 80065e7  80065e7       26     1                 core::panicking::panic_const::panic_const_div_by_zero::h4f947e8263ffbb87
 800660c  800660c      1de     2         /Users/janjongen/Documents/workspace/threadx-rust/threadx-app/cross/target/thumbv7em-none-eabihf/release/deps/executor-c48acb0da55042e0.executor.efb52103ba10d4f3-cgu.0.rcgu.o:(.text._ZN4core3num7flt2dec8strategy5grisu16format_exact_opt14possibly_round17h8538a7ddd9986a80E)
 800660c  800660c        0     1                 $t
 800660d  800660d      1de     1                 core::num::flt2dec::strategy::grisu::format_exact_opt::possibly_round::h8538a7ddd9986a80
 80067ea  80067ea       e0     2         /Users/janjongen/Documents/workspace/threadx-rust/threadx-app/cross/target/thumbv7em-none-eabihf/release/deps/executor-c48acb0da55042e0.executor.efb52103ba10d4f3-cgu.0.rcgu.o:(.text._ZN4core3num7flt2dec17digits_to_dec_str17hed2b4f72b259471cE)
 80067ea  80067ea        0     1                 $t
 80067eb  80067eb       e0     1                 core::num::flt2dec::digits_to_dec_str::hed2b4f72b259471c
 80068ca  80068ca        8     2         /Users/janjongen/Documents/workspace/threadx-rust/threadx-app/cross/target/thumbv7em-none-eabihf/release/deps/executor-c48acb0da55042e0.executor.efb52103ba10d4f3-cgu.0.rcgu.o:(.text.unlikely._ZN4core5slice5index22slice_index_order_fail17hd19d4cd26088b30eE)
 80068ca  80068ca        0     1                 $t
 80068cb  80068cb        8     1                 core::slice::index::slice_index_order_fail::hd19d4cd26088b30e
 80068d2  80068d2       14     2         /Users/janjongen/Documents/workspace/threadx-rust/threadx-app/cross/target/thumbv7em-none-eabihf/release/deps/executor-c48acb0da55042e0.executor.efb52103ba10d4f3-cgu.0.rcgu.o:(.text.unlikely._ZN4core6option13unwrap_failed17h9b61b6ca010bc028E)
 80068d2  80068d2        0     1                 $t
 80068d3  80068d3       14     1                 core::option::unwrap_failed::h9b61b6ca010bc028
 80068e6  80068e6       44     2         /Users/janjongen/Documents/workspace/threadx-rust/threadx-app/cross/target/thumbv7em-none-eabihf/release/deps/executor-c48acb0da55042e0.executor.efb52103ba10d4f3-cgu.0.rcgu.o:(.text._ZN4core5slice5index22slice_index_order_fail8do_panic7runtime17h021ca6b9cc5f850eE)
 80068e6  80068e6        0     1                 $t
 80068e7  80068e7       44     1                 core::slice::index::slice_index_order_fail::do_panic::runtime::h021ca6b9cc5f850e
 800692a  800692a       12     2         /Users/janjongen/Documents/workspace/threadx-rust/threadx-app/cross/target/thumbv7em-none-eabihf/release/deps/executor-c48acb0da55042e0.executor.efb52103ba10d4f3-cgu.0.rcgu.o:(.text._ZN63_$LT$core..cell..BorrowMutError$u20$as$u20$core..fmt..Debug$GT$3fmt17h6ba45195b61cf550E)
 800692a  800692a        0     1                 $t
 800692b  800692b       12     1                 _$LT$core..cell..BorrowMutError$u20$as$u20$core..fmt..Debug$GT$::fmt::h6ba45195b61cf550
 800693c  800693c       34     2         /Users/janjongen/Documents/workspace/threadx-rust/threadx-app/cross/target/thumbv7em-none-eabihf/release/deps/executor-c48acb0da55042e0.executor.efb52103ba10d4f3-cgu.0.rcgu.o:(.text.unlikely._ZN4core4cell22panic_already_borrowed17hb44e3d313e4cad63E)
 800693c  800693c        0     1                 $t
 800693d  800693d       34     1                 core::cell::panic_already_borrowed::hb44e3d313e4cad63
 8006970  8006970      24a     2         /Users/janjongen/Documents/workspace/threadx-rust/threadx-app/cross/target/thumbv7em-none-eabihf/release/deps/executor-c48acb0da55042e0.executor.efb52103ba10d4f3-cgu.0.rcgu.o:(.text._ZN68_$LT$core..fmt..builders..PadAdapter$u20$as$u20$core..fmt..Write$GT$9write_str17ha0cbdb1159cf632bE)
 8006970  8006970        0     1                 $t
 8006971  8006971      24a     1                 _$LT$core..fmt..builders..PadAdapter$u20$as$u20$core..fmt..Write$GT$::write_str::ha0cbdb1159cf632b
 8006bba  8006bba       4a     2         /Users/janjongen/Documents/workspace/threadx-rust/threadx-app/cross/target/thumbv7em-none-eabihf/release/deps/executor-c48acb0da55042e0.executor.efb52103ba10d4f3-cgu.0.rcgu.o:(.text.unlikely._ZN4core6result13unwrap_failed17h9c56199e11ab2e75E)
 8006bba  8006bba        0     1                 $t
 8006bbb  8006bbb       4a     1                 core::result::unwrap_failed::h9c56199e11ab2e75
 8006c04  8006c04       38     2         /Users/janjongen/Documents/workspace/threadx-rust/threadx-app/cross/target/thumbv7em-none-eabihf/release/deps/executor-c48acb0da55042e0.executor.efb52103ba10d4f3-cgu.0.rcgu.o:(.text.unlikely._ZN4core6option13expect_failed17h099ad96634b9307aE)
 8006c04  8006c04        0     1                 $t
 8006c05  8006c05       38     1                 core::option::expect_failed::h099ad96634b9307a
 8006c3c  8006c3c       2c     2         /Users/janjongen/Documents/workspace/threadx-rust/threadx-app/cross/target/thumbv7em-none-eabihf/release/deps/executor-c48acb0da55042e0.executor.efb52103ba10d4f3-cgu.0.rcgu.o:(.text.unlikely._ZN4core9panicking18panic_nounwind_fmt17hd0668c137dac9c1aE)
 8006c3c  8006c3c        0     1                 $t
 8006c3d  8006c3d       2c     1                 core::panicking::panic_nounwind_fmt::hd0668c137dac9c1a
 8006c68  8006c68       40     2         /Users/janjongen/Documents/workspace/threadx-rust/threadx-app/cross/target/thumbv7em-none-eabihf/release/deps/executor-c48acb0da55042e0.executor.efb52103ba10d4f3-cgu.0.rcgu.o:(.text.unlikely._ZN4core9panicking14panic_explicit17h8991c96b179bfba2E)
 8006c68  8006c68        0     1                 $t
 8006c69  8006c69       40     1                 core::panicking::panic_explicit::h8991c96b179bfba2
 8006ca8  8006ca8      146     2         /Users/janjongen/Documents/workspace/threadx-rust/threadx-app/cross/target/thumbv7em-none-eabihf/release/deps/executor-c48acb0da55042e0.executor.efb52103ba10d4f3-cgu.0.rcgu.o:(.text._ZN4core5slice6memchr14memchr_aligned17hc1de41698ce7b406E)
 8006ca8  8006ca8        0     1                 $t
 8006ca9  8006ca9      146     1                 core::slice::memchr::memchr_aligned::hc1de41698ce7b406
 8006dee  8006dee     248e     2         /Users/janjongen/Documents/workspace/threadx-rust/threadx-app/cross/target/thumbv7em-none-eabihf/release/deps/executor-c48acb0da55042e0.executor.efb52103ba10d4f3-cgu.0.rcgu.o:(.text._ZN4core3fmt5float29float_to_decimal_common_exact17hf9a6ecb3e48c62bbE)
 8006dee  8006dee        0     1                 $t
 8006def  8006def     248e     1                 core::fmt::float::float_to_decimal_common_exact::hf9a6ecb3e48c62bb
 800927c  800927c     2dfc     2         /Users/janjongen/Documents/workspace/threadx-rust/threadx-app/cross/target/thumbv7em-none-eabihf/release/deps/executor-c48acb0da55042e0.executor.efb52103ba10d4f3-cgu.0.rcgu.o:(.text._ZN4core3fmt5float32float_to_decimal_common_shortest17he6b3d26498a07897E)
 800927c  800927c        0     1                 $t
 800927d  800927d     2dfc     1                 core::fmt::float::float_to_decimal_common_shortest::he6b3d26498a07897
 800c078  800c078      180     2         /Users/janjongen/Documents/workspace/threadx-rust/threadx-app/cross/target/thumbv7em-none-eabihf/release/deps/executor-c48acb0da55042e0.executor.efb52103ba10d4f3-cgu.0.rcgu.o:(.text._ZN4core3fmt9Formatter19pad_formatted_parts17hbd664592dd62184aE)
 800c078  800c078        0     1                 $t
 800c079  800c079      180     1                 core::fmt::Formatter::pad_formatted_parts::hbd664592dd62184a
 800c1f8  800c1f8      190     2         /Users/janjongen/Documents/workspace/threadx-rust/threadx-app/cross/target/thumbv7em-none-eabihf/release/deps/executor-c48acb0da55042e0.executor.efb52103ba10d4f3-cgu.0.rcgu.o:(.text._ZN4core3fmt9Formatter21write_formatted_parts17hc9ec2ea62973b0efE)
 800c1f8  800c1f8        0     1                 $t
 800c1f9  800c1f9      190     1                 core::fmt::Formatter::write_formatted_parts::hc9ec2ea62973b0ef
 800c388  800c388       2c     2         /Users/janjongen/Documents/workspace/threadx-rust/threadx-app/cross/target/thumbv7em-none-eabihf/release/deps/executor-c48acb0da55042e0.executor.efb52103ba10d4f3-cgu.0.rcgu.o:(.text.unlikely._ZN4core9panicking11panic_const28panic_const_async_fn_resumed17hded14cfbf4da3fabE)
 800c388  800c388        0     1                 $t
 800c389  800c389       2c     1                 core::panicking::panic_const::panic_const_async_fn_resumed::hded14cfbf4da3fab
 800c3b4  800c3b4       24     2         /Users/janjongen/Documents/workspace/threadx-rust/threadx-app/cross/target/thumbv7em-none-eabihf/release/deps/executor-c48acb0da55042e0.executor.efb52103ba10d4f3-cgu.0.rcgu.o:(.text._ZN4core3fmt5float52_$LT$impl$u20$core..fmt..Display$u20$for$u20$f32$GT$3fmt17h8bbc524020fa4686E)
 800c3b4  800c3b4        0     1                 $t
 800c3b5  800c3b5       24     1                 core::fmt::float::_$LT$impl$u20$core..fmt..Display$u20$for$u20$f32$GT$::fmt::h8bbc524020fa4686
 800c3d8  800c3d8        a     2         /Users/janjongen/Documents/workspace/threadx-rust/threadx-app/cross/target/thumbv7em-none-eabihf/release/deps/executor-c48acb0da55042e0.executor.efb52103ba10d4f3-cgu.0.rcgu.o:(.text._critical_section_1_0_release)
 800c3d8  800c3d8        0     1                 $t
 800c3d9  800c3d9        a     1                 _critical_section_1_0_release
 800c3e2  800c3e2        2     2         /Users/janjongen/Documents/workspace/threadx-rust/threadx-app/cross/target/thumbv7em-none-eabihf/release/deps/executor-c48acb0da55042e0.executor.efb52103ba10d4f3-cgu.0.rcgu.o:(.text.DefaultHandler_)
 800c3e2  800c3e2        0     1                 $t
 800c3e3  800c3e3        2     1                 DefaultHandler_
 800c3e4  800c3e4        2     2         /Users/janjongen/Documents/workspace/threadx-rust/threadx-app/cross/target/thumbv7em-none-eabihf/release/deps/executor-c48acb0da55042e0.executor.efb52103ba10d4f3-cgu.0.rcgu.o:(.text.DefaultPreInit)
 800c3e4  800c3e4        0     1                 $t
 800c3e5  800c3e5        2     1                 DefaultPreInit
 800c3e5  800c3e5        2     1                 __defmt_default_timestamp
 800c3e6  800c3e6       20     2         /Users/janjongen/Documents/workspace/threadx-rust/threadx-app/cross/target/thumbv7em-none-eabihf/release/deps/executor-c48acb0da55042e0.executor.efb52103ba10d4f3-cgu.0.rcgu.o:(.text._ZN5defmt6export3str17h8af121ef87b1a3e9E)
 800c3e6  800c3e6        0     1                 $t
 800c3e7  800c3e7       20     1                 defmt::export::str::h8af121ef87b1a3e9
 800c406  800c406       10     2         /Users/janjongen/Documents/workspace/threadx-rust/threadx-app/cross/target/thumbv7em-none-eabihf/release/deps/executor-c48acb0da55042e0.executor.efb52103ba10d4f3-cgu.0.rcgu.o:(.text._ZN60_$LT$defmt..export..FmtWrite$u20$as$u20$core..fmt..Write$GT$9write_str17he55be4ef932e9422E)
 800c406  800c406        0     1                 $t
 800c407  800c407       10     1                 _$LT$defmt..export..FmtWrite$u20$as$u20$core..fmt..Write$GT$::write_str::he55be4ef932e9422
 800c416  800c416       8c     2         /Users/janjongen/Documents/workspace/threadx-rust/threadx-app/cross/target/thumbv7em-none-eabihf/release/deps/executor-c48acb0da55042e0.executor.efb52103ba10d4f3-cgu.0.rcgu.o:(.text._ZN4core3fmt5Write10write_char17hf782fcc35a80ef33E)
 800c416  800c416        0     1                 $t
 800c417  800c417       8c     1                 core::fmt::Write::write_char::hf782fcc35a80ef33
 800c4a2  800c4a2       16     2         /Users/janjongen/Documents/workspace/threadx-rust/threadx-app/cross/target/thumbv7em-none-eabihf/release/deps/executor-c48acb0da55042e0.executor.efb52103ba10d4f3-cgu.0.rcgu.o:(.text._ZN4core3fmt5Write9write_fmt17h9f3ec3f8eb7185ccE)
 800c4a2  800c4a2        0     1                 $t
 800c4a3  800c4a3       16     1                 core::fmt::Write::write_fmt::h9f3ec3f8eb7185cc
 800c4b8  800c4b8       22     2         /Users/janjongen/Documents/workspace/threadx-rust/threadx-app/cross/target/thumbv7em-none-eabihf/release/deps/executor-c48acb0da55042e0.executor.efb52103ba10d4f3-cgu.0.rcgu.o:(.text._ZN5defmt6export18acquire_and_header17h8a4076546137fc58E)
 800c4b8  800c4b8        0     1                 $t
 800c4b9  800c4b9       22     1                 defmt::export::acquire_and_header::h8a4076546137fc58
 800c4da  800c4da       26     2         /Users/janjongen/Documents/workspace/threadx-rust/threadx-app/cross/target/thumbv7em-none-eabihf/release/deps/executor-c48acb0da55042e0.executor.efb52103ba10d4f3-cgu.0.rcgu.o:(.text._ZN5defmt6export26acquire_header_and_release17hf32f4eec6305a519E)
 800c4da  800c4da        0     1                 $t
 800c4db  800c4db       26     1                 defmt::export::acquire_header_and_release::hf32f4eec6305a519
 800c500  800c500        8     2         /Users/janjongen/Documents/workspace/threadx-rust/threadx-app/cross/target/thumbv7em-none-eabihf/release/deps/executor-c48acb0da55042e0.executor.efb52103ba10d4f3-cgu.0.rcgu.o:(.text.__defmt_default_panic)
 800c500  800c500        0     1                 $t
 800c501  800c501        8     1                 __defmt_default_panic
 800c508  800c508        8     2         /Users/janjongen/Documents/workspace/threadx-rust/threadx-app/cross/target/thumbv7em-none-eabihf/release/deps/executor-c48acb0da55042e0.executor.efb52103ba10d4f3-cgu.0.rcgu.o:(.text.unlikely._ZN5defmt13default_panic19panic_cold_explicit17h78af07baf2be4ae4E)
 800c508  800c508        0     1                 $t
 800c509  800c509        8     1                 defmt::default_panic::panic_cold_explicit::h78af07baf2be4ae4
 800c510  800c510       82     2         /Users/janjongen/Documents/workspace/threadx-rust/threadx-app/cross/target/thumbv7em-none-eabihf/release/deps/executor-c48acb0da55042e0.executor.efb52103ba10d4f3-cgu.0.rcgu.o:(.text._ZN9defmt_rtt7channel7Channel14blocking_write17hcb7aacff3d384263E)
 800c510  800c510        0     1                 $t
 800c511  800c511       82     1                 defmt_rtt::channel::Channel::blocking_write::hcb7aacff3d384263
 800c592  800c592       5c     2         /Users/janjongen/Documents/workspace/threadx-rust/threadx-app/cross/target/thumbv7em-none-eabihf/release/deps/executor-c48acb0da55042e0.executor.efb52103ba10d4f3-cgu.0.rcgu.o:(.text._ZN9defmt_rtt7channel7Channel17nonblocking_write17h409ab172c327ff99E)
 800c592  800c592        0     1                 $t
 800c593  800c593       5c     1                 defmt_rtt::channel::Channel::nonblocking_write::h409ab172c327ff99
 800c5ee  800c5ee       a0     2         /Users/janjongen/Documents/workspace/threadx-rust/threadx-app/cross/target/thumbv7em-none-eabihf/release/deps/executor-c48acb0da55042e0.executor.efb52103ba10d4f3-cgu.0.rcgu.o:(.text._defmt_acquire)
 800c5ee  800c5ee        0     1                 $t
 800c5ef  800c5ef       a0     1                 _defmt_acquire
 800c68e  800c68e       e4     2         /Users/janjongen/Documents/workspace/threadx-rust/threadx-app/cross/target/thumbv7em-none-eabihf/release/deps/executor-c48acb0da55042e0.executor.efb52103ba10d4f3-cgu.0.rcgu.o:(.text._defmt_release)
 800c68e  800c68e        0     1                 $t
 800c68f  800c68f       e4     1                 _defmt_release
 800c772  800c772      190     2         /Users/janjongen/Documents/workspace/threadx-rust/threadx-app/cross/target/thumbv7em-none-eabihf/release/deps/executor-c48acb0da55042e0.executor.efb52103ba10d4f3-cgu.0.rcgu.o:(.text._defmt_write)
 800c772  800c772        0     1                 $t
 800c773  800c773      190     1                 _defmt_write
 800c902  800c902      1dc     2         /Users/janjongen/Documents/workspace/threadx-rust/threadx-app/cross/target/thumbv7em-none-eabihf/release/deps/executor-c48acb0da55042e0.executor.efb52103ba10d4f3-cgu.0.rcgu.o:(.text._ZN126_$LT$embedded_graphics..mono_font..mapping..StrGlyphMapping$u20$as$u20$embedded_graphics..mono_font..mapping..GlyphMapping$GT$5index17h6671959c9b614c52E)
 800c902  800c902        0     1                 $t
 800c903  800c903      1dc     1                 _$LT$embedded_graphics..mono_font..mapping..StrGlyphMapping$u20$as$u20$embedded_graphics..mono_font..mapping..GlyphMapping$GT$::index::h6671959c9b614c52
 800cade  800cade        4     2         /Users/janjongen/Documents/workspace/threadx-rust/threadx-app/cross/target/thumbv7em-none-eabihf/release/deps/executor-c48acb0da55042e0.executor.efb52103ba10d4f3-cgu.0.rcgu.o:(.text.__rust_alloc_error_handler)
 800cade  800cade        0     1                 $t
 800cadf  800cadf        4     1                 __rust_alloc_error_handler
 800cae2  800cae2       96     2         /Users/janjongen/Documents/workspace/threadx-rust/threadx-app/cross/target/thumbv7em-none-eabihf/release/deps/executor-c48acb0da55042e0.executor.efb52103ba10d4f3-cgu.0.rcgu.o:(.text.rust_begin_unwind)
 800cae2  800cae2        0     1                 $t
 800cae3  800cae3       96     1                 rust_begin_unwind
 800cb78  800cb78       18     2         /Users/janjongen/Documents/workspace/threadx-rust/threadx-app/cross/target/thumbv7em-none-eabihf/release/deps/executor-c48acb0da55042e0.executor.efb52103ba10d4f3-cgu.0.rcgu.o:(.text._ZN11panic_probe10hard_fault17hb6e1a7888655b781E)
 800cb78  800cb78        0     1                 $t
 800cb79  800cb79       18     1                 panic_probe::hard_fault::hb6e1a7888655b781
 800cb90  800cb90       c2     2         /Users/janjongen/Documents/workspace/threadx-rust/threadx-app/cross/target/thumbv7em-none-eabihf/release/deps/executor-c48acb0da55042e0.executor.efb52103ba10d4f3-cgu.0.rcgu.o:(.text._ZN44_$LT$$RF$T$u20$as$u20$core..fmt..Display$GT$3fmt17hff3f604287509234E)
 800cb90  800cb90        0     1                 $t
 800cb91  800cb91       c2     1                 _$LT$$RF$T$u20$as$u20$core..fmt..Display$GT$::fmt::hff3f604287509234
 800cc52  800cc52      422     2         /Users/janjongen/Documents/workspace/threadx-rust/threadx-app/cross/target/thumbv7em-none-eabihf/release/deps/executor-c48acb0da55042e0.executor.efb52103ba10d4f3-cgu.0.rcgu.o:(.text._ZN13stm32f4xx_hal3rcc2f43pll7MainPll10fast_setup17h34d82fe46b9cb8dcE)
 800cc52  800cc52        0     1                 $t
 800cc53  800cc53      422     1                 stm32f4xx_hal::rcc::f4::pll::MainPll::fast_setup::h34d82fe46b9cb8dc
 800d074  800d074      11c     2         /Users/janjongen/Documents/workspace/threadx-rust/threadx-app/cross/target/thumbv7em-none-eabihf/release/deps/executor-c48acb0da55042e0.executor.efb52103ba10d4f3-cgu.0.rcgu.o:(.text._ZN13stm32f4xx_hal3rcc2f43pll6I2sPll5setup17h99d9fcea2755f133E)
 800d074  800d074        0     1                 $t
 800d075  800d075      11c     1                 stm32f4xx_hal::rcc::f4::pll::I2sPll::setup::h99d9fcea2755f133
 800d190  800d190      3c4     2         /Users/janjongen/Documents/workspace/threadx-rust/threadx-app/cross/target/thumbv7em-none-eabihf/release/deps/executor-c48acb0da55042e0.executor.efb52103ba10d4f3-cgu.0.rcgu.o:(.text._ZN13stm32f4xx_hal3rcc2f43pll6I2sPll5setup28_$u7b$$u7b$closure$u7d$$u7d$17h0e760491d2c1ef5bE)
 800d190  800d190        0     1                 $t
 800d191  800d191      3c4     1                 stm32f4xx_hal::rcc::f4::pll::I2sPll::setup::_$u7b$$u7b$closure$u7d$$u7d$::h0e760491d2c1ef5b
 800d554  800d554        4     2         /Users/janjongen/Documents/workspace/threadx-rust/threadx-app/cross/target/thumbv7em-none-eabihf/release/deps/executor-c48acb0da55042e0.executor.efb52103ba10d4f3-cgu.0.rcgu.o:(.text.SysTick)
 800d554  800d554        0     1                 $t
 800d555  800d555        4     1                 SysTick
 800d558  800d558        4     2         /Users/janjongen/Documents/workspace/threadx-rust/threadx-app/cross/target/thumbv7em-none-eabihf/release/deps/executor-c48acb0da55042e0.executor.efb52103ba10d4f3-cgu.0.rcgu.o:(.text.PendSV)
 800d558  800d558        0     1                 $t
 800d559  800d559        4     1                 PendSV
 800d55c  800d55c       20     2         /Users/janjongen/Documents/workspace/threadx-rust/threadx-app/cross/target/thumbv7em-none-eabihf/release/deps/executor-c48acb0da55042e0.executor.efb52103ba10d4f3-cgu.0.rcgu.o:(.text.DefaultHandler)
 800d55c  800d55c        0     1                 $t
 800d55d  800d55d       20     1                 DefaultHandler
 800d57c  800d57c       5c     2         /Users/janjongen/Documents/workspace/threadx-rust/threadx-app/cross/target/thumbv7em-none-eabihf/release/deps/executor-c48acb0da55042e0.executor.efb52103ba10d4f3-cgu.0.rcgu.o:(.text._ZN11threadx_app23__cortex_m_rt_HardFault17h9f692bfd705743deE)
 800d57c  800d57c        0     1                 $t
 800d57d  800d57d       5c     1                 threadx_app::__cortex_m_rt_HardFault::h9f692bfd705743de
 800d5d8  800d5d8       2c     2         /Users/janjongen/Documents/workspace/threadx-rust/threadx-app/cross/target/thumbv7em-none-eabihf/release/deps/executor-c48acb0da55042e0.executor.efb52103ba10d4f3-cgu.0.rcgu.o:(.text._ZN5alloc4sync16Arc$LT$T$C$A$GT$9drop_slow17h88ec4637a05634c6E)
 800d5d8  800d5d8        0     1                 $t
 800d5d9  800d5d9       2c     1                 alloc::sync::Arc$LT$T$C$A$GT$::drop_slow::h88ec4637a05634c6
 800d604  800d604      2aa     4         /Users/janjongen/Documents/workspace/threadx-rust/threadx-app/cross/target/thumbv7em-none-eabihf/release/deps/executor-c48acb0da55042e0.executor.efb52103ba10d4f3-cgu.0.rcgu.o:(.text._ZN10threadx_rs5error1_88_$LT$impl$u20$num_traits..cast..FromPrimitive$u20$for$u20$threadx_rs..error..TxError$GT$8from_i6417h36dd8e8f65716e19E)
 800d604  800d604        0     1                 $t
 800d605  800d605      2aa     1                 threadx_rs::error::_::_$LT$impl$u20$num_traits..cast..FromPrimitive$u20$for$u20$threadx_rs..error..TxError$GT$::from_i64::h36dd8e8f65716e19
 800d620  800d620        0     1                 $d
 800d81e  800d81e        0     1                 $t
 800d8ae  800d8ae      10a     2         /Users/janjongen/Documents/workspace/threadx-rust/threadx-app/cross/target/thumbv7em-none-eabihf/release/deps/executor-c48acb0da55042e0.executor.efb52103ba10d4f3-cgu.0.rcgu.o:(.text._ZN92_$LT$threadx_rs..allocator..ThreadXAllocator$u20$as$u20$core..alloc..global..GlobalAlloc$GT$5alloc17h0b300f73867d9cb9E)
 800d8ae  800d8ae        0     1                 $t
 800d8af  800d8af      10a     1                 _$LT$threadx_rs..allocator..ThreadXAllocator$u20$as$u20$core..alloc..global..GlobalAlloc$GT$::alloc::h0b300f73867d9cb9
 800d9b8  800d9b8       38     2         /Users/janjongen/Documents/workspace/threadx-rust/threadx-app/cross/target/thumbv7em-none-eabihf/release/deps/executor-c48acb0da55042e0.executor.efb52103ba10d4f3-cgu.0.rcgu.o:(.text._ZN5defmt6export3fmt17hb76a1d7ccb405d09E)
 800d9b8  800d9b8        0     1                 $t
 800d9b9  800d9b9       38     1                 defmt::export::fmt::hb76a1d7ccb405d09
 800d9f0  800d9f0       2c     2         /Users/janjongen/Documents/workspace/threadx-rust/threadx-app/cross/target/thumbv7em-none-eabihf/release/deps/executor-c48acb0da55042e0.executor.efb52103ba10d4f3-cgu.0.rcgu.o:(.text._ZN5defmt6export3fmt17h18bfbbf71c5fcf72E)
 800d9f0  800d9f0        0     1                 $t
 800d9f1  800d9f1       2c     1                 defmt::export::fmt::h18bfbbf71c5fcf72
 800da1c  800da1c       30     2         /Users/janjongen/Documents/workspace/threadx-rust/threadx-app/cross/target/thumbv7em-none-eabihf/release/deps/executor-c48acb0da55042e0.executor.efb52103ba10d4f3-cgu.0.rcgu.o:(.text._ZN63_$LT$threadx_rs..error..TxError$u20$as$u20$core..fmt..Debug$GT$3fmt17hd14508b63b6df65aE.334)
 800da1c  800da1c        0     1                 $t
 800da1d  800da1d       30     1                 _$LT$threadx_rs..error..TxError$u20$as$u20$core..fmt..Debug$GT$::fmt::hd14508b63b6df65a (.334)
 800da4c  800da4c       ac     2         /Users/janjongen/Documents/workspace/threadx-rust/threadx-app/cross/target/thumbv7em-none-eabihf/release/deps/executor-c48acb0da55042e0.executor.efb52103ba10d4f3-cgu.0.rcgu.o:(.text._ZN10threadx_rs5mutex14Mutex$LT$T$GT$4lock17hcd497b1aa9a8cf26E)
 800da4c  800da4c        0     1                 $t
 800da4d  800da4d       ac     1                 threadx_rs::mutex::Mutex$LT$T$GT$::lock::hcd497b1aa9a8cf26
 800daf8  800daf8       7e     2         /Users/janjongen/Documents/workspace/threadx-rust/threadx-app/cross/target/thumbv7em-none-eabihf/release/deps/executor-c48acb0da55042e0.executor.efb52103ba10d4f3-cgu.0.rcgu.o:(.text._ZN4core3ptr113drop_in_place$LT$threadx_rs..mutex..MutexGuard$LT$$u5b$threadx_rs..executor..SignalState$u3b$$u20$31$u5d$$GT$$GT$17h1e8607efc8f707abE)
 800daf8  800daf8        0     1                 $t
 800daf9  800daf9       7e     1                 core::ptr::drop_in_place$LT$threadx_rs..mutex..MutexGuard$LT$$u5b$threadx_rs..executor..SignalState$u3b$$u20$31$u5d$$GT$$GT$::h1e8607efc8f707ab
 800db78  800db78       dc     4         /Users/janjongen/Documents/workspace/threadx-rust/threadx-app/cross/target/thumbv7em-none-eabihf/release/deps/executor-c48acb0da55042e0.executor.efb52103ba10d4f3-cgu.0.rcgu.o:(.text._ZN10threadx_rs8executor6Signal6notify17h83375a2397fba88cE)
 800db78  800db78        0     1                 $t
 800db79  800db79       dc     1                 threadx_rs::executor::Signal::notify::h83375a2397fba88c
 800dbaa  800dbaa        0     1                 $d
 800dbae  800dbae        0     1                 $t
 800dc54  800dc54       2c     2         /Users/janjongen/Documents/workspace/threadx-rust/threadx-app/cross/target/thumbv7em-none-eabihf/release/deps/executor-c48acb0da55042e0.executor.efb52103ba10d4f3-cgu.0.rcgu.o:(.text._ZN72_$LT$threadx_rs..executor..ExecutorError$u20$as$u20$core..fmt..Debug$GT$3fmt17h2601997875409f3eE.339)
 800dc54  800dc54        0     1                 $t
 800dc55  800dc55       2c     1                 _$LT$threadx_rs..executor..ExecutorError$u20$as$u20$core..fmt..Debug$GT$::fmt::h2601997875409f3e (.339)
 800dc80  800dc80       d8     2         /Users/janjongen/Documents/workspace/threadx-rust/threadx-app/cross/target/thumbv7em-none-eabihf/release/deps/executor-c48acb0da55042e0.executor.efb52103ba10d4f3-cgu.0.rcgu.o:(.text._ZN10threadx_rs6thread6Thread29initialize_with_autostart_box17hcac67a93a3804365E)
 800dc80  800dc80        0     1                 $t
 800dc81  800dc81       d8     1                 threadx_rs::thread::Thread::initialize_with_autostart_box::hcac67a93a3804365
 800dd58  800dd58       20     2         /Users/janjongen/Documents/workspace/threadx-rust/threadx-app/cross/target/thumbv7em-none-eabihf/release/deps/executor-c48acb0da55042e0.executor.efb52103ba10d4f3-cgu.0.rcgu.o:(.text._ZN10threadx_rs6thread30thread_box_callback_trampoline17h113b62cb7244a79dE)
 800dd58  800dd58        0     1                 $t
 800dd59  800dd59       20     1                 threadx_rs::thread::thread_box_callback_trampoline::h113b62cb7244a79d
 800dd78  800dd78       38     2         /Users/janjongen/Documents/workspace/threadx-rust/threadx-app/cross/target/thumbv7em-none-eabihf/release/deps/executor-c48acb0da55042e0.executor.efb52103ba10d4f3-cgu.0.rcgu.o:(.text._tx_initialize_low_level)
 800dd78  800dd78        0     1                 $t
 800dd79  800dd79       38     1                 _tx_initialize_low_level
 800ddb0  800ddb0       22     2         /Users/janjongen/Documents/workspace/threadx-rust/threadx-app/cross/target/thumbv7em-none-eabihf/release/deps/executor-c48acb0da55042e0.executor.efb52103ba10d4f3-cgu.0.rcgu.o:(.text.tx_application_define)
 800ddb0  800ddb0        0     1                 $t
 800ddb1  800ddb1       22     1                 tx_application_define
 800ddd2  800ddd2       28     2         /var/folders/kj/86rz2n1d4kj64kbl5kf0zrdh0000gn/T/rustcoKnSB4/libnetx_sys-21cf5291d1ecb40f.rlib(wwd_rtos.c.obj):(.text.host_rtos_set_semaphore)
 800ddd2  800ddd2        0     1                 $t
 800ddd3  800ddd3       28     1                 host_rtos_set_semaphore
 800ddfc  800ddfc       2c     4         /var/folders/kj/86rz2n1d4kj64kbl5kf0zrdh0000gn/T/rustcoKnSB4/libnetx_sys-21cf5291d1ecb40f.rlib(wwd_thread.c.obj):(.text.wwd_thread_notify_irq)
 800ddfc  800ddfc        0     1                 $t
 800ddfd  800ddfd       2c     1                 wwd_thread_notify_irq
 800de1c  800de1c        0     1                 $d
 800de28  800de28      138     4         /var/folders/kj/86rz2n1d4kj64kbl5kf0zrdh0000gn/T/rustcoKnSB4/libnetx_sys-21cf5291d1ecb40f.rlib(wwd_SDIO.c.obj):(.text.irq)
 800de28  800de28        0     1                 $t
 800de29  800de29       10     1                 __tx_SDIO_IRQHandler
 800de39  800de39       e0     1                 SDIO_IRQHandler
 800def8  800def8        0     1                 $d
 800df18  800df18        0     1                 $t
 800df19  800df19       10     1                 __tx_DMA2_Stream3_IRQHandler
 800df29  800df29       38     1                 DMA2_Stream3_IRQHandler
 800df58  800df58        0     1                 $d
 800df60  800df60        4     2         /var/folders/kj/86rz2n1d4kj64kbl5kf0zrdh0000gn/T/rustcoKnSB4/libcortex_m-6b662cab7b21d64f.rlib(bin/thumbv7em-none-eabihf.o):(.text.__cpsid)
 800df60  800df60        0     1                 $t.3
 800df61  800df61        4     1                 __cpsid
 800df64  800df64        4     2         /var/folders/kj/86rz2n1d4kj64kbl5kf0zrdh0000gn/T/rustcoKnSB4/libcortex_m-6b662cab7b21d64f.rlib(bin/thumbv7em-none-eabihf.o):(.text.__cpsie)
 800df64  800df64        0     1                 $t.4
 800df65  800df65        4     1                 __cpsie
 800df68  800df68        c     2         /var/folders/kj/86rz2n1d4kj64kbl5kf0zrdh0000gn/T/rustcoKnSB4/libcortex_m-6b662cab7b21d64f.rlib(bin/thumbv7em-none-eabihf.o):(.text.__delay)
 800df68  800df68        0     1                 $t.5
 800df69  800df69        c     1                 __delay
 800df74  800df74        6     2         /var/folders/kj/86rz2n1d4kj64kbl5kf0zrdh0000gn/T/rustcoKnSB4/libcortex_m-6b662cab7b21d64f.rlib(bin/thumbv7em-none-eabihf.o):(.text.__dsb)
 800df74  800df74        0     1                 $t.7
 800df75  800df75        6     1                 __dsb
 800df7a  800df7a        6     2         /var/folders/kj/86rz2n1d4kj64kbl5kf0zrdh0000gn/T/rustcoKnSB4/libcortex_m-6b662cab7b21d64f.rlib(bin/thumbv7em-none-eabihf.o):(.text.__primask_r)
 800df7a  800df7a        0     1                 $t.12
 800df7b  800df7b        6     1                 __primask_r
 800df80  800df80        4     2         /var/folders/kj/86rz2n1d4kj64kbl5kf0zrdh0000gn/T/rustcoKnSB4/libcortex_m-6b662cab7b21d64f.rlib(bin/thumbv7em-none-eabihf.o):(.text.__udf)
 800df80  800df80        0     1                 $t.16
 800df81  800df81        4     1                 __udf
 800df90  800df90        4    16         /var/folders/kj/86rz2n1d4kj64kbl5kf0zrdh0000gn/T/rustcoKnSB4/libthreadx_sys-fc0ae16add247445.rlib(tx_thread_context_restore.S.obj):(.text)
 800df90  800df90        0     1                 $t
 800df91  800df91        0     1                 _tx_thread_context_restore
 800dfa0  800dfa0        4    16         /var/folders/kj/86rz2n1d4kj64kbl5kf0zrdh0000gn/T/rustcoKnSB4/libthreadx_sys-fc0ae16add247445.rlib(tx_thread_context_save.S.obj):(.text)
 800dfa0  800dfa0        0     1                 $t
 800dfa1  800dfa1        0     1                 _tx_thread_context_save
 800dfb0  800dfb0       c0    16         /var/folders/kj/86rz2n1d4kj64kbl5kf0zrdh0000gn/T/rustcoKnSB4/libthreadx_sys-fc0ae16add247445.rlib(tx_thread_schedule.S.obj):(.text)
 800dfb0  800dfb0        0     1                 $t
 800dfb1  800dfb1        0     1                 _tx_thread_schedule
 800dfda  800dfda        0     1                 __tx_wait_here
 800dfdc  800dfdc        0     1                 __tx_ts_handler
 800dfdd  800dfdd        0     1                 PendSV_Handler
 800dfdd  800dfdd        0     1                 __tx_PendSVHandler
 800dffc  800dffc        0     1                 _skip_vfp_save
 800e00e  800e00e        0     1                 __tx_ts_new
 800e018  800e018        0     1                 __tx_ts_restore
 800e038  800e038        0     1                 _skip_vfp_restore
 800e042  800e042        0     1                 __tx_ts_wait
 800e04e  800e04e        0     1                 __tx_ts_ready
 800e05f  800e05f        0     1                 tx_thread_fpu_enable
 800e05f  800e05f        0     1                 tx_thread_fpu_disable
 800e060  800e060        0     1                 $d
 800e070  800e070       b8    16         /var/folders/kj/86rz2n1d4kj64kbl5kf0zrdh0000gn/T/rustcoKnSB4/libthreadx_sys-fc0ae16add247445.rlib(tx_timer_interrupt.S.obj):(.text)
 800e070  800e070        0     1                 $t
 800e071  800e071        0     1                 _tx_timer_interrupt
 800e090  800e090        0     1                 __tx_timer_no_time_slice
 800e0a2  800e0a2        0     1                 __tx_timer_no_timer
 800e0b2  800e0b2        0     1                 __tx_timer_skip_wrap
 800e0b4  800e0b4        0     1                 __tx_timer_done
 800e0c0  800e0c0        0     1                 __tx_something_expired
 800e0ce  800e0ce        0     1                 __tx_timer_dont_activate
 800e0f2  800e0f2        0     1                 __tx_timer_not_ts_expiration
 800e0f2  800e0f2        0     1                 __tx_timer_skip_time_slice
 800e0f6  800e0f6        0     1                 __tx_timer_nothing_expired
 800e0fc  800e0fc        0     1                 $d
 800e128  800e128       bc     4         /var/folders/kj/86rz2n1d4kj64kbl5kf0zrdh0000gn/T/rustcoKnSB4/libthreadx_sys-fc0ae16add247445.rlib(tx_byte_allocate.c.obj):(.text._tx_byte_allocate)
 800e128  800e128        0     1                 $t
 800e129  800e129       bc     1                 _tx_byte_allocate
 800e1d8  800e1d8        0     1                 $d
 800e1e4  800e1e4       80     4         /var/folders/kj/86rz2n1d4kj64kbl5kf0zrdh0000gn/T/rustcoKnSB4/libthreadx_sys-fc0ae16add247445.rlib(tx_byte_pool_cleanup.c.obj):(.text._tx_byte_pool_cleanup)
 800e1e4  800e1e4        0     1                 $t
 800e1e5  800e1e5       80     1                 _tx_byte_pool_cleanup
 800e258  800e258        0     1                 $d
 800e264  800e264       84     4         /var/folders/kj/86rz2n1d4kj64kbl5kf0zrdh0000gn/T/rustcoKnSB4/libthreadx_sys-fc0ae16add247445.rlib(tx_byte_pool_create.c.obj):(.text._tx_byte_pool_create)
 800e264  800e264        0     1                 $t
 800e265  800e265       84     1                 _tx_byte_pool_create
 800e2d8  800e2d8        0     1                 $d
 800e2e8  800e2e8       ec     4         /var/folders/kj/86rz2n1d4kj64kbl5kf0zrdh0000gn/T/rustcoKnSB4/libthreadx_sys-fc0ae16add247445.rlib(tx_byte_pool_search.c.obj):(.text._tx_byte_pool_search)
 800e2e8  800e2e8        0     1                 $t
 800e2e9  800e2e9       ec     1                 _tx_byte_pool_search
 800e3cc  800e3cc        0     1                 $d
 800e3d4  800e3d4      11c     4         /var/folders/kj/86rz2n1d4kj64kbl5kf0zrdh0000gn/T/rustcoKnSB4/libthreadx_sys-fc0ae16add247445.rlib(tx_byte_release.c.obj):(.text._tx_byte_release)
 800e3d4  800e3d4        0     1                 $t
 800e3d5  800e3d5      11c     1                 _tx_byte_release
 800e4e0  800e4e0        0     1                 $d
 800e4f0  800e4f0       50     4         /var/folders/kj/86rz2n1d4kj64kbl5kf0zrdh0000gn/T/rustcoKnSB4/libthreadx_sys-fc0ae16add247445.rlib(tx_event_flags_create.c.obj):(.text._tx_event_flags_create)
 800e4f0  800e4f0        0     1                 $t
 800e4f1  800e4f1       50     1                 _tx_event_flags_create
 800e534  800e534        0     1                 $d
 800e540  800e540       dc     4         /var/folders/kj/86rz2n1d4kj64kbl5kf0zrdh0000gn/T/rustcoKnSB4/libthreadx_sys-fc0ae16add247445.rlib(tx_event_flags_get.c.obj):(.text._tx_event_flags_get)
 800e540  800e540        0     1                 $t
 800e541  800e541       dc     1                 _tx_event_flags_get
 800e610  800e610        0     1                 $d
 800e61c  800e61c       84     4         /var/folders/kj/86rz2n1d4kj64kbl5kf0zrdh0000gn/T/rustcoKnSB4/libthreadx_sys-fc0ae16add247445.rlib(tx_event_flags_cleanup.c.obj):(.text._tx_event_flags_cleanup)
 800e61c  800e61c        0     1                 $t
 800e61d  800e61d       84     1                 _tx_event_flags_cleanup
 800e694  800e694        0     1                 $d
 800e6a0  800e6a0      1f4     4         /var/folders/kj/86rz2n1d4kj64kbl5kf0zrdh0000gn/T/rustcoKnSB4/libthreadx_sys-fc0ae16add247445.rlib(tx_event_flags_set.c.obj):(.text._tx_event_flags_set)
 800e6a0  800e6a0        0     1                 $t
 800e6a1  800e6a1      1f4     1                 _tx_event_flags_set
 800e890  800e890        0     1                 $d
 800e894  800e894       70     4         /var/folders/kj/86rz2n1d4kj64kbl5kf0zrdh0000gn/T/rustcoKnSB4/libthreadx_sys-fc0ae16add247445.rlib(tx_initialize_high_level.c.obj):(.text._tx_initialize_high_level)
 800e894  800e894        0     1                 $t
 800e895  800e895       70     1                 _tx_initialize_high_level
 800e8d4  800e8d4        0     1                 $d
 800e904  800e904       48     4         /var/folders/kj/86rz2n1d4kj64kbl5kf0zrdh0000gn/T/rustcoKnSB4/libthreadx_sys-fc0ae16add247445.rlib(tx_initialize_kernel_enter.c.obj):(.text._tx_initialize_kernel_enter)
 800e904  800e904        0     1                 $t
 800e905  800e905       48     1                 _tx_initialize_kernel_enter
 800e940  800e940        0     1                 $d
 800e94c  800e94c       60     4         /var/folders/kj/86rz2n1d4kj64kbl5kf0zrdh0000gn/T/rustcoKnSB4/libthreadx_sys-fc0ae16add247445.rlib(tx_mutex_create.c.obj):(.text._tx_mutex_create)
 800e94c  800e94c        0     1                 $t
 800e94d  800e94d       60     1                 _tx_mutex_create
 800e998  800e998        0     1                 $d
 800e9ac  800e9ac       80     4         /var/folders/kj/86rz2n1d4kj64kbl5kf0zrdh0000gn/T/rustcoKnSB4/libthreadx_sys-fc0ae16add247445.rlib(tx_mutex_cleanup.c.obj):(.text._tx_mutex_cleanup)
 800e9ac  800e9ac        0     1                 $t
 800e9ad  800e9ad       80     1                 _tx_mutex_cleanup
 800ea20  800ea20        0     1                 $d
 800ea2c  800ea2c       44     4         /var/folders/kj/86rz2n1d4kj64kbl5kf0zrdh0000gn/T/rustcoKnSB4/libthreadx_sys-fc0ae16add247445.rlib(tx_mutex_cleanup.c.obj):(.text._tx_mutex_thread_release)
 800ea2c  800ea2c        0     1                 $t
 800ea2d  800ea2d       44     1                 _tx_mutex_thread_release
 800ea6c  800ea6c        0     1                 $d
 800ea70  800ea70       f8     4         /var/folders/kj/86rz2n1d4kj64kbl5kf0zrdh0000gn/T/rustcoKnSB4/libthreadx_sys-fc0ae16add247445.rlib(tx_mutex_get.c.obj):(.text._tx_mutex_get)
 800ea70  800ea70        0     1                 $t
 800ea71  800ea71       f8     1                 _tx_mutex_get
 800eb5c  800eb5c        0     1                 $d
 800eb68  800eb68       c8     4         /var/folders/kj/86rz2n1d4kj64kbl5kf0zrdh0000gn/T/rustcoKnSB4/libthreadx_sys-fc0ae16add247445.rlib(tx_mutex_priority_change.c.obj):(.text._tx_mutex_priority_change)
 800eb68  800eb68        0     1                 $t
 800eb69  800eb69       c8     1                 _tx_mutex_priority_change
 800ec20  800ec20        0     1                 $d
 800ec30  800ec30      20c     4         /var/folders/kj/86rz2n1d4kj64kbl5kf0zrdh0000gn/T/rustcoKnSB4/libthreadx_sys-fc0ae16add247445.rlib(tx_mutex_put.c.obj):(.text._tx_mutex_put)
 800ec30  800ec30        0     1                 $t
 800ec31  800ec31      20c     1                 _tx_mutex_put
 800ee34  800ee34        0     1                 $d
 800ee3c  800ee3c       98     4         /var/folders/kj/86rz2n1d4kj64kbl5kf0zrdh0000gn/T/rustcoKnSB4/libthreadx_sys-fc0ae16add247445.rlib(tx_mutex_prioritize.c.obj):(.text._tx_mutex_prioritize)
 800ee3c  800ee3c        0     1                 $t
 800ee3d  800ee3d       98     1                 _tx_mutex_prioritize
 800eed0  800eed0        0     1                 $d
 800eed4  800eed4      128     4         /var/folders/kj/86rz2n1d4kj64kbl5kf0zrdh0000gn/T/rustcoKnSB4/libthreadx_sys-fc0ae16add247445.rlib(tx_thread_create.c.obj):(.text._tx_thread_create)
 800eed4  800eed4        0     1                 $t
 800eed5  800eed5      128     1                 _tx_thread_create
 800efdc  800efdc        0     1                 $d
 800f000  800f000       40    16         /var/folders/kj/86rz2n1d4kj64kbl5kf0zrdh0000gn/T/rustcoKnSB4/libthreadx_sys-fc0ae16add247445.rlib(tx_thread_stack_build.S.obj):(.text)
 800f000  800f000        0     1                 $t
 800f001  800f001        0     1                 _tx_thread_stack_build
 800f040  800f040       6c     4         /var/folders/kj/86rz2n1d4kj64kbl5kf0zrdh0000gn/T/rustcoKnSB4/libthreadx_sys-fc0ae16add247445.rlib(tx_thread_initialize.c.obj):(.text._tx_thread_initialize)
 800f040  800f040        0     1                 $t
 800f041  800f041       6c     1                 _tx_thread_initialize
 800f080  800f080        0     1                 $d
 800f0ac  800f0ac       74     4         /var/folders/kj/86rz2n1d4kj64kbl5kf0zrdh0000gn/T/rustcoKnSB4/libthreadx_sys-fc0ae16add247445.rlib(tx_thread_shell_entry.c.obj):(.text._tx_thread_shell_entry)
 800f0ac  800f0ac        0     1                 $t
 800f0ad  800f0ad       74     1                 _tx_thread_shell_entry
 800f114  800f114        0     1                 $d
 800f120  800f120       6c     4         /var/folders/kj/86rz2n1d4kj64kbl5kf0zrdh0000gn/T/rustcoKnSB4/libthreadx_sys-fc0ae16add247445.rlib(tx_thread_sleep.c.obj):(.text._tx_thread_sleep)
 800f120  800f120        0     1                 $t
 800f121  800f121       6c     1                 _tx_thread_sleep
 800f17c  800f17c        0     1                 $d
 800f18c  800f18c       3c     4         /var/folders/kj/86rz2n1d4kj64kbl5kf0zrdh0000gn/T/rustcoKnSB4/libthreadx_sys-fc0ae16add247445.rlib(tx_thread_system_preempt_check.c.obj):(.text._tx_thread_system_preempt_check)
 800f18c  800f18c        0     1                 $t
 800f18d  800f18d       3c     1                 _tx_thread_system_preempt_check
 800f1bc  800f1bc        0     1                 $d
 800f1c8  800f1c8      108     4         /var/folders/kj/86rz2n1d4kj64kbl5kf0zrdh0000gn/T/rustcoKnSB4/libthreadx_sys-fc0ae16add247445.rlib(tx_thread_system_resume.c.obj):(.text._tx_thread_system_resume)
 800f1c8  800f1c8        0     1                 $t
 800f1c9  800f1c9      108     1                 _tx_thread_system_resume
 800f2b4  800f2b4        0     1                 $d
 800f2d0  800f2d0      174     4         /var/folders/kj/86rz2n1d4kj64kbl5kf0zrdh0000gn/T/rustcoKnSB4/libthreadx_sys-fc0ae16add247445.rlib(tx_thread_system_suspend.c.obj):(.text._tx_thread_system_suspend)
 800f2d0  800f2d0        0     1                 $t
 800f2d1  800f2d1      174     1                 _tx_thread_system_suspend
 800f424  800f424        0     1                 $d
 800f444  800f444       6c     4         /var/folders/kj/86rz2n1d4kj64kbl5kf0zrdh0000gn/T/rustcoKnSB4/libthreadx_sys-fc0ae16add247445.rlib(tx_thread_time_slice.c.obj):(.text._tx_thread_time_slice)
 800f444  800f444        0     1                 $t
 800f445  800f445       6c     1                 _tx_thread_time_slice
 800f498  800f498        0     1                 $d
 800f4b0  800f4b0       30     4         /var/folders/kj/86rz2n1d4kj64kbl5kf0zrdh0000gn/T/rustcoKnSB4/libthreadx_sys-fc0ae16add247445.rlib(tx_thread_timeout.c.obj):(.text._tx_thread_timeout)
 800f4b0  800f4b0        0     1                 $t
 800f4b1  800f4b1       30     1                 _tx_thread_timeout
 800f4dc  800f4dc        0     1                 $d
 800f4e0  800f4e0       20     4         /var/folders/kj/86rz2n1d4kj64kbl5kf0zrdh0000gn/T/rustcoKnSB4/libthreadx_sys-fc0ae16add247445.rlib(tx_timer_expiration_process.c.obj):(.text._tx_timer_expiration_process)
 800f4e0  800f4e0        0     1                 $t
 800f4e1  800f4e1       20     1                 _tx_timer_expiration_process
 800f4f8  800f4f8        0     1                 $d
 800f500  800f500       e0     4         /var/folders/kj/86rz2n1d4kj64kbl5kf0zrdh0000gn/T/rustcoKnSB4/libthreadx_sys-fc0ae16add247445.rlib(tx_timer_initialize.c.obj):(.text._tx_timer_initialize)
 800f500  800f500        0     1                 $t
 800f501  800f501       e0     1                 _tx_timer_initialize
 800f594  800f594        0     1                 $d
 800f5e0  800f5e0       58     4         /var/folders/kj/86rz2n1d4kj64kbl5kf0zrdh0000gn/T/rustcoKnSB4/libthreadx_sys-fc0ae16add247445.rlib(tx_timer_system_activate.c.obj):(.text._tx_timer_system_activate)
 800f5e0  800f5e0        0     1                 $t
 800f5e1  800f5e1       58     1                 _tx_timer_system_activate
 800f62c  800f62c        0     1                 $d
 800f638  800f638       2c     4         /var/folders/kj/86rz2n1d4kj64kbl5kf0zrdh0000gn/T/rustcoKnSB4/libthreadx_sys-fc0ae16add247445.rlib(tx_timer_system_deactivate.c.obj):(.text._tx_timer_system_deactivate)
 800f638  800f638        0     1                 $t
 800f639  800f639       2c     1                 _tx_timer_system_deactivate
 800f664  800f664      124     4         /var/folders/kj/86rz2n1d4kj64kbl5kf0zrdh0000gn/T/rustcoKnSB4/libthreadx_sys-fc0ae16add247445.rlib(tx_timer_thread_entry.c.obj):(.text._tx_timer_thread_entry)
 800f664  800f664        0     1                 $t
 800f665  800f665      124     1                 _tx_timer_thread_entry
 800f768  800f768        0     1                 $d
 800f788  800f788       18     4         /var/folders/kj/86rz2n1d4kj64kbl5kf0zrdh0000gn/T/rustcoKnSB4/libthreadx_sys-fc0ae16add247445.rlib(txe_semaphore_put.c.obj):(.text._txe_semaphore_put)
 800f788  800f788        0     1                 $t
 800f789  800f789       18     1                 _txe_semaphore_put
 800f79c  800f79c        0     1                 $d
 800f7a0  800f7a0       64     4         /var/folders/kj/86rz2n1d4kj64kbl5kf0zrdh0000gn/T/rustcoKnSB4/libthreadx_sys-fc0ae16add247445.rlib(tx_semaphore_put.c.obj):(.text._tx_semaphore_put)
 800f7a0  800f7a0        0     1                 $t
 800f7a1  800f7a1       64     1                 _tx_semaphore_put
 800f800  800f800        0     1                 $d
 800f804  800f804       de     2         /Users/janjongen/.rustup/toolchains/stable-aarch64-apple-darwin/lib/rustlib/thumbv7em-none-eabihf/lib/libcompiler_builtins-293d325c45568833.rlib(compiler_builtins-293d325c45568833.compiler_builtins.61e33bb3965672fe-cgu.152.rcgu.o):(.text.__aeabi_memset)
 800f804  800f804        0     1                 $t
 800f805  800f805       de     1                 __aeabi_memset
 800f8e2  800f8e2       d2     2         /Users/janjongen/.rustup/toolchains/stable-aarch64-apple-darwin/lib/rustlib/thumbv7em-none-eabihf/lib/libcompiler_builtins-293d325c45568833.rlib(compiler_builtins-293d325c45568833.compiler_builtins.61e33bb3965672fe-cgu.164.rcgu.o):(.text.__aeabi_memclr)
 800f8e2  800f8e2        0     1                 $t
 800f8e3  800f8e3       d2     1                 __aeabi_memclr
 800f9b4  800f9b4       f8     2         /Users/janjongen/.rustup/toolchains/stable-aarch64-apple-darwin/lib/rustlib/thumbv7em-none-eabihf/lib/libcompiler_builtins-293d325c45568833.rlib(compiler_builtins-293d325c45568833.compiler_builtins.61e33bb3965672fe-cgu.190.rcgu.o):(.text.memset)
 800f9b4  800f9b4        0     1                 $t
 800f9b5  800f9b5       f8     1                 memset
 800faac  800faac       a4     2         /Users/janjongen/.rustup/toolchains/stable-aarch64-apple-darwin/lib/rustlib/thumbv7em-none-eabihf/lib/libcompiler_builtins-293d325c45568833.rlib(compiler_builtins-293d325c45568833.compiler_builtins.61e33bb3965672fe-cgu.287.rcgu.o):(.text.__aeabi_memcpy4)
 800faac  800faac        0     1                 $t
 800faad  800faad       a4     1                 __aeabi_memcpy4
 800fb50  800fb50      1c6     2         /Users/janjongen/.rustup/toolchains/stable-aarch64-apple-darwin/lib/rustlib/thumbv7em-none-eabihf/lib/libcompiler_builtins-293d325c45568833.rlib(compiler_builtins-293d325c45568833.compiler_builtins.61e33bb3965672fe-cgu.007.rcgu.o):(.text._ZN17compiler_builtins3mem6memcpy17h5e499811eed3b61fE)
 800fb50  800fb50        0     1                 $t
 800fb51  800fb51      1c6     1                 compiler_builtins::mem::memcpy::h5e499811eed3b61f
 800fd16  800fd16       c6     2         /Users/janjongen/.rustup/toolchains/stable-aarch64-apple-darwin/lib/rustlib/thumbv7em-none-eabihf/lib/libcompiler_builtins-293d325c45568833.rlib(compiler_builtins-293d325c45568833.compiler_builtins.61e33bb3965672fe-cgu.296.rcgu.o):(.text.__aeabi_memclr4)
 800fd16  800fd16        0     1                 $t
 800fd17  800fd17       c6     1                 __aeabi_memclr4
 800fddc  800fddc        4     2         /Users/janjongen/.rustup/toolchains/stable-aarch64-apple-darwin/lib/rustlib/thumbv7em-none-eabihf/lib/libcompiler_builtins-293d325c45568833.rlib(compiler_builtins-293d325c45568833.compiler_builtins.61e33bb3965672fe-cgu.311.rcgu.o):(.text.__aeabi_memcpy)
 800fddc  800fddc        0     1                 $t
 800fddd  800fddd        4     1                 __aeabi_memcpy
 800fde0  800fde0       14     4         /Users/janjongen/.rustup/toolchains/stable-aarch64-apple-darwin/lib/rustlib/thumbv7em-none-eabihf/lib/libcompiler_builtins-293d325c45568833.rlib(compiler_builtins-293d325c45568833.compiler_builtins.61e33bb3965672fe-cgu.374.rcgu.o):(.text.__aeabi_uldivmod)
 800fde0  800fde0        0     1                 $t
 800fde1  800fde1       14     1                 __aeabi_uldivmod
 800fdf4  800fdf4       30     2         /Users/janjongen/.rustup/toolchains/stable-aarch64-apple-darwin/lib/rustlib/thumbv7em-none-eabihf/lib/libcompiler_builtins-293d325c45568833.rlib(compiler_builtins-293d325c45568833.compiler_builtins.61e33bb3965672fe-cgu.188.rcgu.o):(.text.__udivmoddi4)
 800fdf4  800fdf4        0     1                 $t
 800fdf5  800fdf5       30     1                 __udivmoddi4
 800fe24  800fe24      360     2         /Users/janjongen/.rustup/toolchains/stable-aarch64-apple-darwin/lib/rustlib/thumbv7em-none-eabihf/lib/libcompiler_builtins-293d325c45568833.rlib(compiler_builtins-293d325c45568833.compiler_builtins.61e33bb3965672fe-cgu.009.rcgu.o):(.text._ZN17compiler_builtins3int19specialized_div_rem11u64_div_rem17h12781987c7d929b3E)
 800fe24  800fe24        0     1                 $t
[...]
     2b4      2b4       13     1         /var/folders/kj/86rz2n1d4kj64kbl5kf0zrdh0000gn/T/rustcoKnSB4/libthreadx_sys-fc0ae16add247445.rlib(tx_mutex_create.c.obj):(.debug_rnglists)
     2c7      2c7       4a     1         /var/folders/kj/86rz2n1d4kj64kbl5kf0zrdh0000gn/T/rustcoKnSB4/libthreadx_sys-fc0ae16add247445.rlib(tx_mutex_cleanup.c.obj):(.debug_rnglists)
     311      311       38     1         /var/folders/kj/86rz2n1d4kj64kbl5kf0zrdh0000gn/T/rustcoKnSB4/libthreadx_sys-fc0ae16add247445.rlib(tx_mutex_get.c.obj):(.debug_rnglists)
     349      349       38     1         /var/folders/kj/86rz2n1d4kj64kbl5kf0zrdh0000gn/T/rustcoKnSB4/libthreadx_sys-fc0ae16add247445.rlib(tx_mutex_priority_change.c.obj):(.debug_rnglists)
     381      381       14     1         /var/folders/kj/86rz2n1d4kj64kbl5kf0zrdh0000gn/T/rustcoKnSB4/libthreadx_sys-fc0ae16add247445.rlib(tx_mutex_put.c.obj):(.debug_rnglists)
     395      395       2c     1         /var/folders/kj/86rz2n1d4kj64kbl5kf0zrdh0000gn/T/rustcoKnSB4/libthreadx_sys-fc0ae16add247445.rlib(tx_mutex_prioritize.c.obj):(.debug_rnglists)
     3c1      3c1       20     1         /var/folders/kj/86rz2n1d4kj64kbl5kf0zrdh0000gn/T/rustcoKnSB4/libthreadx_sys-fc0ae16add247445.rlib(tx_thread_create.c.obj):(.debug_rnglists)
     3e1      3e1       13     1         /var/folders/kj/86rz2n1d4kj64kbl5kf0zrdh0000gn/T/rustcoKnSB4/libthreadx_sys-fc0ae16add247445.rlib(tx_thread_initialize.c.obj):(.debug_rnglists)
     3f4      3f4       1f     1         /var/folders/kj/86rz2n1d4kj64kbl5kf0zrdh0000gn/T/rustcoKnSB4/libthreadx_sys-fc0ae16add247445.rlib(tx_thread_shell_entry.c.obj):(.debug_rnglists)
     413      413       2b     1         /var/folders/kj/86rz2n1d4kj64kbl5kf0zrdh0000gn/T/rustcoKnSB4/libthreadx_sys-fc0ae16add247445.rlib(tx_thread_sleep.c.obj):(.debug_rnglists)
     43e      43e       13     1         /var/folders/kj/86rz2n1d4kj64kbl5kf0zrdh0000gn/T/rustcoKnSB4/libthreadx_sys-fc0ae16add247445.rlib(tx_thread_system_preempt_check.c.obj):(.debug_rnglists)
     451      451       2c     1         /var/folders/kj/86rz2n1d4kj64kbl5kf0zrdh0000gn/T/rustcoKnSB4/libthreadx_sys-fc0ae16add247445.rlib(tx_thread_system_resume.c.obj):(.debug_rnglists)
     47d      47d       14     1         /var/folders/kj/86rz2n1d4kj64kbl5kf0zrdh0000gn/T/rustcoKnSB4/libthreadx_sys-fc0ae16add247445.rlib(tx_thread_system_suspend.c.obj):(.debug_rnglists)
     491      491       1f     1         /var/folders/kj/86rz2n1d4kj64kbl5kf0zrdh0000gn/T/rustcoKnSB4/libthreadx_sys-fc0ae16add247445.rlib(tx_thread_time_slice.c.obj):(.debug_rnglists)
     4b0      4b0       13     1         /var/folders/kj/86rz2n1d4kj64kbl5kf0zrdh0000gn/T/rustcoKnSB4/libthreadx_sys-fc0ae16add247445.rlib(tx_thread_timeout.c.obj):(.debug_rnglists)
     4c3      4c3       13     1         /var/folders/kj/86rz2n1d4kj64kbl5kf0zrdh0000gn/T/rustcoKnSB4/libthreadx_sys-fc0ae16add247445.rlib(tx_time_get.c.obj):(.debug_rnglists)
     4d6      4d6       13     1         /var/folders/kj/86rz2n1d4kj64kbl5kf0zrdh0000gn/T/rustcoKnSB4/libthreadx_sys-fc0ae16add247445.rlib(tx_timer_expiration_process.c.obj):(.debug_rnglists)
     4e9      4e9       14     1         /var/folders/kj/86rz2n1d4kj64kbl5kf0zrdh0000gn/T/rustcoKnSB4/libthreadx_sys-fc0ae16add247445.rlib(tx_timer_initialize.c.obj):(.debug_rnglists)
     4fd      4fd       13     1         /var/folders/kj/86rz2n1d4kj64kbl5kf0zrdh0000gn/T/rustcoKnSB4/libthreadx_sys-fc0ae16add247445.rlib(tx_timer_system_activate.c.obj):(.debug_rnglists)
     510      510       13     1         /var/folders/kj/86rz2n1d4kj64kbl5kf0zrdh0000gn/T/rustcoKnSB4/libthreadx_sys-fc0ae16add247445.rlib(tx_timer_system_deactivate.c.obj):(.debug_rnglists)
     523      523       20     1         /var/folders/kj/86rz2n1d4kj64kbl5kf0zrdh0000gn/T/rustcoKnSB4/libthreadx_sys-fc0ae16add247445.rlib(tx_timer_thread_entry.c.obj):(.debug_rnglists)
     543      543       68     1         /var/folders/kj/86rz2n1d4kj64kbl5kf0zrdh0000gn/T/rustcoKnSB4/libthreadx_sys-fc0ae16add247445.rlib(txe_mutex_create.c.obj):(.debug_rnglists)
     5ab      5ab       13     1         /var/folders/kj/86rz2n1d4kj64kbl5kf0zrdh0000gn/T/rustcoKnSB4/libthreadx_sys-fc0ae16add247445.rlib(txe_mutex_delete.c.obj):(.debug_rnglists)
     5be      5be       2c     1         /var/folders/kj/86rz2n1d4kj64kbl5kf0zrdh0000gn/T/rustcoKnSB4/libthreadx_sys-fc0ae16add247445.rlib(tx_mutex_delete.c.obj):(.debug_rnglists)
     5ea      5ea       13     1         /var/folders/kj/86rz2n1d4kj64kbl5kf0zrdh0000gn/T/rustcoKnSB4/libthreadx_sys-fc0ae16add247445.rlib(txe_mutex_get.c.obj):(.debug_rnglists)
     5fd      5fd       13     1         /var/folders/kj/86rz2n1d4kj64kbl5kf0zrdh0000gn/T/rustcoKnSB4/libthreadx_sys-fc0ae16add247445.rlib(txe_mutex_put.c.obj):(.debug_rnglists)
     610      610       56     1         /var/folders/kj/86rz2n1d4kj64kbl5kf0zrdh0000gn/T/rustcoKnSB4/libthreadx_sys-fc0ae16add247445.rlib(txe_queue_create.c.obj):(.debug_rnglists)
     666      666       13     1         /var/folders/kj/86rz2n1d4kj64kbl5kf0zrdh0000gn/T/rustcoKnSB4/libthreadx_sys-fc0ae16add247445.rlib(tx_queue_create.c.obj):(.debug_rnglists)
     679      679       13     1         /var/folders/kj/86rz2n1d4kj64kbl5kf0zrdh0000gn/T/rustcoKnSB4/libthreadx_sys-fc0ae16add247445.rlib(txe_queue_delete.c.obj):(.debug_rnglists)
     68c      68c       2c     1         /var/folders/kj/86rz2n1d4kj64kbl5kf0zrdh0000gn/T/rustcoKnSB4/libthreadx_sys-fc0ae16add247445.rlib(tx_queue_delete.c.obj):(.debug_rnglists)
     6b8      6b8       13     1         /var/folders/kj/86rz2n1d4kj64kbl5kf0zrdh0000gn/T/rustcoKnSB4/libthreadx_sys-fc0ae16add247445.rlib(txe_queue_receive.c.obj):(.debug_rnglists)
     6cb      6cb       14     1         /var/folders/kj/86rz2n1d4kj64kbl5kf0zrdh0000gn/T/rustcoKnSB4/libthreadx_sys-fc0ae16add247445.rlib(tx_queue_receive.c.obj):(.debug_rnglists)
     6df      6df       2c     1         /var/folders/kj/86rz2n1d4kj64kbl5kf0zrdh0000gn/T/rustcoKnSB4/libthreadx_sys-fc0ae16add247445.rlib(tx_queue_cleanup.c.obj):(.debug_rnglists)
     70b      70b       13     1         /var/folders/kj/86rz2n1d4kj64kbl5kf0zrdh0000gn/T/rustcoKnSB4/libthreadx_sys-fc0ae16add247445.rlib(txe_queue_send.c.obj):(.debug_rnglists)
     71e      71e       14     1         /var/folders/kj/86rz2n1d4kj64kbl5kf0zrdh0000gn/T/rustcoKnSB4/libthreadx_sys-fc0ae16add247445.rlib(tx_queue_send.c.obj):(.debug_rnglists)
     732      732       2c     1         /var/folders/kj/86rz2n1d4kj64kbl5kf0zrdh0000gn/T/rustcoKnSB4/libthreadx_sys-fc0ae16add247445.rlib(txe_semaphore_create.c.obj):(.debug_rnglists)
     75e      75e       13     1         /var/folders/kj/86rz2n1d4kj64kbl5kf0zrdh0000gn/T/rustcoKnSB4/libthreadx_sys-fc0ae16add247445.rlib(tx_semaphore_create.c.obj):(.debug_rnglists)
     771      771       13     1         /var/folders/kj/86rz2n1d4kj64kbl5kf0zrdh0000gn/T/rustcoKnSB4/libthreadx_sys-fc0ae16add247445.rlib(txe_semaphore_delete.c.obj):(.debug_rnglists)
     784      784       2c     1         /var/folders/kj/86rz2n1d4kj64kbl5kf0zrdh0000gn/T/rustcoKnSB4/libthreadx_sys-fc0ae16add247445.rlib(tx_semaphore_delete.c.obj):(.debug_rnglists)
     7b0      7b0       13     1         /var/folders/kj/86rz2n1d4kj64kbl5kf0zrdh0000gn/T/rustcoKnSB4/libthreadx_sys-fc0ae16add247445.rlib(txe_semaphore_get.c.obj):(.debug_rnglists)
     7c3      7c3       2c     1         /var/folders/kj/86rz2n1d4kj64kbl5kf0zrdh0000gn/T/rustcoKnSB4/libthreadx_sys-fc0ae16add247445.rlib(tx_semaphore_get.c.obj):(.debug_rnglists)
     7ef      7ef       2c     1         /var/folders/kj/86rz2n1d4kj64kbl5kf0zrdh0000gn/T/rustcoKnSB4/libthreadx_sys-fc0ae16add247445.rlib(tx_semaphore_cleanup.c.obj):(.debug_rnglists)
     81b      81b       13     1         /var/folders/kj/86rz2n1d4kj64kbl5kf0zrdh0000gn/T/rustcoKnSB4/libthreadx_sys-fc0ae16add247445.rlib(txe_semaphore_put.c.obj):(.debug_rnglists)
     82e      82e       2b     1         /var/folders/kj/86rz2n1d4kj64kbl5kf0zrdh0000gn/T/rustcoKnSB4/libthreadx_sys-fc0ae16add247445.rlib(tx_semaphore_put.c.obj):(.debug_rnglists)
     859      859       2c     1         /var/folders/kj/86rz2n1d4kj64kbl5kf0zrdh0000gn/T/rustcoKnSB4/libthreadx_sys-fc0ae16add247445.rlib(txe_thread_create.c.obj):(.debug_rnglists)
     885      885       13     1         /var/folders/kj/86rz2n1d4kj64kbl5kf0zrdh0000gn/T/rustcoKnSB4/libthreadx_sys-fc0ae16add247445.rlib(txe_thread_delete.c.obj):(.debug_rnglists)
     898      898       1f     1         /var/folders/kj/86rz2n1d4kj64kbl5kf0zrdh0000gn/T/rustcoKnSB4/libthreadx_sys-fc0ae16add247445.rlib(tx_thread_delete.c.obj):(.debug_rnglists)
     8b7      8b7       13     1         /var/folders/kj/86rz2n1d4kj64kbl5kf0zrdh0000gn/T/rustcoKnSB4/libthreadx_sys-fc0ae16add247445.rlib(txe_thread_terminate.c.obj):(.debug_rnglists)
     8ca      8ca       92     1         /var/folders/kj/86rz2n1d4kj64kbl5kf0zrdh0000gn/T/rustcoKnSB4/libthreadx_sys-fc0ae16add247445.rlib(tx_thread_terminate.c.obj):(.debug_rnglists)
       0        0     45fc     1 .debug_macro
       0        0      1ce     1         /var/folders/kj/86rz2n1d4kj64kbl5kf0zrdh0000gn/T/rustcoKnSB4/libnetx_sys-21cf5291d1ecb40f.rlib(nxe_packet_release.c.obj):(.debug_macro)
     1ce      1ce      ad8     1         /var/folders/kj/86rz2n1d4kj64kbl5kf0zrdh0000gn/T/rustcoKnSB4/libnetx_sys-21cf5291d1ecb40f.rlib(nxe_packet_release.c.obj):(.debug_macro)
     ca6      ca6       11     1         /var/folders/kj/86rz2n1d4kj64kbl5kf0zrdh0000gn/T/rustcoKnSB4/libnetx_sys-21cf5291d1ecb40f.rlib(nxe_packet_release.c.obj):(.debug_macro)
     cb7      cb7       2a     1         /var/folders/kj/86rz2n1d4kj64kbl5kf0zrdh0000gn/T/rustcoKnSB4/libnetx_sys-21cf5291d1ecb40f.rlib(nxe_packet_release.c.obj):(.debug_macro)
     ce1      ce1       22     1         /var/folders/kj/86rz2n1d4kj64kbl5kf0zrdh0000gn/T/rustcoKnSB4/libnetx_sys-21cf5291d1ecb40f.rlib(nxe_packet_release.c.obj):(.debug_macro)
     d03      d03       75     1         /var/folders/kj/86rz2n1d4kj64kbl5kf0zrdh0000gn/T/rustcoKnSB4/libnetx_sys-21cf5291d1ecb40f.rlib(nxe_packet_release.c.obj):(.debug_macro)
     d78      d78       94     1         /var/folders/kj/86rz2n1d4kj64kbl5kf0zrdh0000gn/T/rustcoKnSB4/libnetx_sys-21cf5291d1ecb40f.rlib(nxe_packet_release.c.obj):(.debug_macro)
     e0c      e0c       3c     1         /var/folders/kj/86rz2n1d4kj64kbl5kf0zrdh0000gn/T/rustcoKnSB4/libnetx_sys-21cf5291d1ecb40f.rlib(nxe_packet_release.c.obj):(.debug_macro)
     e48      e48       34     1         /var/folders/kj/86rz2n1d4kj64kbl5kf0zrdh0000gn/T/rustcoKnSB4/libnetx_sys-21cf5291d1ecb40f.rlib(nxe_packet_release.c.obj):(.debug_macro)
     e7c      e7c       16     1         /var/folders/kj/86rz2n1d4kj64kbl5kf0zrdh0000gn/T/rustcoKnSB4/libnetx_sys-21cf5291d1ecb40f.rlib(nxe_packet_release.c.obj):(.debug_macro)
     e92      e92      11c     1         /var/folders/kj/86rz2n1d4kj64kbl5kf0zrdh0000gn/T/rustcoKnSB4/libnetx_sys-21cf5291d1ecb40f.rlib(nxe_packet_release.c.obj):(.debug_macro)
     fae      fae       94     1         /var/folders/kj/86rz2n1d4kj64kbl5kf0zrdh0000gn/T/rustcoKnSB4/libnetx_sys-21cf5291d1ecb40f.rlib(nxe_packet_release.c.obj):(.debug_macro)
    1042     1042       57     1         /var/folders/kj/86rz2n1d4kj64kbl5kf0zrdh0000gn/T/rustcoKnSB4/libnetx_sys-21cf5291d1ecb40f.rlib(nxe_packet_release.c.obj):(.debug_macro)
    1099     1099      38c     1         /var/folders/kj/86rz2n1d4kj64kbl5kf0zrdh0000gn/T/rustcoKnSB4/libnetx_sys-21cf5291d1ecb40f.rlib(nxe_packet_release.c.obj):(.debug_macro)
    1425     1425       16     1         /var/folders/kj/86rz2n1d4kj64kbl5kf0zrdh0000gn/T/rustcoKnSB4/libnetx_sys-21cf5291d1ecb40f.rlib(nxe_packet_release.c.obj):(.debug_macro)
    143b     143b       4a     1         /var/folders/kj/86rz2n1d4kj64kbl5kf0zrdh0000gn/T/rustcoKnSB4/libnetx_sys-21cf5291d1ecb40f.rlib(nxe_packet_release.c.obj):(.debug_macro)
    1485     1485       34     1         /var/folders/kj/86rz2n1d4kj64kbl5kf0zrdh0000gn/T/rustcoKnSB4/libnetx_sys-21cf5291d1ecb40f.rlib(nxe_packet_release.c.obj):(.debug_macro)
    14b9     14b9       10     1         /var/folders/kj/86rz2n1d4kj64kbl5kf0zrdh0000gn/T/rustcoKnSB4/libnetx_sys-21cf5291d1ecb40f.rlib(nxe_packet_release.c.obj):(.debug_macro)
    14c9     14c9       58     1         /var/folders/kj/86rz2n1d4kj64kbl5kf0zrdh0000gn/T/rustcoKnSB4/libnetx_sys-21cf5291d1ecb40f.rlib(nxe_packet_release.c.obj):(.debug_macro)
    1521     1521      1e5     1         /var/folders/kj/86rz2n1d4kj64kbl5kf0zrdh0000gn/T/rustcoKnSB4/libnetx_sys-21cf5291d1ecb40f.rlib(nxe_packet_release.c.obj):(.debug_macro)
    1706     1706       16     1         /var/folders/kj/86rz2n1d4kj64kbl5kf0zrdh0000gn/T/rustcoKnSB4/libnetx_sys-21cf5291d1ecb40f.rlib(nxe_packet_release.c.obj):(.debug_macro)
    171c     171c       29     1         /var/folders/kj/86rz2n1d4kj64kbl5kf0zrdh0000gn/T/rustcoKnSB4/libnetx_sys-21cf5291d1ecb40f.rlib(nxe_packet_release.c.obj):(.debug_macro)
    1745     1745       16     1         /var/folders/kj/86rz2n1d4kj64kbl5kf0zrdh0000gn/T/rustcoKnSB4/libnetx_sys-21cf5291d1ecb40f.rlib(nxe_packet_release.c.obj):(.debug_macro)
    175b     175b       3c     1         /var/folders/kj/86rz2n1d4kj64kbl5kf0zrdh0000gn/T/rustcoKnSB4/libnetx_sys-21cf5291d1ecb40f.rlib(nxe_packet_release.c.obj):(.debug_macro)
    1797     1797      167     1         /var/folders/kj/86rz2n1d4kj64kbl5kf0zrdh0000gn/T/rustcoKnSB4/libnetx_sys-21cf5291d1ecb40f.rlib(nxe_packet_release.c.obj):(.debug_macro)
    18fe     18fe      964     1         /var/folders/kj/86rz2n1d4kj64kbl5kf0zrdh0000gn/T/rustcoKnSB4/libnetx_sys-21cf5291d1ecb40f.rlib(nxe_packet_release.c.obj):(.debug_macro)
    2262     2262       4c     1         /var/folders/kj/86rz2n1d4kj64kbl5kf0zrdh0000gn/T/rustcoKnSB4/libnetx_sys-21cf5291d1ecb40f.rlib(nxe_packet_release.c.obj):(.debug_macro)
    22ae     22ae       1c     1         /var/folders/kj/86rz2n1d4kj64kbl5kf0zrdh0000gn/T/rustcoKnSB4/libnetx_sys-21cf5291d1ecb40f.rlib(nxe_packet_release.c.obj):(.debug_macro)
    22ca     22ca       10     1         /var/folders/kj/86rz2n1d4kj64kbl5kf0zrdh0000gn/T/rustcoKnSB4/libnetx_sys-21cf5291d1ecb40f.rlib(nxe_packet_release.c.obj):(.debug_macro)
    22da     22da       1c     1         /var/folders/kj/86rz2n1d4kj64kbl5kf0zrdh0000gn/T/rustcoKnSB4/libnetx_sys-21cf5291d1ecb40f.rlib(nxe_packet_release.c.obj):(.debug_macro)
    22f6     22f6       16     1         /var/folders/kj/86rz2n1d4kj64kbl5kf0zrdh0000gn/T/rustcoKnSB4/libnetx_sys-21cf5291d1ecb40f.rlib(nxe_packet_release.c.obj):(.debug_macro)
    230c     230c      170     1         /var/folders/kj/86rz2n1d4kj64kbl5kf0zrdh0000gn/T/rustcoKnSB4/libnetx_sys-21cf5291d1ecb40f.rlib(nxe_packet_release.c.obj):(.debug_macro)
    247c     247c       51     1         /var/folders/kj/86rz2n1d4kj64kbl5kf0zrdh0000gn/T/rustcoKnSB4/libnetx_sys-21cf5291d1ecb40f.rlib(nxe_packet_release.c.obj):(.debug_macro)
    24cd     24cd       22     1         /var/folders/kj/86rz2n1d4kj64kbl5kf0zrdh0000gn/T/rustcoKnSB4/libnetx_sys-21cf5291d1ecb40f.rlib(nxe_packet_release.c.obj):(.debug_macro)
    24ef     24ef      870     1         /var/folders/kj/86rz2n1d4kj64kbl5kf0zrdh0000gn/T/rustcoKnSB4/libnetx_sys-21cf5291d1ecb40f.rlib(nxe_packet_release.c.obj):(.debug_macro)
    2d5f     2d5f       2f     1         /var/folders/kj/86rz2n1d4kj64kbl5kf0zrdh0000gn/T/rustcoKnSB4/libnetx_sys-21cf5291d1ecb40f.rlib(nxe_packet_release.c.obj):(.debug_macro)
    2d8e     2d8e      1d7     1         /var/folders/kj/86rz2n1d4kj64kbl5kf0zrdh0000gn/T/rustcoKnSB4/libnetx_sys-21cf5291d1ecb40f.rlib(nx_packet_release.c.obj):(.debug_macro)
    2f65     2f65       6b     1         /var/folders/kj/86rz2n1d4kj64kbl5kf0zrdh0000gn/T/rustcoKnSB4/libnetx_sys-21cf5291d1ecb40f.rlib(nx_packet_release.c.obj):(.debug_macro)
    2fd0     2fd0      1e7     1         /var/folders/kj/86rz2n1d4kj64kbl5kf0zrdh0000gn/T/rustcoKnSB4/libnetx_sys-21cf5291d1ecb40f.rlib(nxe_arp_dynamic_entries_invalidate.c.obj):(.debug_macro)
    31b7     31b7       70     1         /var/folders/kj/86rz2n1d4kj64kbl5kf0zrdh0000gn/T/rustcoKnSB4/libnetx_sys-21cf5291d1ecb40f.rlib(nxe_arp_dynamic_entries_invalidate.c.obj):(.debug_macro)
    3227     3227       6a     1         /var/folders/kj/86rz2n1d4kj64kbl5kf0zrdh0000gn/T/rustcoKnSB4/libnetx_sys-21cf5291d1ecb40f.rlib(nxe_arp_dynamic_entries_invalidate.c.obj):(.debug_macro)
    3291     3291       3a     1         /var/folders/kj/86rz2n1d4kj64kbl5kf0zrdh0000gn/T/rustcoKnSB4/libnetx_sys-21cf5291d1ecb40f.rlib(nxe_arp_dynamic_entries_invalidate.c.obj):(.debug_macro)
    32cb     32cb      1ce     1         /var/folders/kj/86rz2n1d4kj64kbl5kf0zrdh0000gn/T/rustcoKnSB4/libnetx_sys-21cf5291d1ecb40f.rlib(nx_arp_dynamic_entries_invalidate.c.obj):(.debug_macro)
    3499     3499       34     1         /var/folders/kj/86rz2n1d4kj64kbl5kf0zrdh0000gn/T/rustcoKnSB4/libnetx_sys-21cf5291d1ecb40f.rlib(nx_arp_dynamic_entries_invalidate.c.obj):(.debug_macro)
    34cd     34cd      1d7     1         /var/folders/kj/86rz2n1d4kj64kbl5kf0zrdh0000gn/T/rustcoKnSB4/libnetx_sys-21cf5291d1ecb40f.rlib(nx_arp_dynamic_entry_delete.c.obj):(.debug_macro)
    36a4     36a4       35     1         /var/folders/kj/86rz2n1d4kj64kbl5kf0zrdh0000gn/T/rustcoKnSB4/libnetx_sys-21cf5291d1ecb40f.rlib(nx_arp_dynamic_entry_delete.c.obj):(.debug_macro)
    36d9     36d9      1e7     1         /var/folders/kj/86rz2n1d4kj64kbl5kf0zrdh0000gn/T/rustcoKnSB4/libnetx_sys-21cf5291d1ecb40f.rlib(nx_packet_transmit_release.c.obj):(.debug_macro)
    38c0     38c0      1de     1         /var/folders/kj/86rz2n1d4kj64kbl5kf0zrdh0000gn/T/rustcoKnSB4/libnetx_sys-21cf5291d1ecb40f.rlib(nx_ip_packet_deferred_receive.c.obj):(.debug_macro)
    3a9e     3a9e      1f0     1         /var/folders/kj/86rz2n1d4kj64kbl5kf0zrdh0000gn/T/rustcoKnSB4/libnetx_sys-21cf5291d1ecb40f.rlib(nx_arp_packet_deferred_receive.c.obj):(.debug_macro)
    3c8e     3c8e      1f0     1         /var/folders/kj/86rz2n1d4kj64kbl5kf0zrdh0000gn/T/rustcoKnSB4/libnetx_sys-21cf5291d1ecb40f.rlib(nx_rarp_packet_deferred_receive.c.obj):(.debug_macro)
    3e7e     3e7e       34     1         /var/folders/kj/86rz2n1d4kj64kbl5kf0zrdh0000gn/T/rustcoKnSB4/libnetx_sys-21cf5291d1ecb40f.rlib(nx_rarp_packet_deferred_receive.c.obj):(.debug_macro)
    3eb2     3eb2      1ce     1         /var/folders/kj/86rz2n1d4kj64kbl5kf0zrdh0000gn/T/rustcoKnSB4/libnetx_sys-21cf5291d1ecb40f.rlib(nxe_packet_allocate.c.obj):(.debug_macro)
    4080     4080      1d7     1         /var/folders/kj/86rz2n1d4kj64kbl5kf0zrdh0000gn/T/rustcoKnSB4/libnetx_sys-21cf5291d1ecb40f.rlib(nx_packet_allocate.c.obj):(.debug_macro)
    4257     4257      1d7     1         /var/folders/kj/86rz2n1d4kj64kbl5kf0zrdh0000gn/T/rustcoKnSB4/libnetx_sys-21cf5291d1ecb40f.rlib(nx_packet_pool_cleanup.c.obj):(.debug_macro)
    442e     442e      1ce     1         /var/folders/kj/86rz2n1d4kj64kbl5kf0zrdh0000gn/T/rustcoKnSB4/libnetx_sys-21cf5291d1ecb40f.rlib(nxe_packet_transmit_release.c.obj):(.debug_macro)
       0        0      2be     1 .debug_pubnames
       0        0      2be     1         /var/folders/kj/86rz2n1d4kj64kbl5kf0zrdh0000gn/T/rustcoKnSB4/libcortex_m-6b662cab7b21d64f.rlib(bin/thumbv7em-none-eabihf.o):(.debug_pubnames)
       0        0       47     1 .debug_pubtypes
       0        0       47     1         /var/folders/kj/86rz2n1d4kj64kbl5kf0zrdh0000gn/T/rustcoKnSB4/libcortex_m-6b662cab7b21d64f.rlib(bin/thumbv7em-none-eabihf.o):(.debug_pubtypes)
       0        0      16f     1 .debug_line_str
       0        0      16f     1         <internal>:(.debug_line_str)
       0        0     4240     4 .symtab
       0        0     4240     4         <internal>:(.symtab)
       0        0      13a     1 .shstrtab
       0        0      13a     1         <internal>:(.shstrtab)
       0        0     7e38     1 .strtab
       0        0     7e38     1         <internal>:(.strtab)
