     VMA      LMA     Size Align Out     In      Symbol
       0        0        0     1 PROVIDE ( NonMaskableInt = DefaultHandler )
       0        0        0     1 PROVIDE ( MemoryManagement = DefaultHandler )
       0        0        0     1 PROVIDE ( BusFault = DefaultHandler )
       0        0        0     1 PROVIDE ( UsageFault = DefaultHandler )
       0        0        0     1 PROVIDE ( SVCall = DefaultHandler )
       0        0        0     1 PROVIDE ( DebugMonitor = DefaultHandler )
       0        0        0     1 PROVIDE ( __pre_init = DefaultPreInit )
       0        0        0     1 PROVIDE ( _stack_start = ORIGIN ( RAM ) + LENGTH ( RAM ) )
 8000000  8000000      1c4     4 .vector_table
 8000000  8000000        0     1         __vector_table = .
 8000000  8000000        4     1         LONG ( _stack_start & 0xFFFFFFF8 )
 8000004  8000004        4     4         /Users/janjongen/Documents/workspace/threadx-rust/threadx-app/cross/target/thumbv7em-none-eabihf/release/deps/hello-37ff5a4a8d9a474e.hello.43486ec497d24476-cgu.0.rcgu.o:(.vector_table.reset_vector)
 8000004  8000004        4     1                 __RESET_VECTOR
 8000008  8000008        0     1         __reset_vector = .
 8000008  8000008       38     4         /Users/janjongen/Documents/workspace/threadx-rust/threadx-app/cross/target/thumbv7em-none-eabihf/release/deps/hello-37ff5a4a8d9a474e.hello.43486ec497d24476-cgu.0.rcgu.o:(.vector_table.exceptions)
 8000008  8000008       38     1                 __EXCEPTIONS
 8000040  8000040        0     1         __eexceptions = .
 8000040  8000040      184     4         /Users/janjongen/Documents/workspace/threadx-rust/threadx-app/cross/target/thumbv7em-none-eabihf/release/deps/hello-37ff5a4a8d9a474e.hello.43486ec497d24476-cgu.0.rcgu.o:(.vector_table.interrupts)
 8000040  8000040      184     1                 __INTERRUPTS
 80001c4  80001c4        0     1 PROVIDE ( _stext = ADDR ( .vector_table ) + SIZEOF ( .vector_table ) )
 80001c4  80001c4    1395c    16 .text
 80001c4  80001c4        0     1         __stext = .
 80001c4  80001c4       58     4         /Users/janjongen/Documents/workspace/threadx-rust/threadx-app/cross/target/thumbv7em-none-eabihf/release/deps/hello-37ff5a4a8d9a474e.hello.43486ec497d24476-cgu.0.rcgu.o:(.Reset)
 80001c4  80001c4        0     1                 $t.1
 80001c5  80001c5       3e     1                 Reset
 8000204  8000204        0     1                 $d.71
 800021c  800021c      858     2         /Users/janjongen/Documents/workspace/threadx-rust/threadx-app/cross/target/thumbv7em-none-eabihf/release/deps/hello-37ff5a4a8d9a474e.hello.43486ec497d24476-cgu.0.rcgu.o:(.text._ZN10threadx_rs6thread17thread_trampoline17h953b712f0798e71aE)
 800021c  800021c        0     1                 $t.2
 800021d  800021d      858     1                 threadx_rs::thread::thread_trampoline::h953b712f0798e71a
 8000a74  8000a74      20e     2         /Users/janjongen/Documents/workspace/threadx-rust/threadx-app/cross/target/thumbv7em-none-eabihf/release/deps/hello-37ff5a4a8d9a474e.hello.43486ec497d24476-cgu.0.rcgu.o:(.text._ZN4core3ops8function6FnOnce9call_once17ha407610983d515b7E)
 8000a74  8000a74        0     1                 $t.3
 8000a75  8000a75      20e     1                 core::ops::function::FnOnce::call_once::ha407610983d515b7
 8000c84  8000c84      428     4         /Users/janjongen/Documents/workspace/threadx-rust/threadx-app/cross/target/thumbv7em-none-eabihf/release/deps/hello-37ff5a4a8d9a474e.hello.43486ec497d24476-cgu.0.rcgu.o:(.text._ZN4core3ops8function6FnOnce9call_once17hea4ff9518fe40282E)
 8000c84  8000c84        0     1                 $t.4
 8000c85  8000c85      422     1                 core::ops::function::FnOnce::call_once::hea4ff9518fe40282
 80010a8  80010a8        0     1                 $d.72
 80010ac  80010ac       64     4         /Users/janjongen/Documents/workspace/threadx-rust/threadx-app/cross/target/thumbv7em-none-eabihf/release/deps/hello-37ff5a4a8d9a474e.hello.43486ec497d24476-cgu.0.rcgu.o:(.text._ZN55_$LT$nb..Error$LT$E$GT$$u20$as$u20$core..fmt..Debug$GT$3fmt17hbf8733d6e22961a1E)
 80010ac  80010ac        0     1                 $t.5
 80010ad  80010ad       64     1                 _$LT$nb..Error$LT$E$GT$$u20$as$u20$core..fmt..Debug$GT$::fmt::hbf8733d6e22961a1
 80010bc  80010bc        0     1                 $d.6
 80010c2  80010c2        0     1                 $t.7
 8001110  8001110       2a     2         /Users/janjongen/Documents/workspace/threadx-rust/threadx-app/cross/target/thumbv7em-none-eabihf/release/deps/hello-37ff5a4a8d9a474e.hello.43486ec497d24476-cgu.0.rcgu.o:(.text._ZN66_$LT$threadx_app..network..NxError$u20$as$u20$core..fmt..Debug$GT$3fmt17ha3d0b378b7680d75E)
 8001110  8001110        0     1                 $t.8
 8001111  8001111       2a     1                 _$LT$threadx_app..network..NxError$u20$as$u20$core..fmt..Debug$GT$::fmt::ha3d0b378b7680d75
 800113a  800113a        8     2         /Users/janjongen/Documents/workspace/threadx-rust/threadx-app/cross/target/thumbv7em-none-eabihf/release/deps/hello-37ff5a4a8d9a474e.hello.43486ec497d24476-cgu.0.rcgu.o:(.text.main)
 800113a  800113a        0     1                 $t.9
 800113b  800113b        8     1                 main
 8001142  8001142       58     2         /Users/janjongen/Documents/workspace/threadx-rust/threadx-app/cross/target/thumbv7em-none-eabihf/release/deps/hello-37ff5a4a8d9a474e.hello.43486ec497d24476-cgu.0.rcgu.o:(.text._ZN5hello18__cortex_m_rt_main17hdc83d4ac9d381f74E)
 8001142  8001142        0     1                 $t.10
 8001143  8001143       58     1                 hello::__cortex_m_rt_main::hdc83d4ac9d381f74
 800119a  800119a       22     2         /Users/janjongen/Documents/workspace/threadx-rust/threadx-app/cross/target/thumbv7em-none-eabihf/release/deps/hello-37ff5a4a8d9a474e.hello.43486ec497d24476-cgu.0.rcgu.o:(.text.unlikely._ZN4core9panicking9panic_fmt17hbb96d6ef0dd540b1E)
 800119a  800119a        0     1                 $t.11
 800119b  800119b       22     1                 core::panicking::panic_fmt::hbb96d6ef0dd540b1
 80011bc  80011bc       22     2         /Users/janjongen/Documents/workspace/threadx-rust/threadx-app/cross/target/thumbv7em-none-eabihf/release/deps/hello-37ff5a4a8d9a474e.hello.43486ec497d24476-cgu.0.rcgu.o:(.text._ZN36_$LT$T$u20$as$u20$core..any..Any$GT$7type_id17h89d5f250daa2fe54E)
 80011bc  80011bc        0     1                 $t.12
 80011bd  80011bd       22     1                 _$LT$T$u20$as$u20$core..any..Any$GT$::type_id::h89d5f250daa2fe54
 80011de  80011de       46     2         /Users/janjongen/Documents/workspace/threadx-rust/threadx-app/cross/target/thumbv7em-none-eabihf/release/deps/hello-37ff5a4a8d9a474e.hello.43486ec497d24476-cgu.0.rcgu.o:(.text.unlikely._ZN4core5slice5index26slice_start_index_len_fail17ha7c751110da4017fE)
 80011de  80011de        0     1                 $t.13
 80011df  80011df       46     1                 core::slice::index::slice_start_index_len_fail::ha7c751110da4017f
 8001224  8001224      280     4         /Users/janjongen/Documents/workspace/threadx-rust/threadx-app/cross/target/thumbv7em-none-eabihf/release/deps/hello-37ff5a4a8d9a474e.hello.43486ec497d24476-cgu.0.rcgu.o:(.text._ZN4core3fmt3num3imp52_$LT$impl$u20$core..fmt..Display$u20$for$u20$u32$GT$3fmt17h0860fe75dc21a9f9E)
 8001224  8001224        0     1                 $t.14
 8001225  8001225      280     1                 core::fmt::num::imp::_$LT$impl$u20$core..fmt..Display$u20$for$u20$u32$GT$::fmt::h0860fe75dc21a9f9
 8001336  8001336        0     1                 $d.15
 800133a  800133a        0     1                 $t.16
 80014a4  80014a4       42     2         /Users/janjongen/Documents/workspace/threadx-rust/threadx-app/cross/target/thumbv7em-none-eabihf/release/deps/hello-37ff5a4a8d9a474e.hello.43486ec497d24476-cgu.0.rcgu.o:(.text._ZN4core3fmt9Formatter12pad_integral12write_prefix17hcc4a66dd14b77b41E)
 80014a4  80014a4        0     1                 $t.17
 80014a5  80014a5       42     1                 core::fmt::Formatter::pad_integral::write_prefix::hcc4a66dd14b77b41
 80014e6  80014e6       26     2         /Users/janjongen/Documents/workspace/threadx-rust/threadx-app/cross/target/thumbv7em-none-eabihf/release/deps/hello-37ff5a4a8d9a474e.hello.43486ec497d24476-cgu.0.rcgu.o:(.text.unlikely._ZN4core9panicking5panic17h12c2f8f371e480f5E)
 80014e6  80014e6        0     1                 $t.18
 80014e7  80014e7       26     1                 core::panicking::panic::h12c2f8f371e480f5
 800150c  800150c      766     4         /Users/janjongen/Documents/workspace/threadx-rust/threadx-app/cross/target/thumbv7em-none-eabihf/release/deps/hello-37ff5a4a8d9a474e.hello.43486ec497d24476-cgu.0.rcgu.o:(.text._ZN44_$LT$$RF$T$u20$as$u20$core..fmt..Display$GT$3fmt17hfd26d0d521071144E)
 800150c  800150c        0     1                 $t.19
 800150d  800150d      766     1                 _$LT$$RF$T$u20$as$u20$core..fmt..Display$GT$::fmt::hfd26d0d521071144
 8001b82  8001b82        0     1                 $d.20
 8001b86  8001b86        0     1                 $t.21
 8001c72  8001c72        8     2         /Users/janjongen/Documents/workspace/threadx-rust/threadx-app/cross/target/thumbv7em-none-eabihf/release/deps/hello-37ff5a4a8d9a474e.hello.43486ec497d24476-cgu.0.rcgu.o:(.text._ZN42_$LT$$RF$T$u20$as$u20$core..fmt..Debug$GT$3fmt17he61e83571e5b3e25E)
 8001c72  8001c72        0     1                 $t.22
 8001c73  8001c73        8     1                 _$LT$$RF$T$u20$as$u20$core..fmt..Debug$GT$::fmt::he61e83571e5b3e25
 8001c7a  8001c7a      17e     2         /Users/janjongen/Documents/workspace/threadx-rust/threadx-app/cross/target/thumbv7em-none-eabihf/release/deps/hello-37ff5a4a8d9a474e.hello.43486ec497d24476-cgu.0.rcgu.o:(.text._ZN4core3fmt5write17h73255901a0bc8457E)
 8001c7a  8001c7a        0     1                 $t.23
 8001c7b  8001c7b      17e     1                 core::fmt::write::h73255901a0bc8457
 8001df8  8001df8       26     2         /Users/janjongen/Documents/workspace/threadx-rust/threadx-app/cross/target/thumbv7em-none-eabihf/release/deps/hello-37ff5a4a8d9a474e.hello.43486ec497d24476-cgu.0.rcgu.o:(.text.unlikely._ZN4core9panicking11panic_const23panic_const_div_by_zero17h8e11d7803e79a4b2E)
 8001df8  8001df8        0     1                 $t.24
 8001df9  8001df9       26     1                 core::panicking::panic_const::panic_const_div_by_zero::h8e11d7803e79a4b2
 8001e1e  8001e1e       54     2         /Users/janjongen/Documents/workspace/threadx-rust/threadx-app/cross/target/thumbv7em-none-eabihf/release/deps/hello-37ff5a4a8d9a474e.hello.43486ec497d24476-cgu.0.rcgu.o:(.text.unlikely._ZN4core6result13unwrap_failed17h446310545f0c3c6aE)
 8001e1e  8001e1e        0     1                 $t.25
 8001e1f  8001e1f       54     1                 core::result::unwrap_failed::h446310545f0c3c6a
 8001e72  8001e72       14     2         /Users/janjongen/Documents/workspace/threadx-rust/threadx-app/cross/target/thumbv7em-none-eabihf/release/deps/hello-37ff5a4a8d9a474e.hello.43486ec497d24476-cgu.0.rcgu.o:(.text.unlikely._ZN4core6option13unwrap_failed17h5026b95da0dc2666E)
 8001e72  8001e72        0     1                 $t.26
 8001e73  8001e73       14     1                 core::option::unwrap_failed::h5026b95da0dc2666
 8001e86  8001e86       38     2         /Users/janjongen/Documents/workspace/threadx-rust/threadx-app/cross/target/thumbv7em-none-eabihf/release/deps/hello-37ff5a4a8d9a474e.hello.43486ec497d24476-cgu.0.rcgu.o:(.text.unlikely._ZN4core6option13expect_failed17h3eb9daf4e2d272f5E)
 8001e86  8001e86        0     1                 $t.27
 8001e87  8001e87       38     1                 core::option::expect_failed::h3eb9daf4e2d272f5
 8001ebe  8001ebe       40     2         /Users/janjongen/Documents/workspace/threadx-rust/threadx-app/cross/target/thumbv7em-none-eabihf/release/deps/hello-37ff5a4a8d9a474e.hello.43486ec497d24476-cgu.0.rcgu.o:(.text.unlikely._ZN4core9panicking14panic_explicit17ha2745769f52ae616E)
 8001ebe  8001ebe        0     1                 $t.28
 8001ebf  8001ebf       40     1                 core::panicking::panic_explicit::ha2745769f52ae616
 8001efe  8001efe        a     2         /Users/janjongen/Documents/workspace/threadx-rust/threadx-app/cross/target/thumbv7em-none-eabihf/release/deps/hello-37ff5a4a8d9a474e.hello.43486ec497d24476-cgu.0.rcgu.o:(.text._critical_section_1_0_release)
 8001efe  8001efe        0     1                 $t.30
 8001eff  8001eff        a     1                 _critical_section_1_0_release
 8001f08  8001f08        2     2         /Users/janjongen/Documents/workspace/threadx-rust/threadx-app/cross/target/thumbv7em-none-eabihf/release/deps/hello-37ff5a4a8d9a474e.hello.43486ec497d24476-cgu.0.rcgu.o:(.text.DefaultHandler_)
 8001f08  8001f08        0     1                 $t.32
 8001f09  8001f09        2     1                 DefaultHandler_
 8001f0a  8001f0a        2     2         /Users/janjongen/Documents/workspace/threadx-rust/threadx-app/cross/target/thumbv7em-none-eabihf/release/deps/hello-37ff5a4a8d9a474e.hello.43486ec497d24476-cgu.0.rcgu.o:(.text.DefaultPreInit)
 8001f0a  8001f0a        0     1                 $t.33
 8001f0b  8001f0b        2     1                 DefaultPreInit
 8001f0c  8001f0c       10     2         /Users/janjongen/Documents/workspace/threadx-rust/threadx-app/cross/target/thumbv7em-none-eabihf/release/deps/hello-37ff5a4a8d9a474e.hello.43486ec497d24476-cgu.0.rcgu.o:(.text._ZN60_$LT$defmt..export..FmtWrite$u20$as$u20$core..fmt..Write$GT$9write_str17h201e427be9875948E)
 8001f0c  8001f0c        0     1                 $t.34
 8001f0d  8001f0d       10     1                 _$LT$defmt..export..FmtWrite$u20$as$u20$core..fmt..Write$GT$::write_str::h201e427be9875948
 8001f1c  8001f1c       8a     2         /Users/janjongen/Documents/workspace/threadx-rust/threadx-app/cross/target/thumbv7em-none-eabihf/release/deps/hello-37ff5a4a8d9a474e.hello.43486ec497d24476-cgu.0.rcgu.o:(.text._ZN4core3fmt5Write10write_char17h32ec7020ce7d9a18E)
 8001f1c  8001f1c        0     1                 $t.35
 8001f1d  8001f1d       8a     1                 core::fmt::Write::write_char::h32ec7020ce7d9a18
 8001fa6  8001fa6       12     2         /Users/janjongen/Documents/workspace/threadx-rust/threadx-app/cross/target/thumbv7em-none-eabihf/release/deps/hello-37ff5a4a8d9a474e.hello.43486ec497d24476-cgu.0.rcgu.o:(.text._ZN4core3fmt5Write9write_fmt17h7ae4af2ce38f63ecE)
 8001fa6  8001fa6        0     1                 $t.36
 8001fa7  8001fa7       12     1                 core::fmt::Write::write_fmt::h7ae4af2ce38f63ec
 8001fb8  8001fb8        8     2         /Users/janjongen/Documents/workspace/threadx-rust/threadx-app/cross/target/thumbv7em-none-eabihf/release/deps/hello-37ff5a4a8d9a474e.hello.43486ec497d24476-cgu.0.rcgu.o:(.text._ZN44_$LT$$RF$T$u20$as$u20$core..fmt..Display$GT$3fmt17h1ad9f603a6e381a5E)
 8001fb8  8001fb8        0     1                 $t.37
 8001fb9  8001fb9        8     1                 _$LT$$RF$T$u20$as$u20$core..fmt..Display$GT$::fmt::h1ad9f603a6e381a5
 8001fc0  8001fc0       1a     2         /Users/janjongen/Documents/workspace/threadx-rust/threadx-app/cross/target/thumbv7em-none-eabihf/release/deps/hello-37ff5a4a8d9a474e.hello.43486ec497d24476-cgu.0.rcgu.o:(.text._ZN5defmt6export6header17h023d740b300b583bE)
 8001fc0  8001fc0        0     1                 $t.38
 8001fc1  8001fc1       1a     1                 defmt::export::header::h023d740b300b583b
 8001fda  8001fda        2     2         /Users/janjongen/Documents/workspace/threadx-rust/threadx-app/cross/target/thumbv7em-none-eabihf/release/deps/hello-37ff5a4a8d9a474e.hello.43486ec497d24476-cgu.0.rcgu.o:(.text.__defmt_default_timestamp)
 8001fda  8001fda        0     1                 $t.39
 8001fdb  8001fdb        2     1                 __defmt_default_timestamp
 8001fdc  8001fdc        8     2         /Users/janjongen/Documents/workspace/threadx-rust/threadx-app/cross/target/thumbv7em-none-eabihf/release/deps/hello-37ff5a4a8d9a474e.hello.43486ec497d24476-cgu.0.rcgu.o:(.text.__defmt_default_panic)
 8001fdc  8001fdc        0     1                 $t.40
 8001fdd  8001fdd        8     1                 __defmt_default_panic
 8001fe4  8001fe4        8     2         /Users/janjongen/Documents/workspace/threadx-rust/threadx-app/cross/target/thumbv7em-none-eabihf/release/deps/hello-37ff5a4a8d9a474e.hello.43486ec497d24476-cgu.0.rcgu.o:(.text.unlikely._ZN5defmt13default_panic19panic_cold_explicit17hb9b483329235c4a3E)
 8001fe4  8001fe4        0     1                 $t.41
 8001fe5  8001fe5        8     1                 defmt::default_panic::panic_cold_explicit::hb9b483329235c4a3
 8001fec  8001fec       80     2         /Users/janjongen/Documents/workspace/threadx-rust/threadx-app/cross/target/thumbv7em-none-eabihf/release/deps/hello-37ff5a4a8d9a474e.hello.43486ec497d24476-cgu.0.rcgu.o:(.text._ZN9defmt_rtt7channel7Channel14blocking_write17h1498bb8a7cd5c892E)
 8001fec  8001fec        0     1                 $t.42
 8001fed  8001fed       80     1                 defmt_rtt::channel::Channel::blocking_write::h1498bb8a7cd5c892
 800206c  800206c       5c     2         /Users/janjongen/Documents/workspace/threadx-rust/threadx-app/cross/target/thumbv7em-none-eabihf/release/deps/hello-37ff5a4a8d9a474e.hello.43486ec497d24476-cgu.0.rcgu.o:(.text._ZN9defmt_rtt7channel7Channel17nonblocking_write17hd1bcc5645c4df55eE)
 800206c  800206c        0     1                 $t.43
 800206d  800206d       5c     1                 defmt_rtt::channel::Channel::nonblocking_write::hd1bcc5645c4df55e
 80020c8  80020c8       a0     2         /Users/janjongen/Documents/workspace/threadx-rust/threadx-app/cross/target/thumbv7em-none-eabihf/release/deps/hello-37ff5a4a8d9a474e.hello.43486ec497d24476-cgu.0.rcgu.o:(.text._defmt_acquire)
 80020c8  80020c8        0     1                 $t.44
 80020c9  80020c9       a0     1                 _defmt_acquire
 8002168  8002168       e4     2         /Users/janjongen/Documents/workspace/threadx-rust/threadx-app/cross/target/thumbv7em-none-eabihf/release/deps/hello-37ff5a4a8d9a474e.hello.43486ec497d24476-cgu.0.rcgu.o:(.text._defmt_release)
 8002168  8002168        0     1                 $t.46
 8002169  8002169       e4     1                 _defmt_release
 800224c  800224c      1e6     2         /Users/janjongen/Documents/workspace/threadx-rust/threadx-app/cross/target/thumbv7em-none-eabihf/release/deps/hello-37ff5a4a8d9a474e.hello.43486ec497d24476-cgu.0.rcgu.o:(.text._defmt_write)
 800224c  800224c        0     1                 $t.47
 800224d  800224d      1e6     1                 _defmt_write
 8002432  8002432        4     2         /Users/janjongen/Documents/workspace/threadx-rust/threadx-app/cross/target/thumbv7em-none-eabihf/release/deps/hello-37ff5a4a8d9a474e.hello.43486ec497d24476-cgu.0.rcgu.o:(.text.printf)
 8002432  8002432        0     1                 $t.48
 8002433  8002433        4     1                 printf
 8002436  8002436       9c     2         /Users/janjongen/Documents/workspace/threadx-rust/threadx-app/cross/target/thumbv7em-none-eabihf/release/deps/hello-37ff5a4a8d9a474e.hello.43486ec497d24476-cgu.0.rcgu.o:(.text.rust_begin_unwind)
 8002436  8002436        0     1                 $t.50
 8002437  8002437       9c     1                 rust_begin_unwind
 80024d2  80024d2       18     2         /Users/janjongen/Documents/workspace/threadx-rust/threadx-app/cross/target/thumbv7em-none-eabihf/release/deps/hello-37ff5a4a8d9a474e.hello.43486ec497d24476-cgu.0.rcgu.o:(.text._ZN11panic_probe10hard_fault17h037445c133b9959dE)
 80024d2  80024d2        0     1                 $t.51
 80024d3  80024d3       18     1                 panic_probe::hard_fault::h037445c133b9959d
 80024ea  80024ea      134     2         /Users/janjongen/Documents/workspace/threadx-rust/threadx-app/cross/target/thumbv7em-none-eabihf/release/deps/hello-37ff5a4a8d9a474e.hello.43486ec497d24476-cgu.0.rcgu.o:(.text._ZN44_$LT$$RF$T$u20$as$u20$core..fmt..Display$GT$3fmt17h5ed1bc957c4245d3E)
 80024ea  80024ea        0     1                 $t.52
 80024eb  80024eb      134     1                 _$LT$$RF$T$u20$as$u20$core..fmt..Display$GT$::fmt::h5ed1bc957c4245d3
 800261e  800261e      4a8     2         /Users/janjongen/Documents/workspace/threadx-rust/threadx-app/cross/target/thumbv7em-none-eabihf/release/deps/hello-37ff5a4a8d9a474e.hello.43486ec497d24476-cgu.0.rcgu.o:(.text._ZN13stm32f4xx_hal3rcc2f43pll7MainPll10fast_setup17h85f920855dda2968E)
 800261e  800261e        0     1                 $t.53
 800261f  800261f      4a8     1                 stm32f4xx_hal::rcc::f4::pll::MainPll::fast_setup::h85f920855dda2968
 8002ac6  8002ac6      124     2         /Users/janjongen/Documents/workspace/threadx-rust/threadx-app/cross/target/thumbv7em-none-eabihf/release/deps/hello-37ff5a4a8d9a474e.hello.43486ec497d24476-cgu.0.rcgu.o:(.text._ZN13stm32f4xx_hal3rcc2f43pll6I2sPll5setup17h7ab3384cb5d66dd6E)
 8002ac6  8002ac6        0     1                 $t.54
 8002ac7  8002ac7      124     1                 stm32f4xx_hal::rcc::f4::pll::I2sPll::setup::h7ab3384cb5d66dd6
 8002bea  8002bea      3d6     2         /Users/janjongen/Documents/workspace/threadx-rust/threadx-app/cross/target/thumbv7em-none-eabihf/release/deps/hello-37ff5a4a8d9a474e.hello.43486ec497d24476-cgu.0.rcgu.o:(.text._ZN13stm32f4xx_hal3rcc2f43pll6I2sPll5setup28_$u7b$$u7b$closure$u7d$$u7d$17he0feefd5d3b01cbfE)
 8002bea  8002bea        0     1                 $t.55
 8002beb  8002beb      3d6     1                 stm32f4xx_hal::rcc::f4::pll::I2sPll::setup::_$u7b$$u7b$closure$u7d$$u7d$::he0feefd5d3b01cbf
 8002fc0  8002fc0       54     2         /Users/janjongen/Documents/workspace/threadx-rust/threadx-app/cross/target/thumbv7em-none-eabihf/release/deps/hello-37ff5a4a8d9a474e.hello.43486ec497d24476-cgu.0.rcgu.o:(.text._ZN11static_cell19StaticCell$LT$T$GT$6uninit17hb176e209d6ca03e7E)
 8002fc0  8002fc0        0     1                 $t.56
 8002fc1  8002fc1       54     1                 static_cell::StaticCell$LT$T$GT$::uninit::hb176e209d6ca03e7
 8003014  8003014       54     2         /Users/janjongen/Documents/workspace/threadx-rust/threadx-app/cross/target/thumbv7em-none-eabihf/release/deps/hello-37ff5a4a8d9a474e.hello.43486ec497d24476-cgu.0.rcgu.o:(.text._ZN11static_cell19StaticCell$LT$T$GT$6uninit17ha217d98ebdbf278fE)
 8003014  8003014        0     1                 $t.57
 8003015  8003015       54     1                 static_cell::StaticCell$LT$T$GT$::uninit::ha217d98ebdbf278f
 8003068  8003068       36     2         /Users/janjongen/Documents/workspace/threadx-rust/threadx-app/cross/target/thumbv7em-none-eabihf/release/deps/hello-37ff5a4a8d9a474e.hello.43486ec497d24476-cgu.0.rcgu.o:(.text._ZN5defmt6export3fmt17ha3ee60688d95d28eE)
 8003068  8003068        0     1                 $t.58
 8003069  8003069       36     1                 defmt::export::fmt::ha3ee60688d95d28e
 800309e  800309e       2c     2         /Users/janjongen/Documents/workspace/threadx-rust/threadx-app/cross/target/thumbv7em-none-eabihf/release/deps/hello-37ff5a4a8d9a474e.hello.43486ec497d24476-cgu.0.rcgu.o:(.text._ZN5defmt6export3fmt17h74734c4631e7f03dE)
 800309e  800309e        0     1                 $t.59
 800309f  800309f       2c     1                 defmt::export::fmt::h74734c4631e7f03d
 80030ca  80030ca       54     2         /Users/janjongen/Documents/workspace/threadx-rust/threadx-app/cross/target/thumbv7em-none-eabihf/release/deps/hello-37ff5a4a8d9a474e.hello.43486ec497d24476-cgu.0.rcgu.o:(.text._ZN11static_cell19StaticCell$LT$T$GT$6uninit17h24074fd6011448a7E)
 80030ca  80030ca        0     1                 $t.60
 80030cb  80030cb       54     1                 static_cell::StaticCell$LT$T$GT$::uninit::h24074fd6011448a7
 800311e  800311e       56     2         /Users/janjongen/Documents/workspace/threadx-rust/threadx-app/cross/target/thumbv7em-none-eabihf/release/deps/hello-37ff5a4a8d9a474e.hello.43486ec497d24476-cgu.0.rcgu.o:(.text._ZN11static_cell19StaticCell$LT$T$GT$6uninit17h5902378574334999E)
 800311e  800311e        0     1                 $t.61
 800311f  800311f       56     1                 static_cell::StaticCell$LT$T$GT$::uninit::h5902378574334999
 8003174  8003174       54     2         /Users/janjongen/Documents/workspace/threadx-rust/threadx-app/cross/target/thumbv7em-none-eabihf/release/deps/hello-37ff5a4a8d9a474e.hello.43486ec497d24476-cgu.0.rcgu.o:(.text._ZN11static_cell19StaticCell$LT$T$GT$6uninit17h4819063e3104f164E)
 8003174  8003174        0     1                 $t.62
 8003175  8003175       54     1                 static_cell::StaticCell$LT$T$GT$::uninit::h4819063e3104f164
 80031c8  80031c8        4     2         /Users/janjongen/Documents/workspace/threadx-rust/threadx-app/cross/target/thumbv7em-none-eabihf/release/deps/hello-37ff5a4a8d9a474e.hello.43486ec497d24476-cgu.0.rcgu.o:(.text.SysTick)
 80031c8  80031c8        0     1                 $t.63
 80031c9  80031c9        4     1                 SysTick
 80031cc  80031cc        4     2         /Users/janjongen/Documents/workspace/threadx-rust/threadx-app/cross/target/thumbv7em-none-eabihf/release/deps/hello-37ff5a4a8d9a474e.hello.43486ec497d24476-cgu.0.rcgu.o:(.text.PendSV)
 80031cc  80031cc        0     1                 $t.64
 80031cd  80031cd        4     1                 PendSV
 80031d0  80031d0       6e     2         /Users/janjongen/Documents/workspace/threadx-rust/threadx-app/cross/target/thumbv7em-none-eabihf/release/deps/hello-37ff5a4a8d9a474e.hello.43486ec497d24476-cgu.0.rcgu.o:(.text.DefaultHandler)
 80031d0  80031d0        0     1                 $t.65
 80031d1  80031d1       6e     1                 DefaultHandler
 800323e  800323e       46     2         /Users/janjongen/Documents/workspace/threadx-rust/threadx-app/cross/target/thumbv7em-none-eabihf/release/deps/hello-37ff5a4a8d9a474e.hello.43486ec497d24476-cgu.0.rcgu.o:(.text._ZN11threadx_app23__cortex_m_rt_HardFault17h46fd996c274e69eeE)
 800323e  800323e        0     1                 $t.68
 800323f  800323f       46     1                 threadx_app::__cortex_m_rt_HardFault::h46fd996c274e69ee
 8003284  8003284       32     2         /Users/janjongen/Documents/workspace/threadx-rust/threadx-app/cross/target/thumbv7em-none-eabihf/release/deps/hello-37ff5a4a8d9a474e.hello.43486ec497d24476-cgu.0.rcgu.o:(.text._tx_initialize_low_level)
 8003284  8003284        0     1                 $t.69
 8003285  8003285       32     1                 _tx_initialize_low_level
 80032b6  80032b6       38     2         /Users/janjongen/Documents/workspace/threadx-rust/threadx-app/cross/target/thumbv7em-none-eabihf/release/deps/hello-37ff5a4a8d9a474e.hello.43486ec497d24476-cgu.0.rcgu.o:(.text.tx_application_define)
 80032b6  80032b6        0     1                 $t.70
 80032b7  80032b7       38     1                 tx_application_define
 80032f0  80032f0       94     4         /var/folders/kj/86rz2n1d4kj64kbl5kf0zrdh0000gn/T/rustckcRhJ1/libnetx_sys-45ba70a37874cb53.rlib(nx_arp_enable.c.obj):(.text._nx_arp_enable)
 80032f0  80032f0        0     1                 $t
 80032f1  80032f1       94     1                 _nx_arp_enable
 8003370  8003370        0     1                 $d
 8003384  8003384       b4     4         /var/folders/kj/86rz2n1d4kj64kbl5kf0zrdh0000gn/T/rustckcRhJ1/libnetx_sys-45ba70a37874cb53.rlib(nx_arp_entry_allocate.c.obj):(.text._nx_arp_entry_allocate)
 8003384  8003384        0     1                 $t
 8003385  8003385       b4     1                 _nx_arp_entry_allocate
 8003438  8003438       60     4         /var/folders/kj/86rz2n1d4kj64kbl5kf0zrdh0000gn/T/rustckcRhJ1/libnetx_sys-45ba70a37874cb53.rlib(nx_arp_dynamic_entry_delete.c.obj):(.text._nx_arp_dynamic_entry_delete)
 8003438  8003438        0     1                 $t
 8003439  8003439       60     1                 _nx_arp_dynamic_entry_delete
 8003498  8003498       b4     4         /var/folders/kj/86rz2n1d4kj64kbl5kf0zrdh0000gn/T/rustckcRhJ1/libnetx_sys-45ba70a37874cb53.rlib(nx_arp_packet_send.c.obj):(.text._nx_arp_packet_send)
 8003498  8003498        0     1                 $t
 8003499  8003499       b4     1                 _nx_arp_packet_send
 8003540  8003540        0     1                 $d
 800354c  800354c       d8     4         /var/folders/kj/86rz2n1d4kj64kbl5kf0zrdh0000gn/T/rustckcRhJ1/libnetx_sys-45ba70a37874cb53.rlib(nx_arp_periodic_update.c.obj):(.text._nx_arp_periodic_update)
 800354c  800354c        0     1                 $t
 800354d  800354d       d6     1                 _nx_arp_periodic_update
 8003624  8003624       4c     4         /var/folders/kj/86rz2n1d4kj64kbl5kf0zrdh0000gn/T/rustckcRhJ1/libnetx_sys-45ba70a37874cb53.rlib(nx_arp_queue_process.c.obj):(.text._nx_arp_queue_process)
 8003624  8003624        0     1                 $t
 8003625  8003625       4a     1                 _nx_arp_queue_process
 8003670  8003670      270     4         /var/folders/kj/86rz2n1d4kj64kbl5kf0zrdh0000gn/T/rustckcRhJ1/libnetx_sys-45ba70a37874cb53.rlib(nx_arp_packet_receive.c.obj):(.text._nx_arp_packet_receive)
 8003670  8003670        0     1                 $t
 8003671  8003671      26e     1                 _nx_arp_packet_receive
 80038e0  80038e0       90     4         /var/folders/kj/86rz2n1d4kj64kbl5kf0zrdh0000gn/T/rustckcRhJ1/libnetx_sys-45ba70a37874cb53.rlib(nx_arp_queue_send.c.obj):(.text._nx_arp_queue_send)
 80038e0  80038e0        0     1                 $t
 80038e1  80038e1       8e     1                 _nx_arp_queue_send
 8003970  8003970       20     4         /var/folders/kj/86rz2n1d4kj64kbl5kf0zrdh0000gn/T/rustckcRhJ1/libnetx_sys-45ba70a37874cb53.rlib(nx_icmp_enable.c.obj):(.text._nx_icmp_enable)
 8003970  8003970        0     1                 $t
 8003971  8003971       20     1                 _nx_icmp_enable
 8003984  8003984        0     1                 $d
 8003990  8003990       74     4         /var/folders/kj/86rz2n1d4kj64kbl5kf0zrdh0000gn/T/rustckcRhJ1/libnetx_sys-45ba70a37874cb53.rlib(nx_icmp_packet_receive.c.obj):(.text._nx_icmp_packet_receive)
 8003990  8003990        0     1                 $t
 8003991  8003991       74     1                 _nx_icmp_packet_receive
 80039fc  80039fc        0     1                 $d
 8003a04  8003a04       28     4         /var/folders/kj/86rz2n1d4kj64kbl5kf0zrdh0000gn/T/rustckcRhJ1/libnetx_sys-45ba70a37874cb53.rlib(nx_icmp_packet_process.c.obj):(.text._nx_icmp_packet_process)
 8003a04  8003a04        0     1                 $t
 8003a05  8003a05       28     1                 _nx_icmp_packet_process
 8003a2c  8003a2c       2c     4         /var/folders/kj/86rz2n1d4kj64kbl5kf0zrdh0000gn/T/rustckcRhJ1/libnetx_sys-45ba70a37874cb53.rlib(nx_icmp_queue_process.c.obj):(.text._nx_icmp_queue_process)
 8003a2c  8003a2c        0     1                 $t
 8003a2d  8003a2d       2c     1                 _nx_icmp_queue_process
 8003a58  8003a58       74     4         /var/folders/kj/86rz2n1d4kj64kbl5kf0zrdh0000gn/T/rustckcRhJ1/libnetx_sys-45ba70a37874cb53.rlib(nx_icmpv4_packet_process.c.obj):(.text._nx_icmpv4_packet_process)
 8003a58  8003a58        0     1                 $t
 8003a59  8003a59       74     1                 _nx_icmpv4_packet_process
 8003acc  8003acc       d4     4         /var/folders/kj/86rz2n1d4kj64kbl5kf0zrdh0000gn/T/rustckcRhJ1/libnetx_sys-45ba70a37874cb53.rlib(nx_icmpv4_process_echo_reply.c.obj):(.text._nx_icmpv4_process_echo_reply)
 8003acc  8003acc        0     1                 $t
 8003acd  8003acd       d4     1                 _nx_icmpv4_process_echo_reply
 8003b9c  8003b9c        0     1                 $d
 8003ba0  8003ba0       74     4         /var/folders/kj/86rz2n1d4kj64kbl5kf0zrdh0000gn/T/rustckcRhJ1/libnetx_sys-45ba70a37874cb53.rlib(nx_icmpv4_process_echo_request.c.obj):(.text._nx_icmpv4_process_echo_request)
 8003ba0  8003ba0        0     1                 $t
 8003ba1  8003ba1       72     1                 _nx_icmpv4_process_echo_request
 8003c14  8003c14       38     4         /var/folders/kj/86rz2n1d4kj64kbl5kf0zrdh0000gn/T/rustckcRhJ1/libnetx_sys-45ba70a37874cb53.rlib(nx_ip_address_get.c.obj):(.text._nx_ip_address_get)
 8003c14  8003c14        0     1                 $t
 8003c15  8003c15       36     1                 _nx_ip_address_get
 8003c4c  8003c4c       dc     4         /var/folders/kj/86rz2n1d4kj64kbl5kf0zrdh0000gn/T/rustckcRhJ1/libnetx_sys-45ba70a37874cb53.rlib(nx_ip_checksum_compute.c.obj):(.text._nx_ip_checksum_compute)
 8003c4c  8003c4c        0     1                 $t
 8003c4d  8003c4d       dc     1                 _nx_ip_checksum_compute
 8003d28  8003d28      1a8     4         /var/folders/kj/86rz2n1d4kj64kbl5kf0zrdh0000gn/T/rustckcRhJ1/libnetx_sys-45ba70a37874cb53.rlib(nx_ip_create.c.obj):(.text._nx_ip_create)
 8003d28  8003d28        0     1                 $t
 8003d29  8003d29      1a8     1                 _nx_ip_create
 8003e94  8003e94        0     1                 $d
 8003ed0  8003ed0       34     4         /var/folders/kj/86rz2n1d4kj64kbl5kf0zrdh0000gn/T/rustckcRhJ1/libnetx_sys-45ba70a37874cb53.rlib(nx_ip_gateway_address_get.c.obj):(.text._nx_ip_gateway_address_get)
 8003ed0  8003ed0        0     1                 $t
 8003ed1  8003ed1       32     1                 _nx_ip_gateway_address_get
 8003f04  8003f04       14     4         /var/folders/kj/86rz2n1d4kj64kbl5kf0zrdh0000gn/T/rustckcRhJ1/libnetx_sys-45ba70a37874cb53.rlib(nx_ip_initialize.c.obj):(.text._nx_ip_initialize)
 8003f04  8003f04        0     1                 $t
 8003f05  8003f05       14     1                 _nx_ip_initialize
 8003f10  8003f10        0     1                 $d
 8003f18  8003f18       b4     4         /var/folders/kj/86rz2n1d4kj64kbl5kf0zrdh0000gn/T/rustckcRhJ1/libnetx_sys-45ba70a37874cb53.rlib(nx_ip_packet_send.c.obj):(.text._nx_ip_packet_send)
 8003f18  8003f18        0     1                 $t
 8003f19  8003f19       b4     1                 _nx_ip_packet_send
 8003fcc  8003fcc       d8     4         /var/folders/kj/86rz2n1d4kj64kbl5kf0zrdh0000gn/T/rustckcRhJ1/libnetx_sys-45ba70a37874cb53.rlib(nx_ip_header_add.c.obj):(.text._nx_ip_header_add)
 8003fcc  8003fcc        0     1                 $t
 8003fcd  8003fcd       d6     1                 _nx_ip_header_add
 80040a4  80040a4      288     4         /var/folders/kj/86rz2n1d4kj64kbl5kf0zrdh0000gn/T/rustckcRhJ1/libnetx_sys-45ba70a37874cb53.rlib(nx_ip_driver_packet_send.c.obj):(.text._nx_ip_driver_packet_send)
 80040a4  80040a4        0     1                 $t
 80040a5  80040a5      286     1                 _nx_ip_driver_packet_send
 800432c  800432c       3c     4         /var/folders/kj/86rz2n1d4kj64kbl5kf0zrdh0000gn/T/rustckcRhJ1/libnetx_sys-45ba70a37874cb53.rlib(nx_ip_packet_deferred_receive.c.obj):(.text._nx_ip_packet_deferred_receive)
 800432c  800432c        0     1                 $t
 800432d  800432d       3a     1                 _nx_ip_packet_deferred_receive
 8004368  8004368        c     4         /var/folders/kj/86rz2n1d4kj64kbl5kf0zrdh0000gn/T/rustckcRhJ1/libnetx_sys-45ba70a37874cb53.rlib(nx_ip_periodic_timer_entry.c.obj):(.text._nx_ip_periodic_timer_entry)
 8004368  8004368        0     1                 $t
 8004369  8004369        c     1                 _nx_ip_periodic_timer_entry
 8004374  8004374      208     4         /var/folders/kj/86rz2n1d4kj64kbl5kf0zrdh0000gn/T/rustckcRhJ1/libnetx_sys-45ba70a37874cb53.rlib(nx_ip_route_find.c.obj):(.text._nx_ip_route_find)
 8004374  8004374        0     1                 $t
 8004375  8004375      208     1                 _nx_ip_route_find
 8004578  8004578        0     1                 $d
 800457c  800457c       18     4         /var/folders/kj/86rz2n1d4kj64kbl5kf0zrdh0000gn/T/rustckcRhJ1/libnetx_sys-45ba70a37874cb53.rlib(nx_ip_status_check.c.obj):(.text._nx_ip_status_check)
 800457c  800457c        0     1                 $t
 800457d  800457d       16     1                 _nx_ip_status_check
 8004594  8004594      1b4     4         /var/folders/kj/86rz2n1d4kj64kbl5kf0zrdh0000gn/T/rustckcRhJ1/libnetx_sys-45ba70a37874cb53.rlib(nx_ip_interface_status_check.c.obj):(.text._nx_ip_interface_status_check)
 8004594  8004594        0     1                 $t
 8004595  8004595      1b2     1                 _nx_ip_interface_status_check
 8004748  8004748      208     4         /var/folders/kj/86rz2n1d4kj64kbl5kf0zrdh0000gn/T/rustckcRhJ1/libnetx_sys-45ba70a37874cb53.rlib(nx_ip_thread_entry.c.obj):(.text._nx_ip_thread_entry)
 8004748  8004748        0     1                 $t
 8004749  8004749      208     1                 _nx_ip_thread_entry
 800494c  800494c        0     1                 $d
 8004950  8004950       6c     4         /var/folders/kj/86rz2n1d4kj64kbl5kf0zrdh0000gn/T/rustckcRhJ1/libnetx_sys-45ba70a37874cb53.rlib(nx_ip_packet_receive.c.obj):(.text._nx_ip_packet_receive)
 8004950  8004950        0     1                 $t
 8004951  8004951       6a     1                 _nx_ip_packet_receive
 80049bc  80049bc       4c     4         /var/folders/kj/86rz2n1d4kj64kbl5kf0zrdh0000gn/T/rustckcRhJ1/libnetx_sys-45ba70a37874cb53.rlib(nx_ip_deferred_link_status_process.c.obj):(.text._nx_ip_deferred_link_status_process)
 80049bc  80049bc        0     1                 $t
 80049bd  80049bd       4c     1                 _nx_ip_deferred_link_status_process
 8004a08  8004a08      2c4     4         /var/folders/kj/86rz2n1d4kj64kbl5kf0zrdh0000gn/T/rustckcRhJ1/libnetx_sys-45ba70a37874cb53.rlib(nx_ipv4_packet_receive.c.obj):(.text._nx_ipv4_packet_receive)
 8004a08  8004a08        0     1                 $t
 8004a09  8004a09      2c4     1                 _nx_ipv4_packet_receive
 8004ccc  8004ccc       30     4         /var/folders/kj/86rz2n1d4kj64kbl5kf0zrdh0000gn/T/rustckcRhJ1/libnetx_sys-45ba70a37874cb53.rlib(nx_igmp_multicast_check.c.obj):(.text._nx_igmp_multicast_check)
 8004ccc  8004ccc        0     1                 $t
 8004ccd  8004ccd       30     1                 _nx_igmp_multicast_check
 8004cf8  8004cf8        0     1                 $d
 8004cfc  8004cfc       b4     4         /var/folders/kj/86rz2n1d4kj64kbl5kf0zrdh0000gn/T/rustckcRhJ1/libnetx_sys-45ba70a37874cb53.rlib(nx_ipv4_option_process.c.obj):(.text._nx_ipv4_option_process)
 8004cfc  8004cfc        0     1                 $t
 8004cfd  8004cfd       b2     1                 _nx_ipv4_option_process
 8004db0  8004db0      144     4         /var/folders/kj/86rz2n1d4kj64kbl5kf0zrdh0000gn/T/rustckcRhJ1/libnetx_sys-45ba70a37874cb53.rlib(nx_icmpv4_send_error_message.c.obj):(.text._nx_icmpv4_send_error_message)
 8004db0  8004db0        0     1                 $t
 8004db1  8004db1      144     1                 _nx_icmpv4_send_error_message
 8004ef4  8004ef4       b4     4         /var/folders/kj/86rz2n1d4kj64kbl5kf0zrdh0000gn/T/rustckcRhJ1/libnetx_sys-45ba70a37874cb53.rlib(nx_ip_dispatch_process.c.obj):(.text._nx_ip_dispatch_process)
 8004ef4  8004ef4        0     1                 $t
 8004ef5  8004ef5       b4     1                 _nx_ip_dispatch_process
 8004fa4  8004fa4        0     1                 $d
 8004fa8  8004fa8       b8     4         /var/folders/kj/86rz2n1d4kj64kbl5kf0zrdh0000gn/T/rustckcRhJ1/libnetx_sys-45ba70a37874cb53.rlib(nx_packet_allocate.c.obj):(.text._nx_packet_allocate)
 8004fa8  8004fa8        0     1                 $t
 8004fa9  8004fa9       b8     1                 _nx_packet_allocate
 8005054  8005054        0     1                 $d
 8005060  8005060       a4     4         /var/folders/kj/86rz2n1d4kj64kbl5kf0zrdh0000gn/T/rustckcRhJ1/libnetx_sys-45ba70a37874cb53.rlib(nx_packet_copy.c.obj):(.text._nx_packet_copy)
 8005060  8005060        0     1                 $t
 8005061  8005061       a4     1                 _nx_packet_copy
 8005104  8005104      110     4         /var/folders/kj/86rz2n1d4kj64kbl5kf0zrdh0000gn/T/rustckcRhJ1/libnetx_sys-45ba70a37874cb53.rlib(nx_packet_data_append.c.obj):(.text._nx_packet_data_append)
 8005104  8005104        0     1                 $t
 8005105  8005105      10e     1                 _nx_packet_data_append
 8005214  8005214       74     4         /var/folders/kj/86rz2n1d4kj64kbl5kf0zrdh0000gn/T/rustckcRhJ1/libnetx_sys-45ba70a37874cb53.rlib(nx_packet_pool_cleanup.c.obj):(.text._nx_packet_pool_cleanup)
 8005214  8005214        0     1                 $t
 8005215  8005215       74     1                 _nx_packet_pool_cleanup
 8005280  8005280        0     1                 $d
 8005288  8005288       dc     4         /var/folders/kj/86rz2n1d4kj64kbl5kf0zrdh0000gn/T/rustckcRhJ1/libnetx_sys-45ba70a37874cb53.rlib(nx_packet_pool_create.c.obj):(.text._nx_packet_pool_create)
 8005288  8005288        0     1                 $t
 8005289  8005289       dc     1                 _nx_packet_pool_create
 8005358  8005358        0     1                 $d
 8005364  8005364       14     4         /var/folders/kj/86rz2n1d4kj64kbl5kf0zrdh0000gn/T/rustckcRhJ1/libnetx_sys-45ba70a37874cb53.rlib(nx_packet_pool_initialize.c.obj):(.text._nx_packet_pool_initialize)
 8005364  8005364        0     1                 $t
 8005365  8005365       14     1                 _nx_packet_pool_initialize
 8005370  8005370        0     1                 $d
 8005378  8005378       d4     4         /var/folders/kj/86rz2n1d4kj64kbl5kf0zrdh0000gn/T/rustckcRhJ1/libnetx_sys-45ba70a37874cb53.rlib(nx_packet_release.c.obj):(.text._nx_packet_release)
 8005378  8005378        0     1                 $t
 8005379  8005379       d4     1                 _nx_packet_release
 8005444  8005444        0     1                 $d
 800544c  800544c       48     4         /var/folders/kj/86rz2n1d4kj64kbl5kf0zrdh0000gn/T/rustckcRhJ1/libnetx_sys-45ba70a37874cb53.rlib(nx_packet_transmit_release.c.obj):(.text._nx_packet_transmit_release)
 800544c  800544c        0     1                 $t
 800544d  800544d       48     1                 _nx_packet_transmit_release
 8005494  8005494       74     4         /var/folders/kj/86rz2n1d4kj64kbl5kf0zrdh0000gn/T/rustckcRhJ1/libnetx_sys-45ba70a37874cb53.rlib(nx_system_initialize.c.obj):(.text._nx_system_initialize)
 8005494  8005494        0     1                 $t
 8005495  8005495       74     1                 _nx_system_initialize
 80054e8  80054e8        0     1                 $d
 8005508  8005508      120     4         /var/folders/kj/86rz2n1d4kj64kbl5kf0zrdh0000gn/T/rustckcRhJ1/libnetx_sys-45ba70a37874cb53.rlib(nx_tcp_client_socket_bind.c.obj):(.text._nx_tcp_client_socket_bind)
 8005508  8005508        0     1                 $t
 8005509  8005509      120     1                 _nx_tcp_client_socket_bind
 8005620  8005620        0     1                 $d
 8005628  8005628       bc     4         /var/folders/kj/86rz2n1d4kj64kbl5kf0zrdh0000gn/T/rustckcRhJ1/libnetx_sys-45ba70a37874cb53.rlib(nx_tcp_client_bind_cleanup.c.obj):(.text._nx_tcp_client_bind_cleanup)
 8005628  8005628        0     1                 $t
 8005629  8005629       bc     1                 _nx_tcp_client_bind_cleanup
 80056cc  80056cc        0     1                 $d
 80056e4  80056e4        4     4         /var/folders/kj/86rz2n1d4kj64kbl5kf0zrdh0000gn/T/rustckcRhJ1/libnetx_sys-45ba70a37874cb53.rlib(nx_tcp_cleanup_deferred.c.obj):(.text._nx_tcp_cleanup_deferred)
 80056e4  80056e4        0     1                 $t
 80056e5  80056e5        2     1                 _nx_tcp_cleanup_deferred
 80056e8  80056e8       18     4         /var/folders/kj/86rz2n1d4kj64kbl5kf0zrdh0000gn/T/rustckcRhJ1/libnetx_sys-45ba70a37874cb53.rlib(nx_tcp_client_socket_connect.c.obj):(.text._nx_tcp_client_socket_connect)
 80056e8  80056e8        0     1                 $t
 80056e9  80056e9       16     1                 _nx_tcp_client_socket_connect
 8005700  8005700       94     4         /var/folders/kj/86rz2n1d4kj64kbl5kf0zrdh0000gn/T/rustckcRhJ1/libnetx_sys-45ba70a37874cb53.rlib(nx_tcp_enable.c.obj):(.text._nx_tcp_enable)
 8005700  8005700        0     1                 $t
 8005701  8005701       94     1                 _nx_tcp_enable
 8005770  8005770        0     1                 $d
 8005794  8005794       10     4         /var/folders/kj/86rz2n1d4kj64kbl5kf0zrdh0000gn/T/rustckcRhJ1/libnetx_sys-45ba70a37874cb53.rlib(nx_ip_fast_periodic_timer_entry.c.obj):(.text._nx_ip_fast_periodic_timer_entry)
 8005794  8005794        0     1                 $t
 8005795  8005795        e     1                 _nx_ip_fast_periodic_timer_entry
 80057a4  80057a4       34     4         /var/folders/kj/86rz2n1d4kj64kbl5kf0zrdh0000gn/T/rustckcRhJ1/libnetx_sys-45ba70a37874cb53.rlib(nx_ip_fast_periodic_timer_entry.c.obj):(.text._nx_ip_fast_periodic_timer_create)
 80057a4  80057a4        0     1                 $t
 80057a5  80057a5       34     1                 _nx_ip_fast_periodic_timer_create
 80057d4  80057d4        0     1                 $d
 80057d8  80057d8       c0     4         /var/folders/kj/86rz2n1d4kj64kbl5kf0zrdh0000gn/T/rustckcRhJ1/libnetx_sys-45ba70a37874cb53.rlib(nx_tcp_deferred_cleanup_check.c.obj):(.text._nx_tcp_deferred_cleanup_check)
 80057d8  80057d8        0     1                 $t
 80057d9  80057d9       c0     1                 _nx_tcp_deferred_cleanup_check
 8005894  8005894        0     1                 $d
 8005898  8005898       98     4         /var/folders/kj/86rz2n1d4kj64kbl5kf0zrdh0000gn/T/rustckcRhJ1/libnetx_sys-45ba70a37874cb53.rlib(nx_tcp_disconnect_cleanup.c.obj):(.text._nx_tcp_disconnect_cleanup)
 8005898  8005898        0     1                 $t
 8005899  8005899       98     1                 _nx_tcp_disconnect_cleanup
 8005918  8005918        0     1                 $d
 8005930  8005930       b0     4         /var/folders/kj/86rz2n1d4kj64kbl5kf0zrdh0000gn/T/rustckcRhJ1/libnetx_sys-45ba70a37874cb53.rlib(nx_tcp_connect_cleanup.c.obj):(.text._nx_tcp_connect_cleanup)
 8005930  8005930        0     1                 $t
 8005931  8005931       b0     1                 _nx_tcp_connect_cleanup
 80059c8  80059c8        0     1                 $d
 80059e0  80059e0      138     4         /var/folders/kj/86rz2n1d4kj64kbl5kf0zrdh0000gn/T/rustckcRhJ1/libnetx_sys-45ba70a37874cb53.rlib(nx_tcp_fast_periodic_processing.c.obj):(.text._nx_tcp_fast_periodic_processing)
 80059e0  80059e0        0     1                 $t
 80059e1  80059e1      138     1                 _nx_tcp_fast_periodic_processing
 8005ab0  8005ab0        0     1                 $d
 8005ac4  8005ac4        0     1                 $t
 8005b14  8005b14        0     1                 $d
 8005b18  8005b18       74     4         /var/folders/kj/86rz2n1d4kj64kbl5kf0zrdh0000gn/T/rustckcRhJ1/libnetx_sys-45ba70a37874cb53.rlib(nx_tcp_free_port_find.c.obj):(.text._nx_tcp_free_port_find)
 8005b18  8005b18        0     1                 $t
 8005b19  8005b19       72     1                 _nx_tcp_free_port_find
 8005b8c  8005b8c        4     4         /var/folders/kj/86rz2n1d4kj64kbl5kf0zrdh0000gn/T/rustckcRhJ1/libnetx_sys-45ba70a37874cb53.rlib(nx_tcp_initialize.c.obj):(.text._nx_tcp_initialize)
 8005b8c  8005b8c        0     1                 $t
 8005b8d  8005b8d        2     1                 _nx_tcp_initialize
 8005b90  8005b90       8c     4         /var/folders/kj/86rz2n1d4kj64kbl5kf0zrdh0000gn/T/rustckcRhJ1/libnetx_sys-45ba70a37874cb53.rlib(nx_tcp_packet_receive.c.obj):(.text._nx_tcp_packet_receive)
 8005b90  8005b90        0     1                 $t
 8005b91  8005b91       8c     1                 _nx_tcp_packet_receive
 8005c14  8005c14        0     1                 $d
 8005c1c  8005c1c      46c     4         /var/folders/kj/86rz2n1d4kj64kbl5kf0zrdh0000gn/T/rustckcRhJ1/libnetx_sys-45ba70a37874cb53.rlib(nx_tcp_packet_process.c.obj):(.text._nx_tcp_packet_process)
 8005c1c  8005c1c        0     1                 $t
 8005c1d  8005c1d      46c     1                 _nx_tcp_packet_process
 8006088  8006088       70     4         /var/folders/kj/86rz2n1d4kj64kbl5kf0zrdh0000gn/T/rustckcRhJ1/libnetx_sys-45ba70a37874cb53.rlib(nx_tcp_no_connection_reset.c.obj):(.text._nx_tcp_no_connection_reset)
 8006088  8006088        0     1                 $t
 8006089  8006089       6e     1                 _nx_tcp_no_connection_reset
 80060f8  80060f8       58     4         /var/folders/kj/86rz2n1d4kj64kbl5kf0zrdh0000gn/T/rustckcRhJ1/libnetx_sys-45ba70a37874cb53.rlib(nx_tcp_mss_option_get.c.obj):(.text._nx_tcp_mss_option_get)
 80060f8  80060f8        0     1                 $t
 80060f9  80060f9       56     1                 _nx_tcp_mss_option_get
 8006150  8006150       28     4         /var/folders/kj/86rz2n1d4kj64kbl5kf0zrdh0000gn/T/rustckcRhJ1/libnetx_sys-45ba70a37874cb53.rlib(nx_tcp_packet_send_ack.c.obj):(.text._nx_tcp_packet_send_ack)
 8006150  8006150        0     1                 $t
 8006151  8006151       28     1                 _nx_tcp_packet_send_ack
 8006174  8006174        0     1                 $d
 8006178  8006178      130     4         /var/folders/kj/86rz2n1d4kj64kbl5kf0zrdh0000gn/T/rustckcRhJ1/libnetx_sys-45ba70a37874cb53.rlib(nx_tcp_packet_send_control.c.obj):(.text._nx_tcp_packet_send_control)
 8006178  8006178        0     1                 $t
 8006179  8006179      12e     1                 _nx_tcp_packet_send_control
 80062a8  80062a8       1c     4         /var/folders/kj/86rz2n1d4kj64kbl5kf0zrdh0000gn/T/rustckcRhJ1/libnetx_sys-45ba70a37874cb53.rlib(nx_tcp_packet_send_fin.c.obj):(.text._nx_tcp_packet_send_fin)
 80062a8  80062a8        0     1                 $t
 80062a9  80062a9       1c     1                 _nx_tcp_packet_send_fin
 80062c4  80062c4       44     4         /var/folders/kj/86rz2n1d4kj64kbl5kf0zrdh0000gn/T/rustckcRhJ1/libnetx_sys-45ba70a37874cb53.rlib(nx_tcp_packet_send_rst.c.obj):(.text._nx_tcp_packet_send_rst)
 80062c4  80062c4        0     1                 $t
 80062c5  80062c5       44     1                 _nx_tcp_packet_send_rst
 8006308  8006308       90     4         /var/folders/kj/86rz2n1d4kj64kbl5kf0zrdh0000gn/T/rustckcRhJ1/libnetx_sys-45ba70a37874cb53.rlib(nx_tcp_packet_send_syn.c.obj):(.text._nx_tcp_packet_send_syn)
 8006308  8006308        0     1                 $t
 8006309  8006309       90     1                 _nx_tcp_packet_send_syn
 8006394  8006394        0     1                 $d
 8006398  8006398        4     4         /var/folders/kj/86rz2n1d4kj64kbl5kf0zrdh0000gn/T/rustckcRhJ1/libnetx_sys-45ba70a37874cb53.rlib(nx_tcp_periodic_processing.c.obj):(.text._nx_tcp_periodic_processing)
 8006398  8006398        0     1                 $t
 8006399  8006399        2     1                 _nx_tcp_periodic_processing
 800639c  800639c       34     4         /var/folders/kj/86rz2n1d4kj64kbl5kf0zrdh0000gn/T/rustckcRhJ1/libnetx_sys-45ba70a37874cb53.rlib(nx_tcp_queue_process.c.obj):(.text._nx_tcp_queue_process)
 800639c  800639c        0     1                 $t
 800639d  800639d       34     1                 _nx_tcp_queue_process
 80063d0  80063d0       bc     4         /var/folders/kj/86rz2n1d4kj64kbl5kf0zrdh0000gn/T/rustckcRhJ1/libnetx_sys-45ba70a37874cb53.rlib(nx_tcp_receive_cleanup.c.obj):(.text._nx_tcp_receive_cleanup)
 80063d0  80063d0        0     1                 $t
 80063d1  80063d1       bc     1                 _nx_tcp_receive_cleanup
 8006474  8006474        0     1                 $d
 800648c  800648c       24     4         /var/folders/kj/86rz2n1d4kj64kbl5kf0zrdh0000gn/T/rustckcRhJ1/libnetx_sys-45ba70a37874cb53.rlib(nx_tcp_socket_block_cleanup.c.obj):(.text._nx_tcp_socket_block_cleanup)
 800648c  800648c        0     1                 $t
 800648d  800648d       24     1                 _nx_tcp_socket_block_cleanup
 80064b0  80064b0       7c     4         /var/folders/kj/86rz2n1d4kj64kbl5kf0zrdh0000gn/T/rustckcRhJ1/libnetx_sys-45ba70a37874cb53.rlib(nx_tcp_socket_connection_reset.c.obj):(.text._nx_tcp_socket_connection_reset)
 80064b0  80064b0        0     1                 $t
 80064b1  80064b1       7c     1                 _nx_tcp_socket_connection_reset
 800652c  800652c       d0     4         /var/folders/kj/86rz2n1d4kj64kbl5kf0zrdh0000gn/T/rustckcRhJ1/libnetx_sys-45ba70a37874cb53.rlib(nx_tcp_socket_create.c.obj):(.text._nx_tcp_socket_create)
 800652c  800652c        0     1                 $t
 800652d  800652d       d0     1                 _nx_tcp_socket_create
 80065f0  80065f0        0     1                 $d
 80065fc  80065fc      268     4         /var/folders/kj/86rz2n1d4kj64kbl5kf0zrdh0000gn/T/rustckcRhJ1/libnetx_sys-45ba70a37874cb53.rlib(nx_tcp_socket_packet_process.c.obj):(.text._nx_tcp_socket_packet_process)
 80065fc  80065fc        0     1                 $t
 80065fd  80065fd      266     1                 _nx_tcp_socket_packet_process
 80066ba  80066ba        0     1                 $d
 80066c3  80066c3        0     1                 $d
 80066c4  80066c4        0     1                 $t
 8006864  8006864      218     4         /var/folders/kj/86rz2n1d4kj64kbl5kf0zrdh0000gn/T/rustckcRhJ1/libnetx_sys-45ba70a37874cb53.rlib(nx_tcp_socket_retransmit.c.obj):(.text._nx_tcp_socket_retransmit)
 8006864  8006864        0     1                 $t
 8006865  8006865      216     1                 _nx_tcp_socket_retransmit
 8006a7c  8006a7c       34     4         /var/folders/kj/86rz2n1d4kj64kbl5kf0zrdh0000gn/T/rustckcRhJ1/libnetx_sys-45ba70a37874cb53.rlib(nx_tcp_packet_send_probe.c.obj):(.text._nx_tcp_packet_send_probe)
 8006a7c  8006a7c        0     1                 $t
 8006a7d  8006a7d       34     1                 _nx_tcp_packet_send_probe
 8006aac  8006aac        0     1                 $d
 8006ab0  8006ab0        4     4         /var/folders/kj/86rz2n1d4kj64kbl5kf0zrdh0000gn/T/rustckcRhJ1/libnetx_sys-45ba70a37874cb53.rlib(nx_tcp_socket_send.c.obj):(.text._nx_tcp_socket_send)
 8006ab0  8006ab0        0     1                 $t
 8006ab1  8006ab1        4     1                 _nx_tcp_socket_send
 8006ab4  8006ab4      590     4         /var/folders/kj/86rz2n1d4kj64kbl5kf0zrdh0000gn/T/rustckcRhJ1/libnetx_sys-45ba70a37874cb53.rlib(nx_tcp_socket_send_internal.c.obj):(.text._nx_tcp_socket_send_internal)
 8006ab4  8006ab4        0     1                 $t
 8006ab5  8006ab5      590     1                 _nx_tcp_socket_send_internal
 8006ec4  8006ec4        0     1                 $d
 8006ed0  8006ed0        0     1                 $t
 8007040  8007040        0     1                 $d
 8007044  8007044      40c     4         /var/folders/kj/86rz2n1d4kj64kbl5kf0zrdh0000gn/T/rustckcRhJ1/libnetx_sys-45ba70a37874cb53.rlib(nx_tcp_socket_state_ack_check.c.obj):(.text._nx_tcp_socket_state_ack_check)
 8007044  8007044        0     1                 $t
 8007045  8007045      40a     1                 _nx_tcp_socket_state_ack_check
 8007450  8007450       64     4         /var/folders/kj/86rz2n1d4kj64kbl5kf0zrdh0000gn/T/rustckcRhJ1/libnetx_sys-45ba70a37874cb53.rlib(nx_tcp_socket_state_closing.c.obj):(.text._nx_tcp_socket_state_closing)
 8007450  8007450        0     1                 $t
 8007451  8007451       64     1                 _nx_tcp_socket_state_closing
 80074b0  80074b0        0     1                 $d
 80074b4  80074b4       48     4         /var/folders/kj/86rz2n1d4kj64kbl5kf0zrdh0000gn/T/rustckcRhJ1/libnetx_sys-45ba70a37874cb53.rlib(nx_tcp_socket_state_data_check.c.obj):(.text._nx_tcp_socket_state_data_trim)
 80074b4  80074b4        0     1                 $t
 80074b5  80074b5       48     1                 _nx_tcp_socket_state_data_trim
 80074fc  80074fc       8c     4         /var/folders/kj/86rz2n1d4kj64kbl5kf0zrdh0000gn/T/rustckcRhJ1/libnetx_sys-45ba70a37874cb53.rlib(nx_tcp_socket_state_data_check.c.obj):(.text._nx_tcp_socket_state_data_trim_front)
 80074fc  80074fc        0     1                 $t
 80074fd  80074fd       8a     1                 _nx_tcp_socket_state_data_trim_front
 8007588  8007588      41c     4         /var/folders/kj/86rz2n1d4kj64kbl5kf0zrdh0000gn/T/rustckcRhJ1/libnetx_sys-45ba70a37874cb53.rlib(nx_tcp_socket_state_data_check.c.obj):(.text._nx_tcp_socket_state_data_check)
 8007588  8007588        0     1                 $t
 8007589  8007589      41c     1                 _nx_tcp_socket_state_data_check
 80079a0  80079a0        0     1                 $d
 80079a4  80079a4       58     4         /var/folders/kj/86rz2n1d4kj64kbl5kf0zrdh0000gn/T/rustckcRhJ1/libnetx_sys-45ba70a37874cb53.rlib(nx_tcp_socket_state_established.c.obj):(.text._nx_tcp_socket_state_established)
 80079a4  80079a4        0     1                 $t
 80079a5  80079a5       58     1                 _nx_tcp_socket_state_established
 80079fc  80079fc       90     4         /var/folders/kj/86rz2n1d4kj64kbl5kf0zrdh0000gn/T/rustckcRhJ1/libnetx_sys-45ba70a37874cb53.rlib(nx_tcp_socket_state_fin_wait1.c.obj):(.text._nx_tcp_socket_state_fin_wait1)
 80079fc  80079fc        0     1                 $t
 80079fd  80079fd       90     1                 _nx_tcp_socket_state_fin_wait1
 8007a88  8007a88        0     1                 $d
 8007a8c  8007a8c       64     4         /var/folders/kj/86rz2n1d4kj64kbl5kf0zrdh0000gn/T/rustckcRhJ1/libnetx_sys-45ba70a37874cb53.rlib(nx_tcp_socket_state_fin_wait2.c.obj):(.text._nx_tcp_socket_state_fin_wait2)
 8007a8c  8007a8c        0     1                 $t
 8007a8d  8007a8d       64     1                 _nx_tcp_socket_state_fin_wait2
 8007aec  8007aec        0     1                 $d
 8007af0  8007af0       44     4         /var/folders/kj/86rz2n1d4kj64kbl5kf0zrdh0000gn/T/rustckcRhJ1/libnetx_sys-45ba70a37874cb53.rlib(nx_tcp_socket_state_last_ack.c.obj):(.text._nx_tcp_socket_state_last_ack)
 8007af0  8007af0        0     1                 $t
 8007af1  8007af1       42     1                 _nx_tcp_socket_state_last_ack
 8007b34  8007b34       70     4         /var/folders/kj/86rz2n1d4kj64kbl5kf0zrdh0000gn/T/rustckcRhJ1/libnetx_sys-45ba70a37874cb53.rlib(nx_tcp_socket_state_syn_received.c.obj):(.text._nx_tcp_socket_state_syn_received)
 8007b34  8007b34        0     1                 $t
 8007b35  8007b35       70     1                 _nx_tcp_socket_state_syn_received
 8007ba4  8007ba4      108     4         /var/folders/kj/86rz2n1d4kj64kbl5kf0zrdh0000gn/T/rustckcRhJ1/libnetx_sys-45ba70a37874cb53.rlib(nx_tcp_socket_state_syn_sent.c.obj):(.text._nx_tcp_socket_state_syn_sent)
 8007ba4  8007ba4        0     1                 $t
 8007ba5  8007ba5      108     1                 _nx_tcp_socket_state_syn_sent
 8007cac  8007cac       5c     4         /var/folders/kj/86rz2n1d4kj64kbl5kf0zrdh0000gn/T/rustckcRhJ1/libnetx_sys-45ba70a37874cb53.rlib(nx_tcp_socket_state_transmit_check.c.obj):(.text._nx_tcp_socket_state_transmit_check)
 8007cac  8007cac        0     1                 $t
 8007cad  8007cad       5a     1                 _nx_tcp_socket_state_transmit_check
 8007d08  8007d08       3c     4         /var/folders/kj/86rz2n1d4kj64kbl5kf0zrdh0000gn/T/rustckcRhJ1/libnetx_sys-45ba70a37874cb53.rlib(nx_tcp_socket_state_wait.c.obj):(.text._nx_tcp_socket_state_wait)
 8007d08  8007d08        0     1                 $t
 8007d09  8007d09       3c     1                 _nx_tcp_socket_state_wait
 8007d40  8007d40        0     1                 $d
 8007d44  8007d44       44     4         /var/folders/kj/86rz2n1d4kj64kbl5kf0zrdh0000gn/T/rustckcRhJ1/libnetx_sys-45ba70a37874cb53.rlib(nx_tcp_socket_thread_resume.c.obj):(.text._nx_tcp_socket_thread_resume)
 8007d44  8007d44        0     1                 $t
 8007d45  8007d45       44     1                 _nx_tcp_socket_thread_resume
 8007d84  8007d84        0     1                 $d
 8007d88  8007d88       68     4         /var/folders/kj/86rz2n1d4kj64kbl5kf0zrdh0000gn/T/rustckcRhJ1/libnetx_sys-45ba70a37874cb53.rlib(nx_tcp_socket_thread_suspend.c.obj):(.text._nx_tcp_socket_thread_suspend)
 8007d88  8007d88        0     1                 $t
 8007d89  8007d89       68     1                 _nx_tcp_socket_thread_suspend
 8007de8  8007de8        0     1                 $d
 8007df0  8007df0       54     4         /var/folders/kj/86rz2n1d4kj64kbl5kf0zrdh0000gn/T/rustckcRhJ1/libnetx_sys-45ba70a37874cb53.rlib(nx_tcp_socket_transmit_queue_flush.c.obj):(.text._nx_tcp_socket_transmit_queue_flush)
 8007df0  8007df0        0     1                 $t
 8007df1  8007df1       52     1                 _nx_tcp_socket_transmit_queue_flush
 8007e44  8007e44       c8     4         /var/folders/kj/86rz2n1d4kj64kbl5kf0zrdh0000gn/T/rustckcRhJ1/libnetx_sys-45ba70a37874cb53.rlib(nx_tcp_transmit_cleanup.c.obj):(.text._nx_tcp_transmit_cleanup)
 8007e44  8007e44        0     1                 $t
 8007e45  8007e45       c8     1                 _nx_tcp_transmit_cleanup
 8007ef4  8007ef4        0     1                 $d
 8007f0c  8007f0c       10     4         /var/folders/kj/86rz2n1d4kj64kbl5kf0zrdh0000gn/T/rustckcRhJ1/libnetx_sys-45ba70a37874cb53.rlib(nx_udp_enable.c.obj):(.text._nx_udp_enable)
 8007f0c  8007f0c        0     1                 $t
 8007f0d  8007f0d       10     1                 _nx_udp_enable
 8007f18  8007f18        0     1                 $d
 8007f1c  8007f1c      290     4         /var/folders/kj/86rz2n1d4kj64kbl5kf0zrdh0000gn/T/rustckcRhJ1/libnetx_sys-45ba70a37874cb53.rlib(nx_udp_packet_receive.c.obj):(.text._nx_udp_packet_receive)
 8007f1c  8007f1c        0     1                 $t
 8007f1d  8007f1d      290     1                 _nx_udp_packet_receive
 8008198  8008198        0     1                 $d
 80081ac  80081ac      190     4         /var/folders/kj/86rz2n1d4kj64kbl5kf0zrdh0000gn/T/rustckcRhJ1/libnetx_sys-45ba70a37874cb53.rlib(nxd_tcp_client_socket_connect.c.obj):(.text._nxd_tcp_client_socket_connect)
 80081ac  80081ac        0     1                 $t
 80081ad  80081ad      190     1                 _nxd_tcp_client_socket_connect
 8008334  8008334        0     1                 $d
 800833c  800833c       30     4         /var/folders/kj/86rz2n1d4kj64kbl5kf0zrdh0000gn/T/rustckcRhJ1/libnetx_sys-45ba70a37874cb53.rlib(nx_tcp_socket_receive_queue_flush.c.obj):(.text._nx_tcp_socket_receive_queue_flush)
 800833c  800833c        0     1                 $t
 800833d  800833d       2e     1                 _nx_tcp_socket_receive_queue_flush
 800836c  800836c       48     4         /var/folders/kj/86rz2n1d4kj64kbl5kf0zrdh0000gn/T/rustckcRhJ1/libnetx_sys-45ba70a37874cb53.rlib(nxd_dhcp_client.c.obj):(.text._nx_dhcp_search_buffer)
 800836c  800836c        0     1                 $t
 800836d  800836d       48     1                 _nx_dhcp_search_buffer
 80083b4  80083b4       58     4         /var/folders/kj/86rz2n1d4kj64kbl5kf0zrdh0000gn/T/rustckcRhJ1/libnetx_sys-45ba70a37874cb53.rlib(nxd_dhcp_client.c.obj):(.text._nx_dhcp_get_option_value)
 80083b4  80083b4        0     1                 $t
 80083b5  80083b5       58     1                 _nx_dhcp_get_option_value
 800840c  800840c      18c     4         /var/folders/kj/86rz2n1d4kj64kbl5kf0zrdh0000gn/T/rustckcRhJ1/libnetx_sys-45ba70a37874cb53.rlib(nxd_dhcp_client.c.obj):(.text._nx_dhcp_extract_information)
 800840c  800840c        0     1                 $t
 800840d  800840d      18c     1                 _nx_dhcp_extract_information
 8008598  8008598       10     4         /var/folders/kj/86rz2n1d4kj64kbl5kf0zrdh0000gn/T/rustckcRhJ1/libnetx_sys-45ba70a37874cb53.rlib(nxd_dhcp_client.c.obj):(.text._nx_dhcp_timeout_entry)
 8008598  8008598        0     1                 $t
 8008599  8008599        e     1                 _nx_dhcp_timeout_entry
 80085a8  80085a8       10     4         /var/folders/kj/86rz2n1d4kj64kbl5kf0zrdh0000gn/T/rustckcRhJ1/libnetx_sys-45ba70a37874cb53.rlib(nxd_dhcp_client.c.obj):(.text._nx_dhcp_udp_receive_notify)
 80085a8  80085a8        0     1                 $t
 80085a9  80085a9       10     1                 _nx_dhcp_udp_receive_notify
 80085b8  80085b8       70     4         /var/folders/kj/86rz2n1d4kj64kbl5kf0zrdh0000gn/T/rustckcRhJ1/libnetx_sys-45ba70a37874cb53.rlib(nxd_dhcp_client.c.obj):(.text._nx_dhcp_add_option_parameter_request.isra.0)
 80085b8  80085b8        0     1                 $t
 80085b9  80085b9       70     1                 _nx_dhcp_add_option_parameter_request.isra.0
 8008624  8008624        0     1                 $d
 8008628  8008628      610     4         /var/folders/kj/86rz2n1d4kj64kbl5kf0zrdh0000gn/T/rustckcRhJ1/libnetx_sys-45ba70a37874cb53.rlib(nxd_dhcp_client.c.obj):(.text._nx_dhcp_send_request_internal)
 8008628  8008628        0     1                 $t
 8008629  8008629      610     1                 _nx_dhcp_send_request_internal
 8008700  8008700        0     1                 $d
 8008710  8008710        0     1                 $t
 8008904  8008904        0     1                 $d
 8008908  8008908        0     1                 $t
 8008c34  8008c34        0     1                 $d
 8008c38  8008c38       c0     4         /var/folders/kj/86rz2n1d4kj64kbl5kf0zrdh0000gn/T/rustckcRhJ1/libnetx_sys-45ba70a37874cb53.rlib(nxd_dhcp_client.c.obj):(.text._nx_dhcp_interface_reinitialize)
 8008c38  8008c38        0     1                 $t
 8008c39  8008c39       c0     1                 _nx_dhcp_interface_reinitialize
 8008cf8  8008cf8      508     4         /var/folders/kj/86rz2n1d4kj64kbl5kf0zrdh0000gn/T/rustckcRhJ1/libnetx_sys-45ba70a37874cb53.rlib(nxd_dhcp_client.c.obj):(.text._nx_dhcp_thread_entry)
 8008cf8  8008cf8        0     1                 $t
 8008cf9  8008cf9      508     1                 _nx_dhcp_thread_entry
 8008e2c  8008e2c        0     1                 $d
 8008e32  8008e32        0     1                 $t
 80090cc  80090cc        0     1                 $d
 80090d1  80090d1        0     1                 $d
 80090d2  80090d2        0     1                 $t
 80091fc  80091fc        0     1                 $d
 8009200  8009200       c0     4         /var/folders/kj/86rz2n1d4kj64kbl5kf0zrdh0000gn/T/rustckcRhJ1/libnetx_sys-45ba70a37874cb53.rlib(nxd_dhcp_client.c.obj):(.text._nx_dhcp_interface_start)
 8009200  8009200        0     1                 $t
 8009201  8009201       be     1                 _nx_dhcp_interface_start
 80092c0  80092c0       44     4         /var/folders/kj/86rz2n1d4kj64kbl5kf0zrdh0000gn/T/rustckcRhJ1/libnetx_sys-45ba70a37874cb53.rlib(nxd_dhcp_client.c.obj):(.text._nx_dhcp_start)
 80092c0  80092c0        0     1                 $t
 80092c1  80092c1       44     1                 _nx_dhcp_start
 8009304  8009304       8c     4         /var/folders/kj/86rz2n1d4kj64kbl5kf0zrdh0000gn/T/rustckcRhJ1/libnetx_sys-45ba70a37874cb53.rlib(nxd_dhcp_client.c.obj):(.text._nx_dhcp_interface_enable)
 8009304  8009304        0     1                 $t
 8009305  8009305       8c     1                 _nx_dhcp_interface_enable
 8009390  8009390      180     4         /var/folders/kj/86rz2n1d4kj64kbl5kf0zrdh0000gn/T/rustckcRhJ1/libnetx_sys-45ba70a37874cb53.rlib(nxd_dhcp_client.c.obj):(.text._nx_dhcp_create)
 8009390  8009390        0     1                 $t
 8009391  8009391      180     1                 _nx_dhcp_create
 80094f0  80094f0        0     1                 $d
 8009510  8009510       44     4         /var/folders/kj/86rz2n1d4kj64kbl5kf0zrdh0000gn/T/rustckcRhJ1/libnetx_sys-45ba70a37874cb53.rlib(nx_ip_interface_address_get.c.obj):(.text._nx_ip_interface_address_get)
 8009510  8009510        0     1                 $t
 8009511  8009511       42     1                 _nx_ip_interface_address_get
 8009554  8009554       1c     4         /var/folders/kj/86rz2n1d4kj64kbl5kf0zrdh0000gn/T/rustckcRhJ1/libnetx_sys-45ba70a37874cb53.rlib(nx_udp_socket_source_send.c.obj):(.text._nx_udp_socket_source_send)
 8009554  8009554        0     1                 $t
 8009555  8009555       1c     1                 _nx_udp_socket_source_send
 8009570  8009570       18     4         /var/folders/kj/86rz2n1d4kj64kbl5kf0zrdh0000gn/T/rustckcRhJ1/libnetx_sys-45ba70a37874cb53.rlib(nx_udp_socket_send.c.obj):(.text._nx_udp_socket_send)
 8009570  8009570        0     1                 $t
 8009571  8009571       16     1                 _nx_udp_socket_send
 8009588  8009588      12c     4         /var/folders/kj/86rz2n1d4kj64kbl5kf0zrdh0000gn/T/rustckcRhJ1/libnetx_sys-45ba70a37874cb53.rlib(nxd_udp_socket_send.c.obj):(.text._nxd_udp_socket_send)
 8009588  8009588        0     1                 $t
 8009589  8009589      12c     1                 _nxd_udp_socket_send
 80096b0  80096b0        0     1                 $d
 80096b4  80096b4       48     4         /var/folders/kj/86rz2n1d4kj64kbl5kf0zrdh0000gn/T/rustckcRhJ1/libnetx_sys-45ba70a37874cb53.rlib(nx_utility.c.obj):(.text._nx_utility_string_length_check)
 80096b4  80096b4        0     1                 $t
 80096b5  80096b5       46     1                 _nx_utility_string_length_check
 80096fc  80096fc       b4     4         /var/folders/kj/86rz2n1d4kj64kbl5kf0zrdh0000gn/T/rustckcRhJ1/libnetx_sys-45ba70a37874cb53.rlib(nx_ip_interface_address_set.c.obj):(.text._nx_ip_interface_address_set)
 80096fc  80096fc        0     1                 $t
 80096fd  80096fd       b4     1                 _nx_ip_interface_address_set
 80097b0  80097b0       2c     4         /var/folders/kj/86rz2n1d4kj64kbl5kf0zrdh0000gn/T/rustckcRhJ1/libnetx_sys-45ba70a37874cb53.rlib(nx_ip_gateway_address_clear.c.obj):(.text._nx_ip_gateway_address_clear)
 80097b0  80097b0        0     1                 $t
 80097b1  80097b1       2c     1                 _nx_ip_gateway_address_clear
 80097dc  80097dc      1c4     4         /var/folders/kj/86rz2n1d4kj64kbl5kf0zrdh0000gn/T/rustckcRhJ1/libnetx_sys-45ba70a37874cb53.rlib(nx_udp_socket_receive.c.obj):(.text._nx_udp_socket_receive)
 80097dc  80097dc        0     1                 $t
 80097dd  80097dd      1c4     1                 _nx_udp_socket_receive
 8009994  8009994        0     1                 $d
 80099a0  80099a0       6c     4         /var/folders/kj/86rz2n1d4kj64kbl5kf0zrdh0000gn/T/rustckcRhJ1/libnetx_sys-45ba70a37874cb53.rlib(nx_udp_receive_cleanup.c.obj):(.text._nx_udp_receive_cleanup)
 80099a0  80099a0        0     1                 $t
 80099a1  80099a1       6c     1                 _nx_udp_receive_cleanup
 8009a04  8009a04        0     1                 $d
 8009a0c  8009a0c       24     4         /var/folders/kj/86rz2n1d4kj64kbl5kf0zrdh0000gn/T/rustckcRhJ1/libnetx_sys-45ba70a37874cb53.rlib(nx_udp_packet_info_extract.c.obj):(.text._nx_udp_packet_info_extract)
 8009a0c  8009a0c        0     1                 $t
 8009a0d  8009a0d       24     1                 _nx_udp_packet_info_extract
 8009a30  8009a30       4c     4         /var/folders/kj/86rz2n1d4kj64kbl5kf0zrdh0000gn/T/rustckcRhJ1/libnetx_sys-45ba70a37874cb53.rlib(nxd_udp_packet_info_extract.c.obj):(.text._nxd_udp_packet_info_extract)
 8009a30  8009a30        0     1                 $t
 8009a31  8009a31       4a     1                 _nxd_udp_packet_info_extract
 8009a7c  8009a7c       6c     4         /var/folders/kj/86rz2n1d4kj64kbl5kf0zrdh0000gn/T/rustckcRhJ1/libnetx_sys-45ba70a37874cb53.rlib(nx_packet_data_extract_offset.c.obj):(.text._nx_packet_data_extract_offset)
 8009a7c  8009a7c        0     1                 $t
 8009a7d  8009a7d       6a     1                 _nx_packet_data_extract_offset
 8009ae8  8009ae8       50     4         /var/folders/kj/86rz2n1d4kj64kbl5kf0zrdh0000gn/T/rustckcRhJ1/libnetx_sys-45ba70a37874cb53.rlib(nx_ip_gateway_address_set.c.obj):(.text._nx_ip_gateway_address_set)
 8009ae8  8009ae8        0     1                 $t
 8009ae9  8009ae9       4e     1                 _nx_ip_gateway_address_set
 8009b38  8009b38      168     4         /var/folders/kj/86rz2n1d4kj64kbl5kf0zrdh0000gn/T/rustckcRhJ1/libnetx_sys-45ba70a37874cb53.rlib(nx_udp_socket_unbind.c.obj):(.text._nx_udp_socket_unbind)
 8009b38  8009b38        0     1                 $t
 8009b39  8009b39      168     1                 _nx_udp_socket_unbind
 8009c9c  8009c9c        0     1                 $d
 8009ca0  8009ca0       70     4         /var/folders/kj/86rz2n1d4kj64kbl5kf0zrdh0000gn/T/rustckcRhJ1/libnetx_sys-45ba70a37874cb53.rlib(nx_udp_bind_cleanup.c.obj):(.text._nx_udp_bind_cleanup)
 8009ca0  8009ca0        0     1                 $t
 8009ca1  8009ca1       70     1                 _nx_udp_bind_cleanup
 8009d08  8009d08        0     1                 $d
 8009d10  8009d10       64     4         /var/folders/kj/86rz2n1d4kj64kbl5kf0zrdh0000gn/T/rustckcRhJ1/libnetx_sys-45ba70a37874cb53.rlib(nx_udp_socket_delete.c.obj):(.text._nx_udp_socket_delete)
 8009d10  8009d10        0     1                 $t
 8009d11  8009d11       62     1                 _nx_udp_socket_delete
 8009d74  8009d74       ac     4         /var/folders/kj/86rz2n1d4kj64kbl5kf0zrdh0000gn/T/rustckcRhJ1/libnetx_sys-45ba70a37874cb53.rlib(nx_packet_pool_delete.c.obj):(.text._nx_packet_pool_delete)
 8009d74  8009d74        0     1                 $t
 8009d75  8009d75       ac     1                 _nx_packet_pool_delete
 8009e14  8009e14        0     1                 $d
 8009e20  8009e20      134     4         /var/folders/kj/86rz2n1d4kj64kbl5kf0zrdh0000gn/T/rustckcRhJ1/libnetx_sys-45ba70a37874cb53.rlib(nx_udp_socket_bind.c.obj):(.text._nx_udp_socket_bind)
 8009e20  8009e20        0     1                 $t
 8009e21  8009e21      134     1                 _nx_udp_socket_bind
 8009f48  8009f48        0     1                 $d
 8009f54  8009f54       70     4         /var/folders/kj/86rz2n1d4kj64kbl5kf0zrdh0000gn/T/rustckcRhJ1/libnetx_sys-45ba70a37874cb53.rlib(nx_udp_free_port_find.c.obj):(.text._nx_udp_free_port_find)
 8009f54  8009f54        0     1                 $t
 8009f55  8009f55       6e     1                 _nx_udp_free_port_find
 8009fc4  8009fc4       78     4         /var/folders/kj/86rz2n1d4kj64kbl5kf0zrdh0000gn/T/rustckcRhJ1/libnetx_sys-45ba70a37874cb53.rlib(nx_udp_socket_create.c.obj):(.text._nx_udp_socket_create)
 8009fc4  8009fc4        0     1                 $t
 8009fc5  8009fc5       78     1                 _nx_udp_socket_create
 800a038  800a038        0     1                 $d
 800a03c  800a03c       10     4         /var/folders/kj/86rz2n1d4kj64kbl5kf0zrdh0000gn/T/rustckcRhJ1/libnetx_sys-45ba70a37874cb53.rlib(nx_udp_socket_receive_notify.c.obj):(.text._nx_udp_socket_receive_notify)
 800a03c  800a03c        0     1                 $t
 800a03d  800a03d       10     1                 _nx_udp_socket_receive_notify
 800a04c  800a04c       68     4         /var/folders/kj/86rz2n1d4kj64kbl5kf0zrdh0000gn/T/rustckcRhJ1/libnetx_sys-45ba70a37874cb53.rlib(wwd_buffer.c.obj):(.text.wwd_buffer_get_packet_pool)
 800a04c  800a04c        0     1                 $t
 800a04d  800a04d       68     1                 wwd_buffer_get_packet_pool
 800a0a0  800a0a0        0     1                 $d
 800a0b4  800a0b4       2c     4         /var/folders/kj/86rz2n1d4kj64kbl5kf0zrdh0000gn/T/rustckcRhJ1/libnetx_sys-45ba70a37874cb53.rlib(wwd_buffer.c.obj):(.text.wwd_buffer_init)
 800a0b4  800a0b4        0     1                 $t
 800a0b5  800a0b5       2c     1                 wwd_buffer_init
 800a0d8  800a0d8        0     1                 $d
 800a0e0  800a0e0       b2     2         /var/folders/kj/86rz2n1d4kj64kbl5kf0zrdh0000gn/T/rustckcRhJ1/libnetx_sys-45ba70a37874cb53.rlib(wwd_buffer.c.obj):(.text.internal_host_buffer_get)
 800a0e0  800a0e0        0     1                 $t
 800a0e1  800a0e1       b2     1                 internal_host_buffer_get
 800a192  800a192       40     2         /var/folders/kj/86rz2n1d4kj64kbl5kf0zrdh0000gn/T/rustckcRhJ1/libnetx_sys-45ba70a37874cb53.rlib(wwd_buffer.c.obj):(.text.host_buffer_get)
 800a192  800a192        0     1                 $t
 800a193  800a193       40     1                 host_buffer_get
 800a1d2  800a1d2       4a     2         /var/folders/kj/86rz2n1d4kj64kbl5kf0zrdh0000gn/T/rustckcRhJ1/libnetx_sys-45ba70a37874cb53.rlib(wwd_buffer.c.obj):(.text.host_buffer_release)
 800a1d2  800a1d2        0     1                 $t
 800a1d3  800a1d3       4a     1                 host_buffer_release
 800a21c  800a21c       1c     2         /var/folders/kj/86rz2n1d4kj64kbl5kf0zrdh0000gn/T/rustckcRhJ1/libnetx_sys-45ba70a37874cb53.rlib(wwd_buffer.c.obj):(.text.host_buffer_get_current_piece_data_pointer)
 800a21c  800a21c        0     1                 $t
 800a21d  800a21d       1c     1                 host_buffer_get_current_piece_data_pointer
 800a238  800a238       1e     2         /var/folders/kj/86rz2n1d4kj64kbl5kf0zrdh0000gn/T/rustckcRhJ1/libnetx_sys-45ba70a37874cb53.rlib(wwd_buffer.c.obj):(.text.host_buffer_get_current_piece_size)
 800a238  800a238        0     1                 $t
 800a239  800a239       1e     1                 host_buffer_get_current_piece_size
 800a256  800a256       80     2         /var/folders/kj/86rz2n1d4kj64kbl5kf0zrdh0000gn/T/rustckcRhJ1/libnetx_sys-45ba70a37874cb53.rlib(wwd_buffer.c.obj):(.text.host_buffer_add_remove_at_front)
 800a256  800a256        0     1                 $t
 800a257  800a257       80     1                 host_buffer_add_remove_at_front
 800a2d6  800a2d6       3e     2         /var/folders/kj/86rz2n1d4kj64kbl5kf0zrdh0000gn/T/rustckcRhJ1/libnetx_sys-45ba70a37874cb53.rlib(wwd_buffer.c.obj):(.text.host_buffer_set_size)
 800a2d6  800a2d6        0     1                 $t
 800a2d7  800a2d7       3e     1                 host_buffer_set_size
 800a314  800a314       5c     4         /var/folders/kj/86rz2n1d4kj64kbl5kf0zrdh0000gn/T/rustckcRhJ1/libnetx_sys-45ba70a37874cb53.rlib(nxe_packet_allocate.c.obj):(.text._nxe_packet_allocate)
 800a314  800a314        0     1                 $t
 800a315  800a315       5c     1                 _nxe_packet_allocate
 800a360  800a360        0     1                 $d
 800a370  800a370       40     4         /var/folders/kj/86rz2n1d4kj64kbl5kf0zrdh0000gn/T/rustckcRhJ1/libnetx_sys-45ba70a37874cb53.rlib(nxe_packet_transmit_release.c.obj):(.text._nxe_packet_transmit_release)
 800a370  800a370        0     1                 $t
 800a371  800a371       40     1                 _nxe_packet_transmit_release
 800a3ac  800a3ac        0     1                 $d
 800a3b0  800a3b0       40     4         /var/folders/kj/86rz2n1d4kj64kbl5kf0zrdh0000gn/T/rustckcRhJ1/libnetx_sys-45ba70a37874cb53.rlib(nxe_packet_release.c.obj):(.text._nxe_packet_release)
 800a3b0  800a3b0        0     1                 $t
 800a3b1  800a3b1       40     1                 _nxe_packet_release
 800a3ec  800a3ec        0     1                 $d
 800a3f0  800a3f0       18     2         /var/folders/kj/86rz2n1d4kj64kbl5kf0zrdh0000gn/T/rustckcRhJ1/libnetx_sys-45ba70a37874cb53.rlib(wwd_network.c.obj):(.text.wiced_sta_netx_duo_driver_entry)
 800a3f0  800a3f0        0     1                 $t
 800a3f1  800a3f1       18     1                 wiced_sta_netx_duo_driver_entry
 800a408  800a408       5a     2         /var/folders/kj/86rz2n1d4kj64kbl5kf0zrdh0000gn/T/rustckcRhJ1/libnetx_sys-45ba70a37874cb53.rlib(wwd_network.c.obj):(.text.wiced_netx_multicast_driver_request_to_address)
 800a408  800a408        0     1                 $t
 800a409  800a409       5a     1                 wiced_netx_multicast_driver_request_to_address
 800a464  800a464      42c     4         /var/folders/kj/86rz2n1d4kj64kbl5kf0zrdh0000gn/T/rustckcRhJ1/libnetx_sys-45ba70a37874cb53.rlib(wwd_network.c.obj):(.text.wiced_netx_driver_entry)
 800a464  800a464        0     1                 $t
 800a465  800a465      42c     1                 wiced_netx_driver_entry
 800a4bc  800a4bc        0     1                 $d
 800a58c  800a58c        0     1                 $t
 800a6c0  800a6c0        0     1                 $d
 800a6e0  800a6e0        0     1                 $t
 800a774  800a774        0     1                 $d
 800a778  800a778        0     1                 $t
 800a890  800a890      188     4         /var/folders/kj/86rz2n1d4kj64kbl5kf0zrdh0000gn/T/rustckcRhJ1/libnetx_sys-45ba70a37874cb53.rlib(wwd_network.c.obj):(.text.host_network_process_ethernet_data)
 800a890  800a890        0     1                 $t
 800a891  800a891      188     1                 host_network_process_ethernet_data
 800aa04  800aa04        0     1                 $d
 800aa18  800aa18       1a     2         /var/folders/kj/86rz2n1d4kj64kbl5kf0zrdh0000gn/T/rustckcRhJ1/libnetx_sys-45ba70a37874cb53.rlib(wwd_network.c.obj):(.text.nx_rand16)
[...]
     e5a      e5a       13     1         /var/folders/kj/86rz2n1d4kj64kbl5kf0zrdh0000gn/T/rustckcRhJ1/libnetx_sys-45ba70a37874cb53.rlib(nx_ip_interface_address_get.c.obj):(.debug_rnglists)
     e6d      e6d       13     1         /var/folders/kj/86rz2n1d4kj64kbl5kf0zrdh0000gn/T/rustckcRhJ1/libnetx_sys-45ba70a37874cb53.rlib(nx_udp_socket_source_send.c.obj):(.debug_rnglists)
     e80      e80       13     1         /var/folders/kj/86rz2n1d4kj64kbl5kf0zrdh0000gn/T/rustckcRhJ1/libnetx_sys-45ba70a37874cb53.rlib(nx_udp_socket_send.c.obj):(.debug_rnglists)
     e93      e93       14     1         /var/folders/kj/86rz2n1d4kj64kbl5kf0zrdh0000gn/T/rustckcRhJ1/libnetx_sys-45ba70a37874cb53.rlib(nxd_udp_socket_send.c.obj):(.debug_rnglists)
     ea7      ea7       2e     1         /var/folders/kj/86rz2n1d4kj64kbl5kf0zrdh0000gn/T/rustckcRhJ1/libnetx_sys-45ba70a37874cb53.rlib(nx_utility.c.obj):(.debug_rnglists)
     ed5      ed5       14     1         /var/folders/kj/86rz2n1d4kj64kbl5kf0zrdh0000gn/T/rustckcRhJ1/libnetx_sys-45ba70a37874cb53.rlib(nx_ip_interface_address_set.c.obj):(.debug_rnglists)
     ee9      ee9       13     1         /var/folders/kj/86rz2n1d4kj64kbl5kf0zrdh0000gn/T/rustckcRhJ1/libnetx_sys-45ba70a37874cb53.rlib(nx_ip_gateway_address_clear.c.obj):(.debug_rnglists)
     efc      efc       49     1         /var/folders/kj/86rz2n1d4kj64kbl5kf0zrdh0000gn/T/rustckcRhJ1/libnetx_sys-45ba70a37874cb53.rlib(nx_udp_socket_receive.c.obj):(.debug_rnglists)
     f45      f45       1f     1         /var/folders/kj/86rz2n1d4kj64kbl5kf0zrdh0000gn/T/rustckcRhJ1/libnetx_sys-45ba70a37874cb53.rlib(nx_udp_receive_cleanup.c.obj):(.debug_rnglists)
     f64      f64       13     1         /var/folders/kj/86rz2n1d4kj64kbl5kf0zrdh0000gn/T/rustckcRhJ1/libnetx_sys-45ba70a37874cb53.rlib(nx_udp_packet_info_extract.c.obj):(.debug_rnglists)
     f77      f77       13     1         /var/folders/kj/86rz2n1d4kj64kbl5kf0zrdh0000gn/T/rustckcRhJ1/libnetx_sys-45ba70a37874cb53.rlib(nxd_udp_packet_info_extract.c.obj):(.debug_rnglists)
     f8a      f8a       13     1         /var/folders/kj/86rz2n1d4kj64kbl5kf0zrdh0000gn/T/rustckcRhJ1/libnetx_sys-45ba70a37874cb53.rlib(nx_packet_data_extract_offset.c.obj):(.debug_rnglists)
     f9d      f9d       13     1         /var/folders/kj/86rz2n1d4kj64kbl5kf0zrdh0000gn/T/rustckcRhJ1/libnetx_sys-45ba70a37874cb53.rlib(nx_ip_gateway_address_set.c.obj):(.debug_rnglists)
     fb0      fb0       14     1         /var/folders/kj/86rz2n1d4kj64kbl5kf0zrdh0000gn/T/rustckcRhJ1/libnetx_sys-45ba70a37874cb53.rlib(nx_udp_socket_unbind.c.obj):(.debug_rnglists)
     fc4      fc4       1f     1         /var/folders/kj/86rz2n1d4kj64kbl5kf0zrdh0000gn/T/rustckcRhJ1/libnetx_sys-45ba70a37874cb53.rlib(nx_udp_bind_cleanup.c.obj):(.debug_rnglists)
     fe3      fe3       13     1         /var/folders/kj/86rz2n1d4kj64kbl5kf0zrdh0000gn/T/rustckcRhJ1/libnetx_sys-45ba70a37874cb53.rlib(nx_udp_socket_delete.c.obj):(.debug_rnglists)
     ff6      ff6       2c     1         /var/folders/kj/86rz2n1d4kj64kbl5kf0zrdh0000gn/T/rustckcRhJ1/libnetx_sys-45ba70a37874cb53.rlib(nx_packet_pool_delete.c.obj):(.debug_rnglists)
    1022     1022       38     1         /var/folders/kj/86rz2n1d4kj64kbl5kf0zrdh0000gn/T/rustckcRhJ1/libnetx_sys-45ba70a37874cb53.rlib(nx_udp_socket_bind.c.obj):(.debug_rnglists)
    105a     105a       13     1         /var/folders/kj/86rz2n1d4kj64kbl5kf0zrdh0000gn/T/rustckcRhJ1/libnetx_sys-45ba70a37874cb53.rlib(nx_udp_free_port_find.c.obj):(.debug_rnglists)
    106d     106d       13     1         /var/folders/kj/86rz2n1d4kj64kbl5kf0zrdh0000gn/T/rustckcRhJ1/libnetx_sys-45ba70a37874cb53.rlib(nx_udp_socket_create.c.obj):(.debug_rnglists)
    1080     1080       13     1         /var/folders/kj/86rz2n1d4kj64kbl5kf0zrdh0000gn/T/rustckcRhJ1/libnetx_sys-45ba70a37874cb53.rlib(nx_udp_socket_receive_notify.c.obj):(.debug_rnglists)
    1093     1093       13     1         /var/folders/kj/86rz2n1d4kj64kbl5kf0zrdh0000gn/T/rustckcRhJ1/libnetx_sys-45ba70a37874cb53.rlib(nxe_packet_allocate.c.obj):(.debug_rnglists)
    10a6     10a6       13     1         /var/folders/kj/86rz2n1d4kj64kbl5kf0zrdh0000gn/T/rustckcRhJ1/libnetx_sys-45ba70a37874cb53.rlib(nxe_packet_transmit_release.c.obj):(.debug_rnglists)
    10b9     10b9       13     1         /var/folders/kj/86rz2n1d4kj64kbl5kf0zrdh0000gn/T/rustckcRhJ1/libnetx_sys-45ba70a37874cb53.rlib(nxe_packet_release.c.obj):(.debug_rnglists)
    10cc     10cc       13     1         /var/folders/kj/86rz2n1d4kj64kbl5kf0zrdh0000gn/T/rustckcRhJ1/libnetx_sys-45ba70a37874cb53.rlib(nxe_arp_dynamic_entries_invalidate.c.obj):(.debug_rnglists)
    10df     10df       13     1         /var/folders/kj/86rz2n1d4kj64kbl5kf0zrdh0000gn/T/rustckcRhJ1/libnetx_sys-45ba70a37874cb53.rlib(nx_arp_dynamic_entries_invalidate.c.obj):(.debug_rnglists)
    10f2     10f2       13     1         /var/folders/kj/86rz2n1d4kj64kbl5kf0zrdh0000gn/T/rustckcRhJ1/libnetx_sys-45ba70a37874cb53.rlib(nx_arp_packet_deferred_receive.c.obj):(.debug_rnglists)
    1105     1105       13     1         /var/folders/kj/86rz2n1d4kj64kbl5kf0zrdh0000gn/T/rustckcRhJ1/libnetx_sys-45ba70a37874cb53.rlib(nx_rarp_packet_deferred_receive.c.obj):(.debug_rnglists)
    1118     1118       13     1         /var/folders/kj/86rz2n1d4kj64kbl5kf0zrdh0000gn/T/rustckcRhJ1/libthreadx_sys-fc5684a645a0a08d.rlib(tx_event_flags_create.c.obj):(.debug_rnglists)
    112b     112b       3b     1         /var/folders/kj/86rz2n1d4kj64kbl5kf0zrdh0000gn/T/rustckcRhJ1/libthreadx_sys-fc5684a645a0a08d.rlib(tx_event_flags_get.c.obj):(.debug_rnglists)
    1166     1166       2c     1         /var/folders/kj/86rz2n1d4kj64kbl5kf0zrdh0000gn/T/rustckcRhJ1/libthreadx_sys-fc5684a645a0a08d.rlib(tx_event_flags_cleanup.c.obj):(.debug_rnglists)
    1192     1192       3d     1         /var/folders/kj/86rz2n1d4kj64kbl5kf0zrdh0000gn/T/rustckcRhJ1/libthreadx_sys-fc5684a645a0a08d.rlib(tx_event_flags_set.c.obj):(.debug_rnglists)
    11cf     11cf       13     1         /var/folders/kj/86rz2n1d4kj64kbl5kf0zrdh0000gn/T/rustckcRhJ1/libthreadx_sys-fc5684a645a0a08d.rlib(tx_initialize_high_level.c.obj):(.debug_rnglists)
    11e2     11e2       13     1         /var/folders/kj/86rz2n1d4kj64kbl5kf0zrdh0000gn/T/rustckcRhJ1/libthreadx_sys-fc5684a645a0a08d.rlib(tx_initialize_kernel_enter.c.obj):(.debug_rnglists)
    11f5     11f5       13     1         /var/folders/kj/86rz2n1d4kj64kbl5kf0zrdh0000gn/T/rustckcRhJ1/libthreadx_sys-fc5684a645a0a08d.rlib(tx_mutex_create.c.obj):(.debug_rnglists)
    1208     1208       4a     1         /var/folders/kj/86rz2n1d4kj64kbl5kf0zrdh0000gn/T/rustckcRhJ1/libthreadx_sys-fc5684a645a0a08d.rlib(tx_mutex_cleanup.c.obj):(.debug_rnglists)
    1252     1252       38     1         /var/folders/kj/86rz2n1d4kj64kbl5kf0zrdh0000gn/T/rustckcRhJ1/libthreadx_sys-fc5684a645a0a08d.rlib(tx_mutex_get.c.obj):(.debug_rnglists)
    128a     128a       38     1         /var/folders/kj/86rz2n1d4kj64kbl5kf0zrdh0000gn/T/rustckcRhJ1/libthreadx_sys-fc5684a645a0a08d.rlib(tx_mutex_priority_change.c.obj):(.debug_rnglists)
    12c2     12c2       14     1         /var/folders/kj/86rz2n1d4kj64kbl5kf0zrdh0000gn/T/rustckcRhJ1/libthreadx_sys-fc5684a645a0a08d.rlib(tx_mutex_put.c.obj):(.debug_rnglists)
    12d6     12d6       2c     1         /var/folders/kj/86rz2n1d4kj64kbl5kf0zrdh0000gn/T/rustckcRhJ1/libthreadx_sys-fc5684a645a0a08d.rlib(tx_mutex_prioritize.c.obj):(.debug_rnglists)
    1302     1302       20     1         /var/folders/kj/86rz2n1d4kj64kbl5kf0zrdh0000gn/T/rustckcRhJ1/libthreadx_sys-fc5684a645a0a08d.rlib(tx_thread_create.c.obj):(.debug_rnglists)
    1322     1322       13     1         /var/folders/kj/86rz2n1d4kj64kbl5kf0zrdh0000gn/T/rustckcRhJ1/libthreadx_sys-fc5684a645a0a08d.rlib(tx_thread_identify.c.obj):(.debug_rnglists)
    1335     1335       2b     1         /var/folders/kj/86rz2n1d4kj64kbl5kf0zrdh0000gn/T/rustckcRhJ1/libthreadx_sys-fc5684a645a0a08d.rlib(tx_thread_info_get.c.obj):(.debug_rnglists)
    1360     1360       13     1         /var/folders/kj/86rz2n1d4kj64kbl5kf0zrdh0000gn/T/rustckcRhJ1/libthreadx_sys-fc5684a645a0a08d.rlib(tx_thread_initialize.c.obj):(.debug_rnglists)
    1373     1373       38     1         /var/folders/kj/86rz2n1d4kj64kbl5kf0zrdh0000gn/T/rustckcRhJ1/libthreadx_sys-fc5684a645a0a08d.rlib(tx_thread_preemption_change.c.obj):(.debug_rnglists)
    13ab     13ab       13     1         /var/folders/kj/86rz2n1d4kj64kbl5kf0zrdh0000gn/T/rustckcRhJ1/libthreadx_sys-fc5684a645a0a08d.rlib(tx_thread_shell_entry.c.obj):(.debug_rnglists)
    13be     13be       2b     1         /var/folders/kj/86rz2n1d4kj64kbl5kf0zrdh0000gn/T/rustckcRhJ1/libthreadx_sys-fc5684a645a0a08d.rlib(tx_thread_sleep.c.obj):(.debug_rnglists)
    13e9     13e9       13     1         /var/folders/kj/86rz2n1d4kj64kbl5kf0zrdh0000gn/T/rustckcRhJ1/libthreadx_sys-fc5684a645a0a08d.rlib(tx_thread_system_preempt_check.c.obj):(.debug_rnglists)
    13fc     13fc       2c     1         /var/folders/kj/86rz2n1d4kj64kbl5kf0zrdh0000gn/T/rustckcRhJ1/libthreadx_sys-fc5684a645a0a08d.rlib(tx_thread_system_resume.c.obj):(.debug_rnglists)
    1428     1428       14     1         /var/folders/kj/86rz2n1d4kj64kbl5kf0zrdh0000gn/T/rustckcRhJ1/libthreadx_sys-fc5684a645a0a08d.rlib(tx_thread_system_suspend.c.obj):(.debug_rnglists)
    143c     143c       1f     1         /var/folders/kj/86rz2n1d4kj64kbl5kf0zrdh0000gn/T/rustckcRhJ1/libthreadx_sys-fc5684a645a0a08d.rlib(tx_thread_time_slice.c.obj):(.debug_rnglists)
    145b     145b       13     1         /var/folders/kj/86rz2n1d4kj64kbl5kf0zrdh0000gn/T/rustckcRhJ1/libthreadx_sys-fc5684a645a0a08d.rlib(tx_thread_timeout.c.obj):(.debug_rnglists)
    146e     146e       13     1         /var/folders/kj/86rz2n1d4kj64kbl5kf0zrdh0000gn/T/rustckcRhJ1/libthreadx_sys-fc5684a645a0a08d.rlib(tx_time_get.c.obj):(.debug_rnglists)
    1481     1481       20     1         /var/folders/kj/86rz2n1d4kj64kbl5kf0zrdh0000gn/T/rustckcRhJ1/libthreadx_sys-fc5684a645a0a08d.rlib(tx_timer_create.c.obj):(.debug_rnglists)
    14a1     14a1       13     1         /var/folders/kj/86rz2n1d4kj64kbl5kf0zrdh0000gn/T/rustckcRhJ1/libthreadx_sys-fc5684a645a0a08d.rlib(tx_timer_expiration_process.c.obj):(.debug_rnglists)
    14b4     14b4       14     1         /var/folders/kj/86rz2n1d4kj64kbl5kf0zrdh0000gn/T/rustckcRhJ1/libthreadx_sys-fc5684a645a0a08d.rlib(tx_timer_initialize.c.obj):(.debug_rnglists)
    14c8     14c8       13     1         /var/folders/kj/86rz2n1d4kj64kbl5kf0zrdh0000gn/T/rustckcRhJ1/libthreadx_sys-fc5684a645a0a08d.rlib(tx_timer_system_activate.c.obj):(.debug_rnglists)
    14db     14db       13     1         /var/folders/kj/86rz2n1d4kj64kbl5kf0zrdh0000gn/T/rustckcRhJ1/libthreadx_sys-fc5684a645a0a08d.rlib(tx_timer_system_deactivate.c.obj):(.debug_rnglists)
    14ee     14ee       20     1         /var/folders/kj/86rz2n1d4kj64kbl5kf0zrdh0000gn/T/rustckcRhJ1/libthreadx_sys-fc5684a645a0a08d.rlib(tx_timer_thread_entry.c.obj):(.debug_rnglists)
    150e     150e       68     1         /var/folders/kj/86rz2n1d4kj64kbl5kf0zrdh0000gn/T/rustckcRhJ1/libthreadx_sys-fc5684a645a0a08d.rlib(txe_event_flags_create.c.obj):(.debug_rnglists)
    1576     1576       13     1         /var/folders/kj/86rz2n1d4kj64kbl5kf0zrdh0000gn/T/rustckcRhJ1/libthreadx_sys-fc5684a645a0a08d.rlib(txe_event_flags_delete.c.obj):(.debug_rnglists)
    1589     1589       2c     1         /var/folders/kj/86rz2n1d4kj64kbl5kf0zrdh0000gn/T/rustckcRhJ1/libthreadx_sys-fc5684a645a0a08d.rlib(tx_event_flags_delete.c.obj):(.debug_rnglists)
    15b5     15b5       13     1         /var/folders/kj/86rz2n1d4kj64kbl5kf0zrdh0000gn/T/rustckcRhJ1/libthreadx_sys-fc5684a645a0a08d.rlib(txe_event_flags_get.c.obj):(.debug_rnglists)
    15c8     15c8       13     1         /var/folders/kj/86rz2n1d4kj64kbl5kf0zrdh0000gn/T/rustckcRhJ1/libthreadx_sys-fc5684a645a0a08d.rlib(txe_event_flags_set.c.obj):(.debug_rnglists)
    15db     15db       68     1         /var/folders/kj/86rz2n1d4kj64kbl5kf0zrdh0000gn/T/rustckcRhJ1/libthreadx_sys-fc5684a645a0a08d.rlib(txe_mutex_create.c.obj):(.debug_rnglists)
    1643     1643       13     1         /var/folders/kj/86rz2n1d4kj64kbl5kf0zrdh0000gn/T/rustckcRhJ1/libthreadx_sys-fc5684a645a0a08d.rlib(txe_mutex_delete.c.obj):(.debug_rnglists)
    1656     1656       2c     1         /var/folders/kj/86rz2n1d4kj64kbl5kf0zrdh0000gn/T/rustckcRhJ1/libthreadx_sys-fc5684a645a0a08d.rlib(tx_mutex_delete.c.obj):(.debug_rnglists)
    1682     1682       13     1         /var/folders/kj/86rz2n1d4kj64kbl5kf0zrdh0000gn/T/rustckcRhJ1/libthreadx_sys-fc5684a645a0a08d.rlib(txe_mutex_get.c.obj):(.debug_rnglists)
    1695     1695       13     1         /var/folders/kj/86rz2n1d4kj64kbl5kf0zrdh0000gn/T/rustckcRhJ1/libthreadx_sys-fc5684a645a0a08d.rlib(txe_mutex_put.c.obj):(.debug_rnglists)
    16a8     16a8       56     1         /var/folders/kj/86rz2n1d4kj64kbl5kf0zrdh0000gn/T/rustckcRhJ1/libthreadx_sys-fc5684a645a0a08d.rlib(txe_queue_create.c.obj):(.debug_rnglists)
    16fe     16fe       13     1         /var/folders/kj/86rz2n1d4kj64kbl5kf0zrdh0000gn/T/rustckcRhJ1/libthreadx_sys-fc5684a645a0a08d.rlib(tx_queue_create.c.obj):(.debug_rnglists)
    1711     1711       13     1         /var/folders/kj/86rz2n1d4kj64kbl5kf0zrdh0000gn/T/rustckcRhJ1/libthreadx_sys-fc5684a645a0a08d.rlib(txe_queue_delete.c.obj):(.debug_rnglists)
    1724     1724       2c     1         /var/folders/kj/86rz2n1d4kj64kbl5kf0zrdh0000gn/T/rustckcRhJ1/libthreadx_sys-fc5684a645a0a08d.rlib(tx_queue_delete.c.obj):(.debug_rnglists)
    1750     1750       13     1         /var/folders/kj/86rz2n1d4kj64kbl5kf0zrdh0000gn/T/rustckcRhJ1/libthreadx_sys-fc5684a645a0a08d.rlib(txe_queue_receive.c.obj):(.debug_rnglists)
    1763     1763       14     1         /var/folders/kj/86rz2n1d4kj64kbl5kf0zrdh0000gn/T/rustckcRhJ1/libthreadx_sys-fc5684a645a0a08d.rlib(tx_queue_receive.c.obj):(.debug_rnglists)
    1777     1777       2c     1         /var/folders/kj/86rz2n1d4kj64kbl5kf0zrdh0000gn/T/rustckcRhJ1/libthreadx_sys-fc5684a645a0a08d.rlib(tx_queue_cleanup.c.obj):(.debug_rnglists)
    17a3     17a3       13     1         /var/folders/kj/86rz2n1d4kj64kbl5kf0zrdh0000gn/T/rustckcRhJ1/libthreadx_sys-fc5684a645a0a08d.rlib(txe_queue_send.c.obj):(.debug_rnglists)
    17b6     17b6       14     1         /var/folders/kj/86rz2n1d4kj64kbl5kf0zrdh0000gn/T/rustckcRhJ1/libthreadx_sys-fc5684a645a0a08d.rlib(tx_queue_send.c.obj):(.debug_rnglists)
    17ca     17ca       2c     1         /var/folders/kj/86rz2n1d4kj64kbl5kf0zrdh0000gn/T/rustckcRhJ1/libthreadx_sys-fc5684a645a0a08d.rlib(txe_semaphore_create.c.obj):(.debug_rnglists)
    17f6     17f6       13     1         /var/folders/kj/86rz2n1d4kj64kbl5kf0zrdh0000gn/T/rustckcRhJ1/libthreadx_sys-fc5684a645a0a08d.rlib(tx_semaphore_create.c.obj):(.debug_rnglists)
    1809     1809       13     1         /var/folders/kj/86rz2n1d4kj64kbl5kf0zrdh0000gn/T/rustckcRhJ1/libthreadx_sys-fc5684a645a0a08d.rlib(txe_semaphore_delete.c.obj):(.debug_rnglists)
    181c     181c       2c     1         /var/folders/kj/86rz2n1d4kj64kbl5kf0zrdh0000gn/T/rustckcRhJ1/libthreadx_sys-fc5684a645a0a08d.rlib(tx_semaphore_delete.c.obj):(.debug_rnglists)
    1848     1848       13     1         /var/folders/kj/86rz2n1d4kj64kbl5kf0zrdh0000gn/T/rustckcRhJ1/libthreadx_sys-fc5684a645a0a08d.rlib(txe_semaphore_get.c.obj):(.debug_rnglists)
    185b     185b       2c     1         /var/folders/kj/86rz2n1d4kj64kbl5kf0zrdh0000gn/T/rustckcRhJ1/libthreadx_sys-fc5684a645a0a08d.rlib(tx_semaphore_get.c.obj):(.debug_rnglists)
    1887     1887       2c     1         /var/folders/kj/86rz2n1d4kj64kbl5kf0zrdh0000gn/T/rustckcRhJ1/libthreadx_sys-fc5684a645a0a08d.rlib(tx_semaphore_cleanup.c.obj):(.debug_rnglists)
    18b3     18b3       13     1         /var/folders/kj/86rz2n1d4kj64kbl5kf0zrdh0000gn/T/rustckcRhJ1/libthreadx_sys-fc5684a645a0a08d.rlib(txe_semaphore_put.c.obj):(.debug_rnglists)
    18c6     18c6       2b     1         /var/folders/kj/86rz2n1d4kj64kbl5kf0zrdh0000gn/T/rustckcRhJ1/libthreadx_sys-fc5684a645a0a08d.rlib(tx_semaphore_put.c.obj):(.debug_rnglists)
    18f1     18f1       2c     1         /var/folders/kj/86rz2n1d4kj64kbl5kf0zrdh0000gn/T/rustckcRhJ1/libthreadx_sys-fc5684a645a0a08d.rlib(txe_thread_create.c.obj):(.debug_rnglists)
    191d     191d       13     1         /var/folders/kj/86rz2n1d4kj64kbl5kf0zrdh0000gn/T/rustckcRhJ1/libthreadx_sys-fc5684a645a0a08d.rlib(txe_thread_delete.c.obj):(.debug_rnglists)
    1930     1930       1f     1         /var/folders/kj/86rz2n1d4kj64kbl5kf0zrdh0000gn/T/rustckcRhJ1/libthreadx_sys-fc5684a645a0a08d.rlib(tx_thread_delete.c.obj):(.debug_rnglists)
    194f     194f       13     1         /var/folders/kj/86rz2n1d4kj64kbl5kf0zrdh0000gn/T/rustckcRhJ1/libthreadx_sys-fc5684a645a0a08d.rlib(txe_thread_resume.c.obj):(.debug_rnglists)
    1962     1962       37     1         /var/folders/kj/86rz2n1d4kj64kbl5kf0zrdh0000gn/T/rustckcRhJ1/libthreadx_sys-fc5684a645a0a08d.rlib(tx_thread_resume.c.obj):(.debug_rnglists)
    1999     1999       13     1         /var/folders/kj/86rz2n1d4kj64kbl5kf0zrdh0000gn/T/rustckcRhJ1/libthreadx_sys-fc5684a645a0a08d.rlib(txe_thread_suspend.c.obj):(.debug_rnglists)
    19ac     19ac       2b     1         /var/folders/kj/86rz2n1d4kj64kbl5kf0zrdh0000gn/T/rustckcRhJ1/libthreadx_sys-fc5684a645a0a08d.rlib(tx_thread_suspend.c.obj):(.debug_rnglists)
    19d7     19d7       13     1         /var/folders/kj/86rz2n1d4kj64kbl5kf0zrdh0000gn/T/rustckcRhJ1/libthreadx_sys-fc5684a645a0a08d.rlib(txe_thread_terminate.c.obj):(.debug_rnglists)
    19ea     19ea       2c     1         /var/folders/kj/86rz2n1d4kj64kbl5kf0zrdh0000gn/T/rustckcRhJ1/libthreadx_sys-fc5684a645a0a08d.rlib(tx_thread_terminate.c.obj):(.debug_rnglists)
    1a16     1a16       13     1         /var/folders/kj/86rz2n1d4kj64kbl5kf0zrdh0000gn/T/rustckcRhJ1/libthreadx_sys-fc5684a645a0a08d.rlib(txe_timer_activate.c.obj):(.debug_rnglists)
    1a29     1a29       37     1         /var/folders/kj/86rz2n1d4kj64kbl5kf0zrdh0000gn/T/rustckcRhJ1/libthreadx_sys-fc5684a645a0a08d.rlib(tx_timer_activate.c.obj):(.debug_rnglists)
    1a60     1a60       56     1         /var/folders/kj/86rz2n1d4kj64kbl5kf0zrdh0000gn/T/rustckcRhJ1/libthreadx_sys-fc5684a645a0a08d.rlib(txe_timer_create.c.obj):(.debug_rnglists)
    1ab6     1ab6       13     1         /var/folders/kj/86rz2n1d4kj64kbl5kf0zrdh0000gn/T/rustckcRhJ1/libthreadx_sys-fc5684a645a0a08d.rlib(txe_timer_deactivate.c.obj):(.debug_rnglists)
    1ac9     1ac9       20     1         /var/folders/kj/86rz2n1d4kj64kbl5kf0zrdh0000gn/T/rustckcRhJ1/libthreadx_sys-fc5684a645a0a08d.rlib(tx_timer_deactivate.c.obj):(.debug_rnglists)
    1ae9     1ae9       13     1         /var/folders/kj/86rz2n1d4kj64kbl5kf0zrdh0000gn/T/rustckcRhJ1/libthreadx_sys-fc5684a645a0a08d.rlib(txe_timer_delete.c.obj):(.debug_rnglists)
    1afc     1afc       37     1         /var/folders/kj/86rz2n1d4kj64kbl5kf0zrdh0000gn/T/rustckcRhJ1/libthreadx_sys-fc5684a645a0a08d.rlib(tx_timer_delete.c.obj):(.debug_rnglists)
       0        0      152     1 .debug_line_str
       0        0      152     1         <internal>:(.debug_line_str)
       0        0      2be     1 .debug_pubnames
       0        0      2be     1         /var/folders/kj/86rz2n1d4kj64kbl5kf0zrdh0000gn/T/rustckcRhJ1/libcortex_m-89615d04159fa5ba.rlib(bin/thumbv7em-none-eabihf.o):(.debug_pubnames)
       0        0       47     1 .debug_pubtypes
       0        0       47     1         /var/folders/kj/86rz2n1d4kj64kbl5kf0zrdh0000gn/T/rustckcRhJ1/libcortex_m-89615d04159fa5ba.rlib(bin/thumbv7em-none-eabihf.o):(.debug_pubtypes)
       0        0     80c0     4 .symtab
       0        0     80c0     4         <internal>:(.symtab)
       0        0      12d     1 .shstrtab
       0        0      12d     1         <internal>:(.shstrtab)
       0        0     95f6     1 .strtab
       0        0     95f6     1         <internal>:(.strtab)
